[2.920s] Invoking command in '/home/jonnydang2004/QUADRAPED/src/quadruped_servo': PYTHONPATH=/home/jonnydang2004/QUADRAPED/build/quadruped_servo/prefix_override:/home/jonnydang2004/QUADRAPED/install/quadruped_servo/lib/python3.10/site-packages:${PYTHONPATH} /usr/bin/python3 -W ignore:setup.py install is deprecated setup.py egg_info --egg-base ../../build/quadruped_servo build --build-base /home/jonnydang2004/QUADRAPED/build/quadruped_servo/build install --record /home/jonnydang2004/QUADRAPED/build/quadruped_servo/install.log --single-version-externally-managed install_data
[4.088s] running egg_info
[4.091s] writing ../../build/quadruped_servo/quadruped_servo.egg-info/PKG-INFO
[4.094s] writing dependency_links to ../../build/quadruped_servo/quadruped_servo.egg-info/dependency_links.txt
[4.096s] writing entry points to ../../build/quadruped_servo/quadruped_servo.egg-info/entry_points.txt
[4.098s] writing requirements to ../../build/quadruped_servo/quadruped_servo.egg-info/requires.txt
[4.101s] writing top-level names to ../../build/quadruped_servo/quadruped_servo.egg-info/top_level.txt
[4.106s] reading manifest file '../../build/quadruped_servo/quadruped_servo.egg-info/SOURCES.txt'
[4.107s] adding license file 'LICENSE'
[4.110s] writing manifest file '../../build/quadruped_servo/quadruped_servo.egg-info/SOURCES.txt'
[4.118s] running build
[4.119s] running build_py
[4.120s] running install
[4.122s] running install_lib
[4.125s] running install_data
[4.127s] running install_egg_info
[4.146s] removing '/home/jonnydang2004/QUADRAPED/install/quadruped_servo/lib/python3.10/site-packages/quadruped_servo-0.0.0-py3.10.egg-info' (and everything under it)
[4.154s] Copying ../../build/quadruped_servo/quadruped_servo.egg-info to /home/jonnydang2004/QUADRAPED/install/quadruped_servo/lib/python3.10/site-packages/quadruped_servo-0.0.0-py3.10.egg-info
[4.171s] running install_scripts
[4.323s] Installing servo_node script to /home/jonnydang2004/QUADRAPED/install/quadruped_servo/lib/quadruped_servo
[4.324s] writing list of installed files to '/home/jonnydang2004/QUADRAPED/build/quadruped_servo/install.log'
[4.528s] Invoked command in '/home/jonnydang2004/QUADRAPED/src/quadruped_servo' returned '0': PYTHONPATH=/home/jonnydang2004/QUADRAPED/build/quadruped_servo/prefix_override:/home/jonnydang2004/QUADRAPED/install/quadruped_servo/lib/python3.10/site-packages:${PYTHONPATH} /usr/bin/python3 -W ignore:setup.py install is deprecated setup.py egg_info --egg-base ../../build/quadruped_servo build --build-base /home/jonnydang2004/QUADRAPED/build/quadruped_servo/build install --record /home/jonnydang2004/QUADRAPED/build/quadruped_servo/install.log --single-version-externally-managed install_data
