[35m[1mConsolidate compiler generated dependencies of target motor_config[0m
[ 50%] Built target inverse_kinematics
[ 75%] [32mBuilding CXX object CMakeFiles/motor_config.dir/src/motor_config.cpp.o[0m
[01m[K/home/jonnydang2004/QUADRAPED/src/quadruped_control/src/motor_config.cpp:[m[K In constructor ‘[01m[KMotorConfig::MotorConfig()[m[K’:
[01m[K/home/jonnydang2004/QUADRAPED/src/quadruped_control/src/motor_config.cpp:20:55:[m[K [01;31m[Kerror: [m[Kno matching function for call to ‘[01m[KServo::Servo()[m[K’
   20 |     : Node("motor_config"), pwm_max(2400), pwm_min(370[01;31m[K)[m[K
      |                                                       [01;31m[K^[m[K
In file included from [01m[K/home/jonnydang2004/QUADRAPED/src/quadruped_control/src/motor_config.cpp:7[m[K:
[01m[K/home/jonnydang2004/QUADRAPED/src/quadruped_control/src/servo.h:7:5:[m[K [01;36m[Knote: [m[Kcandidate: ‘[01m[KServo::Servo(uint8_t)[m[K’
    7 |     [01;36m[KServo[m[K(uint8_t gp);
      |     [01;36m[K^~~~~[m[K
[01m[K/home/jonnydang2004/QUADRAPED/src/quadruped_control/src/servo.h:7:5:[m[K [01;36m[Knote: [m[K  candidate expects 1 argument, 0 provided
[01m[K/home/jonnydang2004/QUADRAPED/src/quadruped_control/src/servo.h:5:7:[m[K [01;36m[Knote: [m[Kcandidate: ‘[01m[Kconstexpr Servo::Servo(const Servo&)[m[K’
    5 | class [01;36m[KServo[m[K {
      |       [01;36m[K^~~~~[m[K
[01m[K/home/jonnydang2004/QUADRAPED/src/quadruped_control/src/servo.h:5:7:[m[K [01;36m[Knote: [m[K  candidate expects 1 argument, 0 provided
[01m[K/home/jonnydang2004/QUADRAPED/src/quadruped_control/src/servo.h:5:7:[m[K [01;36m[Knote: [m[Kcandidate: ‘[01m[Kconstexpr Servo::Servo(Servo&&)[m[K’
[01m[K/home/jonnydang2004/QUADRAPED/src/quadruped_control/src/servo.h:5:7:[m[K [01;36m[Knote: [m[K  candidate expects 1 argument, 0 provided
[01m[K/home/jonnydang2004/QUADRAPED/src/quadruped_control/src/motor_config.cpp:20:55:[m[K [01;31m[Kerror: [m[Kno matching function for call to ‘[01m[KServo::Servo()[m[K’
   20 |     : Node("motor_config"), pwm_max(2400), pwm_min(370[01;31m[K)[m[K
      |                                                       [01;31m[K^[m[K
In file included from [01m[K/home/jonnydang2004/QUADRAPED/src/quadruped_control/src/motor_config.cpp:7[m[K:
[01m[K/home/jonnydang2004/QUADRAPED/src/quadruped_control/src/servo.h:7:5:[m[K [01;36m[Knote: [m[Kcandidate: ‘[01m[KServo::Servo(uint8_t)[m[K’
    7 |     [01;36m[KServo[m[K(uint8_t gp);
      |     [01;36m[K^~~~~[m[K
[01m[K/home/jonnydang2004/QUADRAPED/src/quadruped_control/src/servo.h:7:5:[m[K [01;36m[Knote: [m[K  candidate expects 1 argument, 0 provided
[01m[K/home/jonnydang2004/QUADRAPED/src/quadruped_control/src/servo.h:5:7:[m[K [01;36m[Knote: [m[Kcandidate: ‘[01m[Kconstexpr Servo::Servo(const Servo&)[m[K’
    5 | class [01;36m[KServo[m[K {
      |       [01;36m[K^~~~~[m[K
[01m[K/home/jonnydang2004/QUADRAPED/src/quadruped_control/src/servo.h:5:7:[m[K [01;36m[Knote: [m[K  candidate expects 1 argument, 0 provided
[01m[K/home/jonnydang2004/QUADRAPED/src/quadruped_control/src/servo.h:5:7:[m[K [01;36m[Knote: [m[Kcandidate: ‘[01m[Kconstexpr Servo::Servo(Servo&&)[m[K’
[01m[K/home/jonnydang2004/QUADRAPED/src/quadruped_control/src/servo.h:5:7:[m[K [01;36m[Knote: [m[K  candidate expects 1 argument, 0 provided
[01m[K/home/jonnydang2004/QUADRAPED/src/quadruped_control/src/motor_config.cpp:20:55:[m[K [01;31m[Kerror: [m[Kno matching function for call to ‘[01m[KServo::Servo()[m[K’
   20 |     : Node("motor_config"), pwm_max(2400), pwm_min(370[01;31m[K)[m[K
      |                                                       [01;31m[K^[m[K
In file included from [01m[K/home/jonnydang2004/QUADRAPED/src/quadruped_control/src/motor_config.cpp:7[m[K:
[01m[K/home/jonnydang2004/QUADRAPED/src/quadruped_control/src/servo.h:7:5:[m[K [01;36m[Knote: [m[Kcandidate: ‘[01m[KServo::Servo(uint8_t)[m[K’
    7 |     [01;36m[KServo[m[K(uint8_t gp);
      |     [01;36m[K^~~~~[m[K
[01m[K/home/jonnydang2004/QUADRAPED/src/quadruped_control/src/servo.h:7:5:[m[K [01;36m[Knote: [m[K  candidate expects 1 argument, 0 provided
[01m[K/home/jonnydang2004/QUADRAPED/src/quadruped_control/src/servo.h:5:7:[m[K [01;36m[Knote: [m[Kcandidate: ‘[01m[Kconstexpr Servo::Servo(const Servo&)[m[K’
    5 | class [01;36m[KServo[m[K {
      |       [01;36m[K^~~~~[m[K
[01m[K/home/jonnydang2004/QUADRAPED/src/quadruped_control/src/servo.h:5:7:[m[K [01;36m[Knote: [m[K  candidate expects 1 argument, 0 provided
[01m[K/home/jonnydang2004/QUADRAPED/src/quadruped_control/src/servo.h:5:7:[m[K [01;36m[Knote: [m[Kcandidate: ‘[01m[Kconstexpr Servo::Servo(Servo&&)[m[K’
[01m[K/home/jonnydang2004/QUADRAPED/src/quadruped_control/src/servo.h:5:7:[m[K [01;36m[Knote: [m[K  candidate expects 1 argument, 0 provided
[01m[K/home/jonnydang2004/QUADRAPED/src/quadruped_control/src/motor_config.cpp:20:55:[m[K [01;31m[Kerror: [m[Kno matching function for call to ‘[01m[KServo::Servo()[m[K’
   20 |     : Node("motor_config"), pwm_max(2400), pwm_min(370[01;31m[K)[m[K
      |                                                       [01;31m[K^[m[K
In file included from [01m[K/home/jonnydang2004/QUADRAPED/src/quadruped_control/src/motor_config.cpp:7[m[K:
[01m[K/home/jonnydang2004/QUADRAPED/src/quadruped_control/src/servo.h:7:5:[m[K [01;36m[Knote: [m[Kcandidate: ‘[01m[KServo::Servo(uint8_t)[m[K’
    7 |     [01;36m[KServo[m[K(uint8_t gp);
      |     [01;36m[K^~~~~[m[K
[01m[K/home/jonnydang2004/QUADRAPED/src/quadruped_control/src/servo.h:7:5:[m[K [01;36m[Knote: [m[K  candidate expects 1 argument, 0 provided
[01m[K/home/jonnydang2004/QUADRAPED/src/quadruped_control/src/servo.h:5:7:[m[K [01;36m[Knote: [m[Kcandidate: ‘[01m[Kconstexpr Servo::Servo(const Servo&)[m[K’
    5 | class [01;36m[KServo[m[K {
      |       [01;36m[K^~~~~[m[K
[01m[K/home/jonnydang2004/QUADRAPED/src/quadruped_control/src/servo.h:5:7:[m[K [01;36m[Knote: [m[K  candidate expects 1 argument, 0 provided
[01m[K/home/jonnydang2004/QUADRAPED/src/quadruped_control/src/servo.h:5:7:[m[K [01;36m[Knote: [m[Kcandidate: ‘[01m[Kconstexpr Servo::Servo(Servo&&)[m[K’
[01m[K/home/jonnydang2004/QUADRAPED/src/quadruped_control/src/servo.h:5:7:[m[K [01;36m[Knote: [m[K  candidate expects 1 argument, 0 provided
[01m[K/home/jonnydang2004/QUADRAPED/src/quadruped_control/src/motor_config.cpp:20:55:[m[K [01;31m[Kerror: [m[Kno matching function for call to ‘[01m[KServo::Servo()[m[K’
   20 |     : Node("motor_config"), pwm_max(2400), pwm_min(370[01;31m[K)[m[K
      |                                                       [01;31m[K^[m[K
In file included from [01m[K/home/jonnydang2004/QUADRAPED/src/quadruped_control/src/motor_config.cpp:7[m[K:
[01m[K/home/jonnydang2004/QUADRAPED/src/quadruped_control/src/servo.h:7:5:[m[K [01;36m[Knote: [m[Kcandidate: ‘[01m[KServo::Servo(uint8_t)[m[K’
    7 |     [01;36m[KServo[m[K(uint8_t gp);
      |     [01;36m[K^~~~~[m[K
[01m[K/home/jonnydang2004/QUADRAPED/src/quadruped_control/src/servo.h:7:5:[m[K [01;36m[Knote: [m[K  candidate expects 1 argument, 0 provided
[01m[K/home/jonnydang2004/QUADRAPED/src/quadruped_control/src/servo.h:5:7:[m[K [01;36m[Knote: [m[Kcandidate: ‘[01m[Kconstexpr Servo::Servo(const Servo&)[m[K’
    5 | class [01;36m[KServo[m[K {
      |       [01;36m[K^~~~~[m[K
[01m[K/home/jonnydang2004/QUADRAPED/src/quadruped_control/src/servo.h:5:7:[m[K [01;36m[Knote: [m[K  candidate expects 1 argument, 0 provided
[01m[K/home/jonnydang2004/QUADRAPED/src/quadruped_control/src/servo.h:5:7:[m[K [01;36m[Knote: [m[Kcandidate: ‘[01m[Kconstexpr Servo::Servo(Servo&&)[m[K’
[01m[K/home/jonnydang2004/QUADRAPED/src/quadruped_control/src/servo.h:5:7:[m[K [01;36m[Knote: [m[K  candidate expects 1 argument, 0 provided
[01m[K/home/jonnydang2004/QUADRAPED/src/quadruped_control/src/motor_config.cpp:20:55:[m[K [01;31m[Kerror: [m[Kno matching function for call to ‘[01m[KServo::Servo()[m[K’
   20 |     : Node("motor_config"), pwm_max(2400), pwm_min(370[01;31m[K)[m[K
      |                                                       [01;31m[K^[m[K
In file included from [01m[K/home/jonnydang2004/QUADRAPED/src/quadruped_control/src/motor_config.cpp:7[m[K:
[01m[K/home/jonnydang2004/QUADRAPED/src/quadruped_control/src/servo.h:7:5:[m[K [01;36m[Knote: [m[Kcandidate: ‘[01m[KServo::Servo(uint8_t)[m[K’
    7 |     [01;36m[KServo[m[K(uint8_t gp);
      |     [01;36m[K^~~~~[m[K
[01m[K/home/jonnydang2004/QUADRAPED/src/quadruped_control/src/servo.h:7:5:[m[K [01;36m[Knote: [m[K  candidate expects 1 argument, 0 provided
[01m[K/home/jonnydang2004/QUADRAPED/src/quadruped_control/src/servo.h:5:7:[m[K [01;36m[Knote: [m[Kcandidate: ‘[01m[Kconstexpr Servo::Servo(const Servo&)[m[K’
    5 | class [01;36m[KServo[m[K {
      |       [01;36m[K^~~~~[m[K
[01m[K/home/jonnydang2004/QUADRAPED/src/quadruped_control/src/servo.h:5:7:[m[K [01;36m[Knote: [m[K  candidate expects 1 argument, 0 provided
[01m[K/home/jonnydang2004/QUADRAPED/src/quadruped_control/src/servo.h:5:7:[m[K [01;36m[Knote: [m[Kcandidate: ‘[01m[Kconstexpr Servo::Servo(Servo&&)[m[K’
[01m[K/home/jonnydang2004/QUADRAPED/src/quadruped_control/src/servo.h:5:7:[m[K [01;36m[Knote: [m[K  candidate expects 1 argument, 0 provided
[01m[K/home/jonnydang2004/QUADRAPED/src/quadruped_control/src/motor_config.cpp:20:55:[m[K [01;31m[Kerror: [m[Kno matching function for call to ‘[01m[KServo::Servo()[m[K’
   20 |     : Node("motor_config"), pwm_max(2400), pwm_min(370[01;31m[K)[m[K
      |                                                       [01;31m[K^[m[K
In file included from [01m[K/home/jonnydang2004/QUADRAPED/src/quadruped_control/src/motor_config.cpp:7[m[K:
[01m[K/home/jonnydang2004/QUADRAPED/src/quadruped_control/src/servo.h:7:5:[m[K [01;36m[Knote: [m[Kcandidate: ‘[01m[KServo::Servo(uint8_t)[m[K’
    7 |     [01;36m[KServo[m[K(uint8_t gp);
      |     [01;36m[K^~~~~[m[K
[01m[K/home/jonnydang2004/QUADRAPED/src/quadruped_control/src/servo.h:7:5:[m[K [01;36m[Knote: [m[K  candidate expects 1 argument, 0 provided
[01m[K/home/jonnydang2004/QUADRAPED/src/quadruped_control/src/servo.h:5:7:[m[K [01;36m[Knote: [m[Kcandidate: ‘[01m[Kconstexpr Servo::Servo(const Servo&)[m[K’
    5 | class [01;36m[KServo[m[K {
      |       [01;36m[K^~~~~[m[K
[01m[K/home/jonnydang2004/QUADRAPED/src/quadruped_control/src/servo.h:5:7:[m[K [01;36m[Knote: [m[K  candidate expects 1 argument, 0 provided
[01m[K/home/jonnydang2004/QUADRAPED/src/quadruped_control/src/servo.h:5:7:[m[K [01;36m[Knote: [m[Kcandidate: ‘[01m[Kconstexpr Servo::Servo(Servo&&)[m[K’
[01m[K/home/jonnydang2004/QUADRAPED/src/quadruped_control/src/servo.h:5:7:[m[K [01;36m[Knote: [m[K  candidate expects 1 argument, 0 provided
[01m[K/home/jonnydang2004/QUADRAPED/src/quadruped_control/src/motor_config.cpp:20:55:[m[K [01;31m[Kerror: [m[Kno matching function for call to ‘[01m[KServo::Servo()[m[K’
   20 |     : Node("motor_config"), pwm_max(2400), pwm_min(370[01;31m[K)[m[K
      |                                                       [01;31m[K^[m[K
In file included from [01m[K/home/jonnydang2004/QUADRAPED/src/quadruped_control/src/motor_config.cpp:7[m[K:
[01m[K/home/jonnydang2004/QUADRAPED/src/quadruped_control/src/servo.h:7:5:[m[K [01;36m[Knote: [m[Kcandidate: ‘[01m[KServo::Servo(uint8_t)[m[K’
    7 |     [01;36m[KServo[m[K(uint8_t gp);
      |     [01;36m[K^~~~~[m[K
[01m[K/home/jonnydang2004/QUADRAPED/src/quadruped_control/src/servo.h:7:5:[m[K [01;36m[Knote: [m[K  candidate expects 1 argument, 0 provided
[01m[K/home/jonnydang2004/QUADRAPED/src/quadruped_control/src/servo.h:5:7:[m[K [01;36m[Knote: [m[Kcandidate: ‘[01m[Kconstexpr Servo::Servo(const Servo&)[m[K’
    5 | class [01;36m[KServo[m[K {
      |       [01;36m[K^~~~~[m[K
[01m[K/home/jonnydang2004/QUADRAPED/src/quadruped_control/src/servo.h:5:7:[m[K [01;36m[Knote: [m[K  candidate expects 1 argument, 0 provided
[01m[K/home/jonnydang2004/QUADRAPED/src/quadruped_control/src/servo.h:5:7:[m[K [01;36m[Knote: [m[Kcandidate: ‘[01m[Kconstexpr Servo::Servo(Servo&&)[m[K’
[01m[K/home/jonnydang2004/QUADRAPED/src/quadruped_control/src/servo.h:5:7:[m[K [01;36m[Knote: [m[K  candidate expects 1 argument, 0 provided
[01m[K/home/jonnydang2004/QUADRAPED/src/quadruped_control/src/motor_config.cpp:30:9:[m[K [01;31m[Kerror: [m[K‘[01m[Kfront_left_upper[m[K’ was not declared in this scope; did you mean ‘[01m[Kfront_left_upper_servo[m[K’?
   30 |         [01;31m[Kfront_left_upper[m[K = 9;
      |         [01;31m[K^~~~~~~~~~~~~~~~[m[K
      |         [32m[Kfront_left_upper_servo[m[K
[01m[K/home/jonnydang2004/QUADRAPED/src/quadruped_control/src/motor_config.cpp:31:9:[m[K [01;31m[Kerror: [m[K‘[01m[Kfront_left_lower[m[K’ was not declared in this scope; did you mean ‘[01m[Kfront_left_lower_servo[m[K’?
   31 |         [01;31m[Kfront_left_lower[m[K = 8;
      |         [01;31m[K^~~~~~~~~~~~~~~~[m[K
      |         [32m[Kfront_left_lower_servo[m[K
[01m[K/home/jonnydang2004/QUADRAPED/src/quadruped_control/src/motor_config.cpp:33:9:[m[K [01;31m[Kerror: [m[K‘[01m[Kfront_right_upper[m[K’ was not declared in this scope; did you mean ‘[01m[Kfront_right_upper_servo[m[K’?
   33 |         [01;31m[Kfront_right_upper[m[K = 13;
      |         [01;31m[K^~~~~~~~~~~~~~~~~[m[K
      |         [32m[Kfront_right_upper_servo[m[K
[01m[K/home/jonnydang2004/QUADRAPED/src/quadruped_control/src/motor_config.cpp:34:9:[m[K [01;31m[Kerror: [m[K‘[01m[Kfront_right_lower[m[K’ was not declared in this scope; did you mean ‘[01m[Kfront_right_lower_servo[m[K’?
   34 |         [01;31m[Kfront_right_lower[m[K = 12;
      |         [01;31m[K^~~~~~~~~~~~~~~~~[m[K
      |         [32m[Kfront_right_lower_servo[m[K
[01m[K/home/jonnydang2004/QUADRAPED/src/quadruped_control/src/motor_config.cpp:36:9:[m[K [01;31m[Kerror: [m[K‘[01m[Kback_left_upper[m[K’ was not declared in this scope; did you mean ‘[01m[Kback_left_upper_servo[m[K’?
   36 |         [01;31m[Kback_left_upper[m[K = 5;
      |         [01;31m[K^~~~~~~~~~~~~~~[m[K
      |         [32m[Kback_left_upper_servo[m[K
[01m[K/home/jonnydang2004/QUADRAPED/src/quadruped_control/src/motor_config.cpp:37:9:[m[K [01;31m[Kerror: [m[K‘[01m[Kback_left_lower[m[K’ was not declared in this scope; did you mean ‘[01m[Kback_left_lower_servo[m[K’?
   37 |         [01;31m[Kback_left_lower[m[K = 4;
      |         [01;31m[K^~~~~~~~~~~~~~~[m[K
      |         [32m[Kback_left_lower_servo[m[K
[01m[K/home/jonnydang2004/QUADRAPED/src/quadruped_control/src/motor_config.cpp:39:9:[m[K [01;31m[Kerror: [m[K‘[01m[Kback_right_upper[m[K’ was not declared in this scope; did you mean ‘[01m[Kback_right_upper_servo[m[K’?
   39 |         [01;31m[Kback_right_upper[m[K = 1;
      |         [01;31m[K^~~~~~~~~~~~~~~~[m[K
      |         [32m[Kback_right_upper_servo[m[K
[01m[K/home/jonnydang2004/QUADRAPED/src/quadruped_control/src/motor_config.cpp:40:9:[m[K [01;31m[Kerror: [m[K‘[01m[Kback_right_lower[m[K’ was not declared in this scope; did you mean ‘[01m[Kback_right_lower_servo[m[K’?
   40 |         [01;31m[Kback_right_lower[m[K = 0;
      |         [01;31m[K^~~~~~~~~~~~~~~~[m[K
      |         [32m[Kback_right_lower_servo[m[K
[01m[K/home/jonnydang2004/QUADRAPED/src/quadruped_control/src/motor_config.cpp:43:30:[m[K [01;31m[Kerror: [m[Kno match for ‘[01m[Koperator=[m[K’ (operand types are ‘[01m[Kstd::array<std::array<int, 4>, 2>[m[K’ and ‘[01m[K<brace-enclosed initializer list>[m[K’)
   43 |                 {12, 8, 0, 4}[01;31m[K}[m[K;
      |                              [01;31m[K^[m[K
In file included from [01m[K/usr/include/c++/11/tuple:39[m[K,
                 from [01m[K/usr/include/c++/11/bits/unique_ptr.h:37[m[K,
                 from [01m[K/usr/include/c++/11/memory:76[m[K,
                 from [01m[K/opt/ros/iron/include/rclcpp/rclcpp/rclcpp.hpp:165[m[K,
                 from [01m[K/home/jonnydang2004/QUADRAPED/src/quadruped_control/src/motor_config.cpp:1[m[K:
[01m[K/usr/include/c++/11/array:95:12:[m[K [01;36m[Knote: [m[Kcandidate: ‘[01m[Kconstexpr std::array<std::array<int, 4>, 2>& std::array<std::array<int, 4>, 2>::operator=(const std::array<std::array<int, 4>, 2>&)[m[K’
   95 |     struct [01;36m[Karray[m[K
      |            [01;36m[K^~~~~[m[K
[01m[K/usr/include/c++/11/array:95:12:[m[K [01;36m[Knote: [m[K  no known conversion for argument 1 from ‘[01m[K<brace-enclosed initializer list>[m[K’ to ‘[01m[Kconst std::array<std::array<int, 4>, 2>&[m[K’
[01m[K/usr/include/c++/11/array:95:12:[m[K [01;36m[Knote: [m[Kcandidate: ‘[01m[Kconstexpr std::array<std::array<int, 4>, 2>& std::array<std::array<int, 4>, 2>::operator=(std::array<std::array<int, 4>, 2>&&)[m[K’
[01m[K/usr/include/c++/11/array:95:12:[m[K [01;36m[Knote: [m[K  no known conversion for argument 1 from ‘[01m[K<brace-enclosed initializer list>[m[K’ to ‘[01m[Kstd::array<std::array<int, 4>, 2>&&[m[K’
[01m[K/home/jonnydang2004/QUADRAPED/src/quadruped_control/src/motor_config.cpp:63:9:[m[K [01;31m[Kerror: [m[K‘[01m[Kupper_servos[m[K’ was not declared in this scope
   63 |         [01;31m[Kupper_servos[m[K = {front_left_upper_servo, front_right_upper_servo, back_left_upper_servo, back_right_upper_servo};
      |         [01;31m[K^~~~~~~~~~~~[m[K
[01m[K/home/jonnydang2004/QUADRAPED/src/quadruped_control/src/motor_config.cpp:64:9:[m[K [01;31m[Kerror: [m[K‘[01m[Klower_servos[m[K’ was not declared in this scope
   64 |         [01;31m[Klower_servos[m[K = {front_left_lower_servo, front_right_lower_servo, back_left_lower_servo, back_right_lower_servo};
      |         [01;31m[K^~~~~~~~~~~~[m[K
[01m[K/home/jonnydang2004/QUADRAPED/src/quadruped_control/src/motor_config.cpp:68:9:[m[K [01;31m[Kerror: [m[K‘[01m[Ksubscription_angles_[m[K’ was not declared in this scope; did you mean ‘[01m[Ksubscription_[m[K’?
   68 |         [01;31m[Ksubscription_angles_[m[K = this->create_subscription<quadruped_interfaces::msg::Pos>(
      |         [01;31m[K^~~~~~~~~~~~~~~~~~~~[m[K
      |         [32m[Ksubscription_[m[K
[01m[K/home/jonnydang2004/QUADRAPED/src/quadruped_control/src/motor_config.cpp:69:57:[m[K [01;31m[Kerror: [m[K‘[01m[Kangles_callback[m[K’ is not a member of ‘[01m[KMotorConfig[m[K’
   69 |             "joint_angles", 10, std::bind(&MotorConfig::[01;31m[Kangles_callback[m[K, this, std::placeholders::_1)
      |                                                         [01;31m[K^~~~~~~~~~~~~~~[m[K
[01m[K/home/jonnydang2004/QUADRAPED/src/quadruped_control/src/motor_config.cpp:[m[K In member function ‘[01m[Kvoid MotorConfig::gait_callback(quadruped_interfaces::msg::Pos_<std::allocator<void> >::SharedPtr)[m[K’:
[01m[K/home/jonnydang2004/QUADRAPED/src/quadruped_control/src/motor_config.cpp:223:24:[m[K [01;31m[Kerror: [m[K‘[01m[Kupper_servos[m[K’ was not declared in this scope
  223 |         move_abs_angle([01;31m[Kupper_servos[m[K[leg_num/2], angle1);
      |                        [01;31m[K^~~~~~~~~~~~[m[K
[01m[K/home/jonnydang2004/QUADRAPED/src/quadruped_control/src/motor_config.cpp:224:24:[m[K [01;31m[Kerror: [m[K‘[01m[Klower_servos[m[K’ was not declared in this scope
  224 |         move_abs_angle([01;31m[Klower_servos[m[K[leg_num/2], angle2);
      |                        [01;31m[K^~~~~~~~~~~~[m[K
In file included from [01m[K/usr/include/c++/11/bits/stl_algobase.h:71[m[K,
                 from [01m[K/usr/include/c++/11/memory:63[m[K,
                 from [01m[K/opt/ros/iron/include/rclcpp/rclcpp/rclcpp.hpp:165[m[K,
                 from [01m[K/home/jonnydang2004/QUADRAPED/src/quadruped_control/src/motor_config.cpp:1[m[K:
/usr/include/c++/11/bits/predefined_ops.h: In instantiation of ‘[01m[Kbool __gnu_cxx::__ops::_Iter_equals_val<_Value>::operator()(_Iterator) [with _Iterator = __gnu_cxx::__normal_iterator<Servo*, std::vector<Servo> >; _Value = const Servo][m[K’:
[01m[K/usr/include/c++/11/bits/stl_algobase.h:2069:14:[m[K   required from ‘[01m[K_RandomAccessIterator std::__find_if(_RandomAccessIterator, _RandomAccessIterator, _Predicate, std::random_access_iterator_tag) [with _RandomAccessIterator = __gnu_cxx::__normal_iterator<Servo*, std::vector<Servo> >; _Predicate = __gnu_cxx::__ops::_Iter_equals_val<const Servo>][m[K’
[01m[K/usr/include/c++/11/bits/stl_algobase.h:2114:23:[m[K   required from ‘[01m[K_Iterator std::__find_if(_Iterator, _Iterator, _Predicate) [with _Iterator = __gnu_cxx::__normal_iterator<Servo*, std::vector<Servo> >; _Predicate = __gnu_cxx::__ops::_Iter_equals_val<const Servo>][m[K’
[01m[K/usr/include/c++/11/bits/stl_algo.h:3884:28:[m[K   required from ‘[01m[K_IIter std::find(_IIter, _IIter, const _Tp&) [with _IIter = __gnu_cxx::__normal_iterator<Servo*, std::vector<Servo> >; _Tp = Servo][m[K’
[01m[K/home/jonnydang2004/QUADRAPED/src/quadruped_control/src/motor_config.cpp:110:22:[m[K   required from here
[01m[K/usr/include/c++/11/bits/predefined_ops.h:270:24:[m[K [01;31m[Kerror: [m[Kno match for ‘[01m[Koperator==[m[K’ (operand types are ‘[01m[KServo[m[K’ and ‘[01m[Kconst Servo[m[K’)
  270 |         { return [01;31m[K*__it == _M_value[m[K; }
      |                  [01;31m[K~~~~~~^~~~~~~~~~~[m[K
In file included from [01m[K/usr/include/c++/11/bits/stl_algobase.h:67[m[K,
                 from [01m[K/usr/include/c++/11/memory:63[m[K,
                 from [01m[K/opt/ros/iron/include/rclcpp/rclcpp/rclcpp.hpp:165[m[K,
                 from [01m[K/home/jonnydang2004/QUADRAPED/src/quadruped_control/src/motor_config.cpp:1[m[K:
[01m[K/usr/include/c++/11/bits/stl_iterator.h:1155:5:[m[K [01;36m[Knote: [m[Kcandidate: ‘[01m[Ktemplate<class _IteratorL, class _IteratorR, class _Container> bool __gnu_cxx::operator==(const __gnu_cxx::__normal_iterator<_IteratorL, _Container>&, const __gnu_cxx::__normal_iterator<_IteratorR, _Container>&)[m[K’
 1155 |     [01;36m[Koperator[m[K==(const __normal_iterator<_IteratorL, _Container>& __lhs,
      |     [01;36m[K^~~~~~~~[m[K
[01m[K/usr/include/c++/11/bits/stl_iterator.h:1155:5:[m[K [01;36m[Knote: [m[K  template argument deduction/substitution failed:
In file included from [01m[K/usr/include/c++/11/bits/stl_algobase.h:71[m[K,
                 from [01m[K/usr/include/c++/11/memory:63[m[K,
                 from [01m[K/opt/ros/iron/include/rclcpp/rclcpp/rclcpp.hpp:165[m[K,
                 from [01m[K/home/jonnydang2004/QUADRAPED/src/quadruped_control/src/motor_config.cpp:1[m[K:
[01m[K/usr/include/c++/11/bits/predefined_ops.h:270:24:[m[K [01;36m[Knote: [m[K  ‘[01m[KServo[m[K’ is not derived from ‘[01m[Kconst __gnu_cxx::__normal_iterator<_IteratorL, _Container>[m[K’
  270 |         { return [01;36m[K*__it == _M_value[m[K; }
      |                  [01;36m[K~~~~~~^~~~~~~~~~~[m[K
In file included from [01m[K/usr/include/c++/11/bits/stl_algobase.h:67[m[K,
                 from [01m[K/usr/include/c++/11/memory:63[m[K,
                 from [01m[K/opt/ros/iron/include/rclcpp/rclcpp/rclcpp.hpp:165[m[K,
                 from [01m[K/home/jonnydang2004/QUADRAPED/src/quadruped_control/src/motor_config.cpp:1[m[K:
[01m[K/usr/include/c++/11/bits/stl_iterator.h:1163:5:[m[K [01;36m[Knote: [m[Kcandidate: ‘[01m[Ktemplate<class _Iterator, class _Container> bool __gnu_cxx::operator==(const __gnu_cxx::__normal_iterator<_Iterator, _Container>&, const __gnu_cxx::__normal_iterator<_Iterator, _Container>&)[m[K’
 1163 |     [01;36m[Koperator[m[K==(const __normal_iterator<_Iterator, _Container>& __lhs,
      |     [01;36m[K^~~~~~~~[m[K
[01m[K/usr/include/c++/11/bits/stl_iterator.h:1163:5:[m[K [01;36m[Knote: [m[K  template argument deduction/substitution failed:
In file included from [01m[K/usr/include/c++/11/bits/stl_algobase.h:71[m[K,
                 from [01m[K/usr/include/c++/11/memory:63[m[K,
                 from [01m[K/opt/ros/iron/include/rclcpp/rclcpp/rclcpp.hpp:165[m[K,
                 from [01m[K/home/jonnydang2004/QUADRAPED/src/quadruped_control/src/motor_config.cpp:1[m[K:
[01m[K/usr/include/c++/11/bits/predefined_ops.h:270:24:[m[K [01;36m[Knote: [m[K  ‘[01m[KServo[m[K’ is not derived from ‘[01m[Kconst __gnu_cxx::__normal_iterator<_Iterator, _Container>[m[K’
  270 |         { return [01;36m[K*__it == _M_value[m[K; }
      |                  [01;36m[K~~~~~~^~~~~~~~~~~[m[K
gmake[2]: *** [CMakeFiles/motor_config.dir/build.make:76: CMakeFiles/motor_config.dir/src/motor_config.cpp.o] Error 1
gmake[1]: *** [CMakeFiles/Makefile2:165: CMakeFiles/motor_config.dir/all] Error 2
gmake: *** [Makefile:146: all] Error 2
