[0.567s] Invoking command in '/home/jonnydang2004/QUADRAPED/build/quadruped_control': AMENT_PREFIX_PATH=/home/jonnydang2004/QUADRAPED/install/quadruped_interfaces:${AMENT_PREFIX_PATH} CMAKE_PREFIX_PATH=/home/jonnydang2004/QUADRAPED/install/quadruped_interfaces:/opt/ros/iron LD_LIBRARY_PATH=/home/jonnydang2004/QUADRAPED/install/quadruped_interfaces/lib:${LD_LIBRARY_PATH} PYTHONPATH=/home/jonnydang2004/QUADRAPED/install/quadruped_interfaces/lib/python3.10/site-packages:${PYTHONPATH} /usr/bin/cmake --build /home/jonnydang2004/QUADRAPED/build/quadruped_control -- -j4 -l4
[0.652s] [35m[1mConsolidate compiler generated dependencies of target motor_config[0m
[0.699s] [ 50%] Built target inverse_kinematics
[0.707s] [ 75%] [32mBuilding CXX object CMakeFiles/motor_config.dir/src/motor_config.cpp.o[0m
[11.588s] [01m[K/home/jonnydang2004/QUADRAPED/src/quadruped_control/src/motor_config.cpp:[m[K In constructor ‘[01m[KMotorConfig::MotorConfig()[m[K’:
[11.588s] [01m[K/home/jonnydang2004/QUADRAPED/src/quadruped_control/src/motor_config.cpp:43:30:[m[K [01;31m[Kerror: [m[Kno match for ‘[01m[Koperator=[m[K’ (operand types are ‘[01m[Kstd::array<std::array<int, 4>, 2>[m[K’ and ‘[01m[K<brace-enclosed initializer list>[m[K’)
[11.588s]    43 |                 {12, 8, 0, 4}[01;31m[K}[m[K;
[11.588s]       |                              [01;31m[K^[m[K
[11.589s] In file included from [01m[K/usr/include/c++/11/tuple:39[m[K,
[11.589s]                  from [01m[K/usr/include/c++/11/bits/unique_ptr.h:37[m[K,
[11.589s]                  from [01m[K/usr/include/c++/11/memory:76[m[K,
[11.589s]                  from [01m[K/opt/ros/iron/include/rclcpp/rclcpp/rclcpp.hpp:165[m[K,
[11.589s]                  from [01m[K/home/jonnydang2004/QUADRAPED/src/quadruped_control/src/motor_config.cpp:1[m[K:
[11.590s] [01m[K/usr/include/c++/11/array:95:12:[m[K [01;36m[Knote: [m[Kcandidate: ‘[01m[Kconstexpr std::array<std::array<int, 4>, 2>& std::array<std::array<int, 4>, 2>::operator=(const std::array<std::array<int, 4>, 2>&)[m[K’
[11.590s]    95 |     struct [01;36m[Karray[m[K
[11.590s]       |            [01;36m[K^~~~~[m[K
[11.590s] [01m[K/usr/include/c++/11/array:95:12:[m[K [01;36m[Knote: [m[K  no known conversion for argument 1 from ‘[01m[K<brace-enclosed initializer list>[m[K’ to ‘[01m[Kconst std::array<std::array<int, 4>, 2>&[m[K’
[11.590s] [01m[K/usr/include/c++/11/array:95:12:[m[K [01;36m[Knote: [m[Kcandidate: ‘[01m[Kconstexpr std::array<std::array<int, 4>, 2>& std::array<std::array<int, 4>, 2>::operator=(std::array<std::array<int, 4>, 2>&&)[m[K’
[11.590s] [01m[K/usr/include/c++/11/array:95:12:[m[K [01;36m[Knote: [m[K  no known conversion for argument 1 from ‘[01m[K<brace-enclosed initializer list>[m[K’ to ‘[01m[Kstd::array<std::array<int, 4>, 2>&&[m[K’
[11.619s] [01m[K/home/jonnydang2004/QUADRAPED/src/quadruped_control/src/motor_config.cpp:68:9:[m[K [01;31m[Kerror: [m[K‘[01m[Ksubscription_angles_[m[K’ was not declared in this scope; did you mean ‘[01m[Ksubscription_[m[K’?
[11.619s]    68 |         [01;31m[Ksubscription_angles_[m[K = this->create_subscription<quadruped_interfaces::msg::Pos>(
[11.619s]       |         [01;31m[K^~~~~~~~~~~~~~~~~~~~[m[K
[11.620s]       |         [32m[Ksubscription_[m[K
[11.620s] [01m[K/home/jonnydang2004/QUADRAPED/src/quadruped_control/src/motor_config.cpp:69:57:[m[K [01;31m[Kerror: [m[K‘[01m[Kangles_callback[m[K’ is not a member of ‘[01m[KMotorConfig[m[K’
[11.620s]    69 |             "joint_angles", 10, std::bind(&MotorConfig::[01;31m[Kangles_callback[m[K, this, std::placeholders::_1)
[11.620s]       |                                                         [01;31m[K^~~~~~~~~~~~~~~[m[K
[13.649s] In file included from [01m[K/usr/include/c++/11/bits/stl_algobase.h:71[m[K,
[13.649s]                  from [01m[K/usr/include/c++/11/memory:63[m[K,
[13.649s]                  from [01m[K/opt/ros/iron/include/rclcpp/rclcpp/rclcpp.hpp:165[m[K,
[13.650s]                  from [01m[K/home/jonnydang2004/QUADRAPED/src/quadruped_control/src/motor_config.cpp:1[m[K:
[13.651s] /usr/include/c++/11/bits/predefined_ops.h: In instantiation of ‘[01m[Kbool __gnu_cxx::__ops::_Iter_equals_val<_Value>::operator()(_Iterator) [with _Iterator = __gnu_cxx::__normal_iterator<Servo*, std::vector<Servo> >; _Value = const Servo][m[K’:
[13.651s] [01m[K/usr/include/c++/11/bits/stl_algobase.h:2069:14:[m[K   required from ‘[01m[K_RandomAccessIterator std::__find_if(_RandomAccessIterator, _RandomAccessIterator, _Predicate, std::random_access_iterator_tag) [with _RandomAccessIterator = __gnu_cxx::__normal_iterator<Servo*, std::vector<Servo> >; _Predicate = __gnu_cxx::__ops::_Iter_equals_val<const Servo>][m[K’
[13.652s] [01m[K/usr/include/c++/11/bits/stl_algobase.h:2114:23:[m[K   required from ‘[01m[K_Iterator std::__find_if(_Iterator, _Iterator, _Predicate) [with _Iterator = __gnu_cxx::__normal_iterator<Servo*, std::vector<Servo> >; _Predicate = __gnu_cxx::__ops::_Iter_equals_val<const Servo>][m[K’
[13.653s] [01m[K/usr/include/c++/11/bits/stl_algo.h:3884:28:[m[K   required from ‘[01m[K_IIter std::find(_IIter, _IIter, const _Tp&) [with _IIter = __gnu_cxx::__normal_iterator<Servo*, std::vector<Servo> >; _Tp = Servo][m[K’
[13.653s] [01m[K/home/jonnydang2004/QUADRAPED/src/quadruped_control/src/motor_config.cpp:110:22:[m[K   required from here
[13.654s] [01m[K/usr/include/c++/11/bits/predefined_ops.h:270:24:[m[K [01;31m[Kerror: [m[Kno match for ‘[01m[Koperator==[m[K’ (operand types are ‘[01m[KServo[m[K’ and ‘[01m[Kconst Servo[m[K’)
[13.654s]   270 |         { return [01;31m[K*__it == _M_value[m[K; }
[13.654s]       |                  [01;31m[K~~~~~~^~~~~~~~~~~[m[K
[13.654s] In file included from [01m[K/usr/include/c++/11/bits/stl_algobase.h:67[m[K,
[13.654s]                  from [01m[K/usr/include/c++/11/memory:63[m[K,
[13.654s]                  from [01m[K/opt/ros/iron/include/rclcpp/rclcpp/rclcpp.hpp:165[m[K,
[13.654s]                  from [01m[K/home/jonnydang2004/QUADRAPED/src/quadruped_control/src/motor_config.cpp:1[m[K:
[13.655s] [01m[K/usr/include/c++/11/bits/stl_iterator.h:1155:5:[m[K [01;36m[Knote: [m[Kcandidate: ‘[01m[Ktemplate<class _IteratorL, class _IteratorR, class _Container> bool __gnu_cxx::operator==(const __gnu_cxx::__normal_iterator<_IteratorL, _Container>&, const __gnu_cxx::__normal_iterator<_IteratorR, _Container>&)[m[K’
[13.655s]  1155 |     [01;36m[Koperator[m[K==(const __normal_iterator<_IteratorL, _Container>& __lhs,
[13.655s]       |     [01;36m[K^~~~~~~~[m[K
[13.655s] [01m[K/usr/include/c++/11/bits/stl_iterator.h:1155:5:[m[K [01;36m[Knote: [m[K  template argument deduction/substitution failed:
[13.655s] In file included from [01m[K/usr/include/c++/11/bits/stl_algobase.h:71[m[K,
[13.655s]                  from [01m[K/usr/include/c++/11/memory:63[m[K,
[13.656s]                  from [01m[K/opt/ros/iron/include/rclcpp/rclcpp/rclcpp.hpp:165[m[K,
[13.656s]                  from [01m[K/home/jonnydang2004/QUADRAPED/src/quadruped_control/src/motor_config.cpp:1[m[K:
[13.656s] [01m[K/usr/include/c++/11/bits/predefined_ops.h:270:24:[m[K [01;36m[Knote: [m[K  ‘[01m[KServo[m[K’ is not derived from ‘[01m[Kconst __gnu_cxx::__normal_iterator<_IteratorL, _Container>[m[K’
[13.656s]   270 |         { return [01;36m[K*__it == _M_value[m[K; }
[13.656s]       |                  [01;36m[K~~~~~~^~~~~~~~~~~[m[K
[13.657s] In file included from [01m[K/usr/include/c++/11/bits/stl_algobase.h:67[m[K,
[13.657s]                  from [01m[K/usr/include/c++/11/memory:63[m[K,
[13.657s]                  from [01m[K/opt/ros/iron/include/rclcpp/rclcpp/rclcpp.hpp:165[m[K,
[13.657s]                  from [01m[K/home/jonnydang2004/QUADRAPED/src/quadruped_control/src/motor_config.cpp:1[m[K:
[13.657s] [01m[K/usr/include/c++/11/bits/stl_iterator.h:1163:5:[m[K [01;36m[Knote: [m[Kcandidate: ‘[01m[Ktemplate<class _Iterator, class _Container> bool __gnu_cxx::operator==(const __gnu_cxx::__normal_iterator<_Iterator, _Container>&, const __gnu_cxx::__normal_iterator<_Iterator, _Container>&)[m[K’
[13.657s]  1163 |     [01;36m[Koperator[m[K==(const __normal_iterator<_Iterator, _Container>& __lhs,
[13.657s]       |     [01;36m[K^~~~~~~~[m[K
[13.657s] [01m[K/usr/include/c++/11/bits/stl_iterator.h:1163:5:[m[K [01;36m[Knote: [m[K  template argument deduction/substitution failed:
[13.658s] In file included from [01m[K/usr/include/c++/11/bits/stl_algobase.h:71[m[K,
[13.658s]                  from [01m[K/usr/include/c++/11/memory:63[m[K,
[13.658s]                  from [01m[K/opt/ros/iron/include/rclcpp/rclcpp/rclcpp.hpp:165[m[K,
[13.658s]                  from [01m[K/home/jonnydang2004/QUADRAPED/src/quadruped_control/src/motor_config.cpp:1[m[K:
[13.658s] [01m[K/usr/include/c++/11/bits/predefined_ops.h:270:24:[m[K [01;36m[Knote: [m[K  ‘[01m[KServo[m[K’ is not derived from ‘[01m[Kconst __gnu_cxx::__normal_iterator<_Iterator, _Container>[m[K’
[13.658s]   270 |         { return [01;36m[K*__it == _M_value[m[K; }
[13.659s]       |                  [01;36m[K~~~~~~^~~~~~~~~~~[m[K
[14.401s] gmake[2]: *** [CMakeFiles/motor_config.dir/build.make:76: CMakeFiles/motor_config.dir/src/motor_config.cpp.o] Error 1
[14.401s] gmake[1]: *** [CMakeFiles/Makefile2:165: CMakeFiles/motor_config.dir/all] Error 2
[14.402s] gmake: *** [Makefile:146: all] Error 2
[14.406s] Invoked command in '/home/jonnydang2004/QUADRAPED/build/quadruped_control' returned '2': AMENT_PREFIX_PATH=/home/jonnydang2004/QUADRAPED/install/quadruped_interfaces:${AMENT_PREFIX_PATH} CMAKE_PREFIX_PATH=/home/jonnydang2004/QUADRAPED/install/quadruped_interfaces:/opt/ros/iron LD_LIBRARY_PATH=/home/jonnydang2004/QUADRAPED/install/quadruped_interfaces/lib:${LD_LIBRARY_PATH} PYTHONPATH=/home/jonnydang2004/QUADRAPED/install/quadruped_interfaces/lib/python3.10/site-packages:${PYTHONPATH} /usr/bin/cmake --build /home/jonnydang2004/QUADRAPED/build/quadruped_control -- -j4 -l4
