[0.505s] DEBUG:colcon:Command line arguments: ['/usr/bin/colcon', 'build']
[0.506s] DEBUG:colcon:Parsed command line arguments: Namespace(log_base=None, log_level=None, verb_name='build', build_base='build', install_base='install', merge_install=False, symlink_install=False, test_result_base=None, continue_on_error=False, executor='parallel', parallel_workers=4, event_handlers=None, ignore_user_meta=False, metas=['./colcon.meta'], base_paths=['.'], packages_ignore=None, packages_ignore_regex=None, paths=None, packages_up_to=None, packages_up_to_regex=None, packages_above=None, packages_above_and_dependencies=None, packages_above_depth=None, packages_select_by_dep=None, packages_skip_by_dep=None, packages_skip_up_to=None, packages_select_build_failed=False, packages_skip_build_finished=False, packages_select_test_failures=False, packages_skip_test_passed=False, packages_select=None, packages_skip=None, packages_select_regex=None, packages_skip_regex=None, packages_start=None, packages_end=None, allow_overriding=[], cmake_args=None, cmake_target=None, cmake_target_skip_unavailable=False, cmake_clean_cache=False, cmake_clean_first=False, cmake_force_configure=False, ament_cmake_args=None, catkin_cmake_args=None, catkin_skip_building_tests=False, mixin_files=None, mixin=None, verb_parser=<colcon_mixin.mixin.mixin_argument.MixinArgumentDecorator object at 0x7f50bc11fd30>, verb_extension=<colcon_core.verb.build.BuildVerb object at 0x7f50bc11f4c0>, main=<bound method BuildVerb.main of <colcon_core.verb.build.BuildVerb object at 0x7f50bc11f4c0>>, mixin_verb=('build',))
[1.064s] Level 1:colcon.colcon_core.package_discovery:discover_packages(colcon_meta) check parameters
[1.064s] Level 1:colcon.colcon_core.package_discovery:discover_packages(recursive) check parameters
[1.064s] Level 1:colcon.colcon_core.package_discovery:discover_packages(ignore) check parameters
[1.064s] Level 1:colcon.colcon_core.package_discovery:discover_packages(path) check parameters
[1.064s] Level 1:colcon.colcon_core.package_discovery:discover_packages(colcon_meta) discover
[1.064s] Level 1:colcon.colcon_core.package_discovery:discover_packages(recursive) discover
[1.064s] INFO:colcon.colcon_core.package_discovery:Crawling recursively for packages in '/home/jonnydang2004/QUADRAPED'
[1.065s] Level 1:colcon.colcon_core.package_identification:_identify(.) by extensions ['ignore', 'ignore_ament_install']
[1.065s] Level 1:colcon.colcon_core.package_identification:_identify(.) by extension 'ignore'
[1.065s] Level 1:colcon.colcon_core.package_identification:_identify(.) by extension 'ignore_ament_install'
[1.065s] Level 1:colcon.colcon_core.package_identification:_identify(.) by extensions ['colcon_pkg']
[1.065s] Level 1:colcon.colcon_core.package_identification:_identify(.) by extension 'colcon_pkg'
[1.065s] Level 1:colcon.colcon_core.package_identification:_identify(.) by extensions ['colcon_meta']
[1.065s] Level 1:colcon.colcon_core.package_identification:_identify(.) by extension 'colcon_meta'
[1.066s] Level 1:colcon.colcon_core.package_identification:_identify(.) by extensions ['ros']
[1.066s] Level 1:colcon.colcon_core.package_identification:_identify(.) by extension 'ros'
[1.091s] Level 1:colcon.colcon_core.package_identification:_identify(.) by extensions ['cmake', 'python']
[1.092s] Level 1:colcon.colcon_core.package_identification:_identify(.) by extension 'cmake'
[1.092s] Level 1:colcon.colcon_core.package_identification:_identify(.) by extension 'python'
[1.092s] Level 1:colcon.colcon_core.package_identification:_identify(.) by extensions ['python_setup_py']
[1.093s] Level 1:colcon.colcon_core.package_identification:_identify(.) by extension 'python_setup_py'
[1.093s] Level 1:colcon.colcon_core.package_identification:_identify(build) by extensions ['ignore', 'ignore_ament_install']
[1.093s] Level 1:colcon.colcon_core.package_identification:_identify(build) by extension 'ignore'
[1.093s] Level 1:colcon.colcon_core.package_identification:_identify(build) ignored
[1.094s] Level 1:colcon.colcon_core.package_identification:_identify(install) by extensions ['ignore', 'ignore_ament_install']
[1.094s] Level 1:colcon.colcon_core.package_identification:_identify(install) by extension 'ignore'
[1.095s] Level 1:colcon.colcon_core.package_identification:_identify(install) ignored
[1.095s] Level 1:colcon.colcon_core.package_identification:_identify(log) by extensions ['ignore', 'ignore_ament_install']
[1.095s] Level 1:colcon.colcon_core.package_identification:_identify(log) by extension 'ignore'
[1.096s] Level 1:colcon.colcon_core.package_identification:_identify(log) ignored
[1.096s] Level 1:colcon.colcon_core.package_identification:_identify(pigpio-74) by extensions ['ignore', 'ignore_ament_install']
[1.097s] Level 1:colcon.colcon_core.package_identification:_identify(pigpio-74) by extension 'ignore'
[1.097s] Level 1:colcon.colcon_core.package_identification:_identify(pigpio-74) by extension 'ignore_ament_install'
[1.097s] Level 1:colcon.colcon_core.package_identification:_identify(pigpio-74) by extensions ['colcon_pkg']
[1.097s] Level 1:colcon.colcon_core.package_identification:_identify(pigpio-74) by extension 'colcon_pkg'
[1.097s] Level 1:colcon.colcon_core.package_identification:_identify(pigpio-74) by extensions ['colcon_meta']
[1.097s] Level 1:colcon.colcon_core.package_identification:_identify(pigpio-74) by extension 'colcon_meta'
[1.098s] Level 1:colcon.colcon_core.package_identification:_identify(pigpio-74) by extensions ['ros']
[1.098s] Level 1:colcon.colcon_core.package_identification:_identify(pigpio-74) by extension 'ros'
[1.098s] Level 1:colcon.colcon_core.package_identification:_identify(pigpio-74) by extensions ['cmake', 'python']
[1.098s] Level 1:colcon.colcon_core.package_identification:_identify(pigpio-74) by extension 'cmake'
[1.110s] Level 1:colcon.colcon_core.package_identification:_identify(pigpio-74) by extension 'python'
[1.110s] DEBUG:colcon.colcon_core.package_identification:Package 'pigpio-74' with type 'cmake' and name 'pigpio'
[1.111s] Level 1:colcon.colcon_core.package_identification:_identify(src) by extensions ['ignore', 'ignore_ament_install']
[1.111s] Level 1:colcon.colcon_core.package_identification:_identify(src) by extension 'ignore'
[1.111s] Level 1:colcon.colcon_core.package_identification:_identify(src) by extension 'ignore_ament_install'
[1.112s] Level 1:colcon.colcon_core.package_identification:_identify(src) by extensions ['colcon_pkg']
[1.112s] Level 1:colcon.colcon_core.package_identification:_identify(src) by extension 'colcon_pkg'
[1.112s] Level 1:colcon.colcon_core.package_identification:_identify(src) by extensions ['colcon_meta']
[1.112s] Level 1:colcon.colcon_core.package_identification:_identify(src) by extension 'colcon_meta'
[1.112s] Level 1:colcon.colcon_core.package_identification:_identify(src) by extensions ['ros']
[1.113s] Level 1:colcon.colcon_core.package_identification:_identify(src) by extension 'ros'
[1.113s] Level 1:colcon.colcon_core.package_identification:_identify(src) by extensions ['cmake', 'python']
[1.113s] Level 1:colcon.colcon_core.package_identification:_identify(src) by extension 'cmake'
[1.113s] Level 1:colcon.colcon_core.package_identification:_identify(src) by extension 'python'
[1.114s] Level 1:colcon.colcon_core.package_identification:_identify(src) by extensions ['python_setup_py']
[1.114s] Level 1:colcon.colcon_core.package_identification:_identify(src) by extension 'python_setup_py'
[1.114s] Level 1:colcon.colcon_core.package_identification:_identify(src/quadruped_control) by extensions ['ignore', 'ignore_ament_install']
[1.115s] Level 1:colcon.colcon_core.package_identification:_identify(src/quadruped_control) by extension 'ignore'
[1.115s] Level 1:colcon.colcon_core.package_identification:_identify(src/quadruped_control) by extension 'ignore_ament_install'
[1.115s] Level 1:colcon.colcon_core.package_identification:_identify(src/quadruped_control) by extensions ['colcon_pkg']
[1.115s] Level 1:colcon.colcon_core.package_identification:_identify(src/quadruped_control) by extension 'colcon_pkg'
[1.116s] Level 1:colcon.colcon_core.package_identification:_identify(src/quadruped_control) by extensions ['colcon_meta']
[1.116s] Level 1:colcon.colcon_core.package_identification:_identify(src/quadruped_control) by extension 'colcon_meta'
[1.116s] Level 1:colcon.colcon_core.package_identification:_identify(src/quadruped_control) by extensions ['ros']
[1.116s] Level 1:colcon.colcon_core.package_identification:_identify(src/quadruped_control) by extension 'ros'
[1.134s] DEBUG:colcon.colcon_core.package_identification:Package 'src/quadruped_control' with type 'ros.ament_cmake' and name 'quadruped_control'
[1.134s] Level 1:colcon.colcon_core.package_identification:_identify(src/quadruped_interfaces) by extensions ['ignore', 'ignore_ament_install']
[1.135s] Level 1:colcon.colcon_core.package_identification:_identify(src/quadruped_interfaces) by extension 'ignore'
[1.135s] Level 1:colcon.colcon_core.package_identification:_identify(src/quadruped_interfaces) by extension 'ignore_ament_install'
[1.135s] Level 1:colcon.colcon_core.package_identification:_identify(src/quadruped_interfaces) by extensions ['colcon_pkg']
[1.135s] Level 1:colcon.colcon_core.package_identification:_identify(src/quadruped_interfaces) by extension 'colcon_pkg'
[1.136s] Level 1:colcon.colcon_core.package_identification:_identify(src/quadruped_interfaces) by extensions ['colcon_meta']
[1.136s] Level 1:colcon.colcon_core.package_identification:_identify(src/quadruped_interfaces) by extension 'colcon_meta'
[1.137s] Level 1:colcon.colcon_core.package_identification:_identify(src/quadruped_interfaces) by extensions ['ros']
[1.137s] Level 1:colcon.colcon_core.package_identification:_identify(src/quadruped_interfaces) by extension 'ros'
[1.138s] DEBUG:colcon.colcon_core.package_identification:Package 'src/quadruped_interfaces' with type 'ros.ament_cmake' and name 'quadruped_interfaces'
[1.138s] Level 1:colcon.colcon_core.package_discovery:discover_packages(recursive) using defaults
[1.139s] Level 1:colcon.colcon_core.package_discovery:discover_packages(ignore) discover
[1.139s] Level 1:colcon.colcon_core.package_discovery:discover_packages(ignore) using defaults
[1.139s] Level 1:colcon.colcon_core.package_discovery:discover_packages(path) discover
[1.139s] Level 1:colcon.colcon_core.package_discovery:discover_packages(path) using defaults
[1.289s] Level 1:colcon.colcon_core.package_discovery:discover_packages(prefix_path) check parameters
[1.290s] Level 1:colcon.colcon_core.package_discovery:discover_packages(prefix_path) discover
[1.320s] DEBUG:colcon.colcon_installed_package_information.package_discovery:Found 333 installed packages in /opt/ros/iron
[1.338s] Level 1:colcon.colcon_core.package_discovery:discover_packages(prefix_path) using defaults
[1.632s] Level 5:colcon.colcon_core.verb:set package 'pigpio' build argument 'cmake_args' from command line to 'None'
[1.632s] Level 5:colcon.colcon_core.verb:set package 'pigpio' build argument 'cmake_target' from command line to 'None'
[1.632s] Level 5:colcon.colcon_core.verb:set package 'pigpio' build argument 'cmake_target_skip_unavailable' from command line to 'False'
[1.632s] Level 5:colcon.colcon_core.verb:set package 'pigpio' build argument 'cmake_clean_cache' from command line to 'False'
[1.632s] Level 5:colcon.colcon_core.verb:set package 'pigpio' build argument 'cmake_clean_first' from command line to 'False'
[1.632s] Level 5:colcon.colcon_core.verb:set package 'pigpio' build argument 'cmake_force_configure' from command line to 'False'
[1.632s] Level 5:colcon.colcon_core.verb:set package 'pigpio' build argument 'ament_cmake_args' from command line to 'None'
[1.632s] Level 5:colcon.colcon_core.verb:set package 'pigpio' build argument 'catkin_cmake_args' from command line to 'None'
[1.632s] Level 5:colcon.colcon_core.verb:set package 'pigpio' build argument 'catkin_skip_building_tests' from command line to 'False'
[1.633s] DEBUG:colcon.colcon_core.verb:Building package 'pigpio' with the following arguments: {'ament_cmake_args': None, 'build_base': '/home/jonnydang2004/QUADRAPED/build/pigpio', 'catkin_cmake_args': None, 'catkin_skip_building_tests': False, 'cmake_args': None, 'cmake_clean_cache': False, 'cmake_clean_first': False, 'cmake_force_configure': False, 'cmake_target': None, 'cmake_target_skip_unavailable': False, 'install_base': '/home/jonnydang2004/QUADRAPED/install/pigpio', 'merge_install': False, 'path': '/home/jonnydang2004/QUADRAPED/pigpio-74', 'symlink_install': False, 'test_result_base': None}
[1.634s] Level 5:colcon.colcon_core.verb:set package 'quadruped_interfaces' build argument 'cmake_args' from command line to 'None'
[1.634s] Level 5:colcon.colcon_core.verb:set package 'quadruped_interfaces' build argument 'cmake_target' from command line to 'None'
[1.634s] Level 5:colcon.colcon_core.verb:set package 'quadruped_interfaces' build argument 'cmake_target_skip_unavailable' from command line to 'False'
[1.635s] Level 5:colcon.colcon_core.verb:set package 'quadruped_interfaces' build argument 'cmake_clean_cache' from command line to 'False'
[1.635s] Level 5:colcon.colcon_core.verb:set package 'quadruped_interfaces' build argument 'cmake_clean_first' from command line to 'False'
[1.635s] Level 5:colcon.colcon_core.verb:set package 'quadruped_interfaces' build argument 'cmake_force_configure' from command line to 'False'
[1.635s] Level 5:colcon.colcon_core.verb:set package 'quadruped_interfaces' build argument 'ament_cmake_args' from command line to 'None'
[1.635s] Level 5:colcon.colcon_core.verb:set package 'quadruped_interfaces' build argument 'catkin_cmake_args' from command line to 'None'
[1.635s] Level 5:colcon.colcon_core.verb:set package 'quadruped_interfaces' build argument 'catkin_skip_building_tests' from command line to 'False'
[1.635s] DEBUG:colcon.colcon_core.verb:Building package 'quadruped_interfaces' with the following arguments: {'ament_cmake_args': None, 'build_base': '/home/jonnydang2004/QUADRAPED/build/quadruped_interfaces', 'catkin_cmake_args': None, 'catkin_skip_building_tests': False, 'cmake_args': None, 'cmake_clean_cache': False, 'cmake_clean_first': False, 'cmake_force_configure': False, 'cmake_target': None, 'cmake_target_skip_unavailable': False, 'install_base': '/home/jonnydang2004/QUADRAPED/install/quadruped_interfaces', 'merge_install': False, 'path': '/home/jonnydang2004/QUADRAPED/src/quadruped_interfaces', 'symlink_install': False, 'test_result_base': None}
[1.636s] Level 5:colcon.colcon_core.verb:set package 'quadruped_control' build argument 'cmake_args' from command line to 'None'
[1.637s] Level 5:colcon.colcon_core.verb:set package 'quadruped_control' build argument 'cmake_target' from command line to 'None'
[1.637s] Level 5:colcon.colcon_core.verb:set package 'quadruped_control' build argument 'cmake_target_skip_unavailable' from command line to 'False'
[1.637s] Level 5:colcon.colcon_core.verb:set package 'quadruped_control' build argument 'cmake_clean_cache' from command line to 'False'
[1.637s] Level 5:colcon.colcon_core.verb:set package 'quadruped_control' build argument 'cmake_clean_first' from command line to 'False'
[1.637s] Level 5:colcon.colcon_core.verb:set package 'quadruped_control' build argument 'cmake_force_configure' from command line to 'False'
[1.637s] Level 5:colcon.colcon_core.verb:set package 'quadruped_control' build argument 'ament_cmake_args' from command line to 'None'
[1.637s] Level 5:colcon.colcon_core.verb:set package 'quadruped_control' build argument 'catkin_cmake_args' from command line to 'None'
[1.638s] Level 5:colcon.colcon_core.verb:set package 'quadruped_control' build argument 'catkin_skip_building_tests' from command line to 'False'
[1.638s] DEBUG:colcon.colcon_core.verb:Building package 'quadruped_control' with the following arguments: {'ament_cmake_args': None, 'build_base': '/home/jonnydang2004/QUADRAPED/build/quadruped_control', 'catkin_cmake_args': None, 'catkin_skip_building_tests': False, 'cmake_args': None, 'cmake_clean_cache': False, 'cmake_clean_first': False, 'cmake_force_configure': False, 'cmake_target': None, 'cmake_target_skip_unavailable': False, 'install_base': '/home/jonnydang2004/QUADRAPED/install/quadruped_control', 'merge_install': False, 'path': '/home/jonnydang2004/QUADRAPED/src/quadruped_control', 'symlink_install': False, 'test_result_base': None}
[1.639s] INFO:colcon.colcon_core.executor:Executing jobs using 'parallel' executor
[1.642s] DEBUG:colcon.colcon_parallel_executor.executor.parallel:run_until_complete
[1.643s] INFO:colcon.colcon_ros.task.ament_cmake.build:Building ROS package in '/home/jonnydang2004/QUADRAPED/src/quadruped_interfaces' with build type 'ament_cmake'
[1.644s] INFO:colcon.colcon_cmake.task.cmake.build:Building CMake package in '/home/jonnydang2004/QUADRAPED/src/quadruped_interfaces'
[1.651s] INFO:colcon.colcon_core.plugin_system:Skipping extension 'colcon_core.shell.bat': Not used on non-Windows systems
[1.652s] INFO:colcon.colcon_core.shell:Skip shell extension 'powershell' for command environment: Not usable outside of PowerShell
[1.652s] DEBUG:colcon.colcon_core.shell:Skip shell extension 'dsv' for command environment
[1.664s] INFO:colcon.colcon_cmake.task.cmake.build:Building CMake package in '/home/jonnydang2004/QUADRAPED/pigpio-74'
[1.665s] INFO:colcon.colcon_core.shell:Skip shell extension 'powershell' for command environment: Not usable outside of PowerShell
[1.666s] DEBUG:colcon.colcon_core.shell:Skip shell extension 'dsv' for command environment
[1.717s] DEBUG:colcon.colcon_core.event_handler.log_command:Invoking command in '/home/jonnydang2004/QUADRAPED/build/quadruped_interfaces': CMAKE_PREFIX_PATH=/opt/ros/iron /usr/bin/cmake --build /home/jonnydang2004/QUADRAPED/build/quadruped_interfaces -- -j4 -l4
[1.735s] DEBUG:colcon.colcon_core.event_handler.log_command:Invoking command in '/home/jonnydang2004/QUADRAPED/build/pigpio': /usr/bin/cmake --build /home/jonnydang2004/QUADRAPED/build/pigpio -- -j4 -l4
[2.758s] DEBUG:colcon.colcon_core.event_handler.log_command:Invoked command in '/home/jonnydang2004/QUADRAPED/build/pigpio' returned '0': /usr/bin/cmake --build /home/jonnydang2004/QUADRAPED/build/pigpio -- -j4 -l4
[3.576s] DEBUG:colcon.colcon_core.event_handler.log_command:Invoking command in '/home/jonnydang2004/QUADRAPED/build/pigpio': /usr/bin/cmake --install /home/jonnydang2004/QUADRAPED/build/pigpio
[3.618s] DEBUG:colcon.colcon_core.event_handler.log_command:Invoked command in '/home/jonnydang2004/QUADRAPED/build/pigpio' returned '1': /usr/bin/cmake --install /home/jonnydang2004/QUADRAPED/build/pigpio
[4.557s] DEBUG:colcon.colcon_parallel_executor.executor.parallel:closing loop
[4.557s] DEBUG:colcon.colcon_parallel_executor.executor.parallel:loop closed
[4.558s] DEBUG:colcon.colcon_parallel_executor.executor.parallel:run_until_complete finished with '1'
[4.558s] DEBUG:colcon.colcon_core.event_reactor:joining thread
[4.695s] INFO:colcon.colcon_core.plugin_system:Skipping extension 'colcon_notification.desktop_notification.notify_send': Could not find 'notify-send'
[4.696s] INFO:colcon.colcon_core.plugin_system:Skipping extension 'colcon_notification.desktop_notification.terminal_notifier': Not used on non-Darwin systems
[4.696s] INFO:colcon.colcon_core.plugin_system:Skipping extension 'colcon_notification.desktop_notification.win32': Not used on non-Windows systems
[4.696s] INFO:colcon.colcon_notification.desktop_notification:Sending desktop notification using 'notify2'
[4.697s] DEBUG:colcon.colcon_notification.desktop_notification.notify2:Failed to initialize notify2: org.freedesktop.DBus.Error.FileNotFound: Failed to connect to socket /run/user/1000/bus: No such file or directory
[4.697s] DEBUG:colcon.colcon_core.event_reactor:joined thread
[4.698s] INFO:colcon.colcon_core.shell:Creating prefix script '/home/jonnydang2004/QUADRAPED/install/local_setup.ps1'
[4.701s] INFO:colcon.colcon_core.shell:Creating prefix util module '/home/jonnydang2004/QUADRAPED/install/_local_setup_util_ps1.py'
[4.704s] INFO:colcon.colcon_core.shell:Creating prefix chain script '/home/jonnydang2004/QUADRAPED/install/setup.ps1'
[4.706s] INFO:colcon.colcon_core.shell:Creating prefix script '/home/jonnydang2004/QUADRAPED/install/local_setup.sh'
[4.708s] INFO:colcon.colcon_core.shell:Creating prefix util module '/home/jonnydang2004/QUADRAPED/install/_local_setup_util_sh.py'
[4.709s] INFO:colcon.colcon_core.shell:Creating prefix chain script '/home/jonnydang2004/QUADRAPED/install/setup.sh'
[4.712s] INFO:colcon.colcon_core.shell:Creating prefix script '/home/jonnydang2004/QUADRAPED/install/local_setup.bash'
[4.714s] INFO:colcon.colcon_core.shell:Creating prefix chain script '/home/jonnydang2004/QUADRAPED/install/setup.bash'
[4.716s] INFO:colcon.colcon_core.shell:Creating prefix script '/home/jonnydang2004/QUADRAPED/install/local_setup.zsh'
[4.718s] INFO:colcon.colcon_core.shell:Creating prefix chain script '/home/jonnydang2004/QUADRAPED/install/setup.zsh'
