[0.384s] DEBUG:colcon:Command line arguments: ['/usr/bin/colcon', 'build']
[0.384s] DEBUG:colcon:Parsed command line arguments: Namespace(log_base=None, log_level=None, verb_name='build', build_base='build', install_base='install', merge_install=False, symlink_install=False, test_result_base=None, continue_on_error=False, executor='parallel', parallel_workers=4, event_handlers=None, ignore_user_meta=False, metas=['./colcon.meta'], base_paths=['.'], packages_ignore=None, packages_ignore_regex=None, paths=None, packages_up_to=None, packages_up_to_regex=None, packages_above=None, packages_above_and_dependencies=None, packages_above_depth=None, packages_select_by_dep=None, packages_skip_by_dep=None, packages_skip_up_to=None, packages_select_build_failed=False, packages_skip_build_finished=False, packages_select_test_failures=False, packages_skip_test_passed=False, packages_select=None, packages_skip=None, packages_select_regex=None, packages_skip_regex=None, packages_start=None, packages_end=None, allow_overriding=[], cmake_args=None, cmake_target=None, cmake_target_skip_unavailable=False, cmake_clean_cache=False, cmake_clean_first=False, cmake_force_configure=False, ament_cmake_args=None, catkin_cmake_args=None, catkin_skip_building_tests=False, mixin_files=None, mixin=None, verb_parser=<colcon_mixin.mixin.mixin_argument.MixinArgumentDecorator object at 0x7f4ca07c7d00>, verb_extension=<colcon_core.verb.build.BuildVerb object at 0x7f4ca07c7490>, main=<bound method BuildVerb.main of <colcon_core.verb.build.BuildVerb object at 0x7f4ca07c7490>>, mixin_verb=('build',))
[0.720s] Level 1:colcon.colcon_core.package_discovery:discover_packages(colcon_meta) check parameters
[0.720s] Level 1:colcon.colcon_core.package_discovery:discover_packages(recursive) check parameters
[0.720s] Level 1:colcon.colcon_core.package_discovery:discover_packages(ignore) check parameters
[0.720s] Level 1:colcon.colcon_core.package_discovery:discover_packages(path) check parameters
[0.720s] Level 1:colcon.colcon_core.package_discovery:discover_packages(colcon_meta) discover
[0.720s] Level 1:colcon.colcon_core.package_discovery:discover_packages(recursive) discover
[0.721s] INFO:colcon.colcon_core.package_discovery:Crawling recursively for packages in '/home/jonnydang2004/QUADRAPED'
[0.721s] Level 1:colcon.colcon_core.package_identification:_identify(.) by extensions ['ignore', 'ignore_ament_install']
[0.721s] Level 1:colcon.colcon_core.package_identification:_identify(.) by extension 'ignore'
[0.721s] Level 1:colcon.colcon_core.package_identification:_identify(.) by extension 'ignore_ament_install'
[0.721s] Level 1:colcon.colcon_core.package_identification:_identify(.) by extensions ['colcon_pkg']
[0.721s] Level 1:colcon.colcon_core.package_identification:_identify(.) by extension 'colcon_pkg'
[0.721s] Level 1:colcon.colcon_core.package_identification:_identify(.) by extensions ['colcon_meta']
[0.722s] Level 1:colcon.colcon_core.package_identification:_identify(.) by extension 'colcon_meta'
[0.722s] Level 1:colcon.colcon_core.package_identification:_identify(.) by extensions ['ros']
[0.722s] Level 1:colcon.colcon_core.package_identification:_identify(.) by extension 'ros'
[0.740s] Level 1:colcon.colcon_core.package_identification:_identify(.) by extensions ['cmake', 'python']
[0.740s] Level 1:colcon.colcon_core.package_identification:_identify(.) by extension 'cmake'
[0.740s] Level 1:colcon.colcon_core.package_identification:_identify(.) by extension 'python'
[0.740s] Level 1:colcon.colcon_core.package_identification:_identify(.) by extensions ['python_setup_py']
[0.740s] Level 1:colcon.colcon_core.package_identification:_identify(.) by extension 'python_setup_py'
[0.741s] Level 1:colcon.colcon_core.package_identification:_identify(build) by extensions ['ignore', 'ignore_ament_install']
[0.741s] Level 1:colcon.colcon_core.package_identification:_identify(build) by extension 'ignore'
[0.741s] Level 1:colcon.colcon_core.package_identification:_identify(build) ignored
[0.741s] Level 1:colcon.colcon_core.package_identification:_identify(install) by extensions ['ignore', 'ignore_ament_install']
[0.742s] Level 1:colcon.colcon_core.package_identification:_identify(install) by extension 'ignore'
[0.742s] Level 1:colcon.colcon_core.package_identification:_identify(install) ignored
[0.742s] Level 1:colcon.colcon_core.package_identification:_identify(log) by extensions ['ignore', 'ignore_ament_install']
[0.742s] Level 1:colcon.colcon_core.package_identification:_identify(log) by extension 'ignore'
[0.742s] Level 1:colcon.colcon_core.package_identification:_identify(log) ignored
[0.742s] Level 1:colcon.colcon_core.package_identification:_identify(src) by extensions ['ignore', 'ignore_ament_install']
[0.742s] Level 1:colcon.colcon_core.package_identification:_identify(src) by extension 'ignore'
[0.743s] Level 1:colcon.colcon_core.package_identification:_identify(src) by extension 'ignore_ament_install'
[0.743s] Level 1:colcon.colcon_core.package_identification:_identify(src) by extensions ['colcon_pkg']
[0.743s] Level 1:colcon.colcon_core.package_identification:_identify(src) by extension 'colcon_pkg'
[0.743s] Level 1:colcon.colcon_core.package_identification:_identify(src) by extensions ['colcon_meta']
[0.743s] Level 1:colcon.colcon_core.package_identification:_identify(src) by extension 'colcon_meta'
[0.744s] Level 1:colcon.colcon_core.package_identification:_identify(src) by extensions ['ros']
[0.744s] Level 1:colcon.colcon_core.package_identification:_identify(src) by extension 'ros'
[0.744s] Level 1:colcon.colcon_core.package_identification:_identify(src) by extensions ['cmake', 'python']
[0.744s] Level 1:colcon.colcon_core.package_identification:_identify(src) by extension 'cmake'
[0.744s] Level 1:colcon.colcon_core.package_identification:_identify(src) by extension 'python'
[0.745s] Level 1:colcon.colcon_core.package_identification:_identify(src) by extensions ['python_setup_py']
[0.745s] Level 1:colcon.colcon_core.package_identification:_identify(src) by extension 'python_setup_py'
[0.745s] Level 1:colcon.colcon_core.package_identification:_identify(src/quadruped_control) by extensions ['ignore', 'ignore_ament_install']
[0.745s] Level 1:colcon.colcon_core.package_identification:_identify(src/quadruped_control) by extension 'ignore'
[0.746s] Level 1:colcon.colcon_core.package_identification:_identify(src/quadruped_control) by extension 'ignore_ament_install'
[0.746s] Level 1:colcon.colcon_core.package_identification:_identify(src/quadruped_control) by extensions ['colcon_pkg']
[0.746s] Level 1:colcon.colcon_core.package_identification:_identify(src/quadruped_control) by extension 'colcon_pkg'
[0.746s] Level 1:colcon.colcon_core.package_identification:_identify(src/quadruped_control) by extensions ['colcon_meta']
[0.746s] Level 1:colcon.colcon_core.package_identification:_identify(src/quadruped_control) by extension 'colcon_meta'
[0.746s] Level 1:colcon.colcon_core.package_identification:_identify(src/quadruped_control) by extensions ['ros']
[0.746s] Level 1:colcon.colcon_core.package_identification:_identify(src/quadruped_control) by extension 'ros'
[0.751s] DEBUG:colcon.colcon_core.package_identification:Package 'src/quadruped_control' with type 'ros.ament_cmake' and name 'quadruped_control'
[0.752s] Level 1:colcon.colcon_core.package_identification:_identify(src/quadruped_interfaces) by extensions ['ignore', 'ignore_ament_install']
[0.752s] Level 1:colcon.colcon_core.package_identification:_identify(src/quadruped_interfaces) by extension 'ignore'
[0.752s] Level 1:colcon.colcon_core.package_identification:_identify(src/quadruped_interfaces) by extension 'ignore_ament_install'
[0.752s] Level 1:colcon.colcon_core.package_identification:_identify(src/quadruped_interfaces) by extensions ['colcon_pkg']
[0.753s] Level 1:colcon.colcon_core.package_identification:_identify(src/quadruped_interfaces) by extension 'colcon_pkg'
[0.753s] Level 1:colcon.colcon_core.package_identification:_identify(src/quadruped_interfaces) by extensions ['colcon_meta']
[0.753s] Level 1:colcon.colcon_core.package_identification:_identify(src/quadruped_interfaces) by extension 'colcon_meta'
[0.753s] Level 1:colcon.colcon_core.package_identification:_identify(src/quadruped_interfaces) by extensions ['ros']
[0.753s] Level 1:colcon.colcon_core.package_identification:_identify(src/quadruped_interfaces) by extension 'ros'
[0.754s] DEBUG:colcon.colcon_core.package_identification:Package 'src/quadruped_interfaces' with type 'ros.ament_cmake' and name 'quadruped_interfaces'
[0.754s] Level 1:colcon.colcon_core.package_discovery:discover_packages(recursive) using defaults
[0.754s] Level 1:colcon.colcon_core.package_discovery:discover_packages(ignore) discover
[0.754s] Level 1:colcon.colcon_core.package_discovery:discover_packages(ignore) using defaults
[0.754s] Level 1:colcon.colcon_core.package_discovery:discover_packages(path) discover
[0.754s] Level 1:colcon.colcon_core.package_discovery:discover_packages(path) using defaults
[0.802s] Level 1:colcon.colcon_core.package_discovery:discover_packages(prefix_path) check parameters
[0.802s] Level 1:colcon.colcon_core.package_discovery:discover_packages(prefix_path) discover
[0.806s] DEBUG:colcon.colcon_installed_package_information.package_discovery:Found 333 installed packages in /opt/ros/iron
[0.808s] Level 1:colcon.colcon_core.package_discovery:discover_packages(prefix_path) using defaults
[0.971s] Level 5:colcon.colcon_core.verb:set package 'quadruped_interfaces' build argument 'cmake_args' from command line to 'None'
[0.972s] Level 5:colcon.colcon_core.verb:set package 'quadruped_interfaces' build argument 'cmake_target' from command line to 'None'
[0.973s] Level 5:colcon.colcon_core.verb:set package 'quadruped_interfaces' build argument 'cmake_target_skip_unavailable' from command line to 'False'
[0.974s] Level 5:colcon.colcon_core.verb:set package 'quadruped_interfaces' build argument 'cmake_clean_cache' from command line to 'False'
[0.974s] Level 5:colcon.colcon_core.verb:set package 'quadruped_interfaces' build argument 'cmake_clean_first' from command line to 'False'
[0.975s] Level 5:colcon.colcon_core.verb:set package 'quadruped_interfaces' build argument 'cmake_force_configure' from command line to 'False'
[0.975s] Level 5:colcon.colcon_core.verb:set package 'quadruped_interfaces' build argument 'ament_cmake_args' from command line to 'None'
[0.975s] Level 5:colcon.colcon_core.verb:set package 'quadruped_interfaces' build argument 'catkin_cmake_args' from command line to 'None'
[0.977s] Level 5:colcon.colcon_core.verb:set package 'quadruped_interfaces' build argument 'catkin_skip_building_tests' from command line to 'False'
[0.977s] DEBUG:colcon.colcon_core.verb:Building package 'quadruped_interfaces' with the following arguments: {'ament_cmake_args': None, 'build_base': '/home/jonnydang2004/QUADRAPED/build/quadruped_interfaces', 'catkin_cmake_args': None, 'catkin_skip_building_tests': False, 'cmake_args': None, 'cmake_clean_cache': False, 'cmake_clean_first': False, 'cmake_force_configure': False, 'cmake_target': None, 'cmake_target_skip_unavailable': False, 'install_base': '/home/jonnydang2004/QUADRAPED/install/quadruped_interfaces', 'merge_install': False, 'path': '/home/jonnydang2004/QUADRAPED/src/quadruped_interfaces', 'symlink_install': False, 'test_result_base': None}
[0.979s] Level 5:colcon.colcon_core.verb:set package 'quadruped_control' build argument 'cmake_args' from command line to 'None'
[0.979s] Level 5:colcon.colcon_core.verb:set package 'quadruped_control' build argument 'cmake_target' from command line to 'None'
[0.979s] Level 5:colcon.colcon_core.verb:set package 'quadruped_control' build argument 'cmake_target_skip_unavailable' from command line to 'False'
[0.979s] Level 5:colcon.colcon_core.verb:set package 'quadruped_control' build argument 'cmake_clean_cache' from command line to 'False'
[0.980s] Level 5:colcon.colcon_core.verb:set package 'quadruped_control' build argument 'cmake_clean_first' from command line to 'False'
[0.980s] Level 5:colcon.colcon_core.verb:set package 'quadruped_control' build argument 'cmake_force_configure' from command line to 'False'
[0.980s] Level 5:colcon.colcon_core.verb:set package 'quadruped_control' build argument 'ament_cmake_args' from command line to 'None'
[0.980s] Level 5:colcon.colcon_core.verb:set package 'quadruped_control' build argument 'catkin_cmake_args' from command line to 'None'
[0.980s] Level 5:colcon.colcon_core.verb:set package 'quadruped_control' build argument 'catkin_skip_building_tests' from command line to 'False'
[0.980s] DEBUG:colcon.colcon_core.verb:Building package 'quadruped_control' with the following arguments: {'ament_cmake_args': None, 'build_base': '/home/jonnydang2004/QUADRAPED/build/quadruped_control', 'catkin_cmake_args': None, 'catkin_skip_building_tests': False, 'cmake_args': None, 'cmake_clean_cache': False, 'cmake_clean_first': False, 'cmake_force_configure': False, 'cmake_target': None, 'cmake_target_skip_unavailable': False, 'install_base': '/home/jonnydang2004/QUADRAPED/install/quadruped_control', 'merge_install': False, 'path': '/home/jonnydang2004/QUADRAPED/src/quadruped_control', 'symlink_install': False, 'test_result_base': None}
[0.981s] INFO:colcon.colcon_core.executor:Executing jobs using 'parallel' executor
[0.984s] DEBUG:colcon.colcon_parallel_executor.executor.parallel:run_until_complete
[0.985s] INFO:colcon.colcon_ros.task.ament_cmake.build:Building ROS package in '/home/jonnydang2004/QUADRAPED/src/quadruped_interfaces' with build type 'ament_cmake'
[0.986s] INFO:colcon.colcon_cmake.task.cmake.build:Building CMake package in '/home/jonnydang2004/QUADRAPED/src/quadruped_interfaces'
[0.997s] INFO:colcon.colcon_core.plugin_system:Skipping extension 'colcon_core.shell.bat': Not used on non-Windows systems
[0.998s] INFO:colcon.colcon_core.shell:Skip shell extension 'powershell' for command environment: Not usable outside of PowerShell
[0.998s] DEBUG:colcon.colcon_core.shell:Skip shell extension 'dsv' for command environment
[1.038s] DEBUG:colcon.colcon_core.event_handler.log_command:Invoking command in '/home/jonnydang2004/QUADRAPED/build/quadruped_interfaces': CMAKE_PREFIX_PATH=/opt/ros/iron /usr/bin/cmake --build /home/jonnydang2004/QUADRAPED/build/quadruped_interfaces -- -j4 -l4
[2.579s] DEBUG:colcon.colcon_core.event_handler.log_command:Invoked command in '/home/jonnydang2004/QUADRAPED/build/quadruped_interfaces' returned '0': CMAKE_PREFIX_PATH=/opt/ros/iron /usr/bin/cmake --build /home/jonnydang2004/QUADRAPED/build/quadruped_interfaces -- -j4 -l4
[2.778s] DEBUG:colcon.colcon_core.event_handler.log_command:Invoking command in '/home/jonnydang2004/QUADRAPED/build/quadruped_interfaces': CMAKE_PREFIX_PATH=/opt/ros/iron /usr/bin/cmake --install /home/jonnydang2004/QUADRAPED/build/quadruped_interfaces
[2.948s] Level 1:colcon.colcon_core.environment:create_environment_scripts_only(quadruped_interfaces)
[2.961s] Level 1:colcon.colcon_core.environment:checking '/home/jonnydang2004/QUADRAPED/install/quadruped_interfaces' for CMake module files
[2.962s] DEBUG:colcon.colcon_core.event_handler.log_command:Invoked command in '/home/jonnydang2004/QUADRAPED/build/quadruped_interfaces' returned '0': CMAKE_PREFIX_PATH=/opt/ros/iron /usr/bin/cmake --install /home/jonnydang2004/QUADRAPED/build/quadruped_interfaces
[2.964s] Level 1:colcon.colcon_core.environment:checking '/home/jonnydang2004/QUADRAPED/install/quadruped_interfaces' for CMake config files
[2.966s] Level 1:colcon.colcon_core.shell:create_environment_hook('quadruped_interfaces', 'cmake_prefix_path')
[2.967s] INFO:colcon.colcon_core.shell:Creating environment hook '/home/jonnydang2004/QUADRAPED/install/quadruped_interfaces/share/quadruped_interfaces/hook/cmake_prefix_path.ps1'
[2.968s] INFO:colcon.colcon_core.shell:Creating environment descriptor '/home/jonnydang2004/QUADRAPED/install/quadruped_interfaces/share/quadruped_interfaces/hook/cmake_prefix_path.dsv'
[2.969s] INFO:colcon.colcon_core.shell:Creating environment hook '/home/jonnydang2004/QUADRAPED/install/quadruped_interfaces/share/quadruped_interfaces/hook/cmake_prefix_path.sh'
[2.971s] Level 1:colcon.colcon_core.environment:checking '/home/jonnydang2004/QUADRAPED/install/quadruped_interfaces/lib'
[2.972s] Level 1:colcon.colcon_core.shell:create_environment_hook('quadruped_interfaces', 'ld_library_path_lib')
[2.973s] INFO:colcon.colcon_core.shell:Creating environment hook '/home/jonnydang2004/QUADRAPED/install/quadruped_interfaces/share/quadruped_interfaces/hook/ld_library_path_lib.ps1'
[2.974s] INFO:colcon.colcon_core.shell:Creating environment descriptor '/home/jonnydang2004/QUADRAPED/install/quadruped_interfaces/share/quadruped_interfaces/hook/ld_library_path_lib.dsv'
[2.975s] INFO:colcon.colcon_core.shell:Creating environment hook '/home/jonnydang2004/QUADRAPED/install/quadruped_interfaces/share/quadruped_interfaces/hook/ld_library_path_lib.sh'
[2.976s] Level 1:colcon.colcon_core.environment:checking '/home/jonnydang2004/QUADRAPED/install/quadruped_interfaces/bin'
[2.979s] Level 1:colcon.colcon_core.environment:checking '/home/jonnydang2004/QUADRAPED/install/quadruped_interfaces/lib/pkgconfig/quadruped_interfaces.pc'
[2.980s] Level 1:colcon.colcon_core.environment:checking '/home/jonnydang2004/QUADRAPED/install/quadruped_interfaces/lib/python3.10/site-packages'
[2.981s] Level 1:colcon.colcon_core.shell:create_environment_hook('quadruped_interfaces', 'pythonpath')
[2.982s] INFO:colcon.colcon_core.shell:Creating environment hook '/home/jonnydang2004/QUADRAPED/install/quadruped_interfaces/share/quadruped_interfaces/hook/pythonpath.ps1'
[2.983s] INFO:colcon.colcon_core.shell:Creating environment descriptor '/home/jonnydang2004/QUADRAPED/install/quadruped_interfaces/share/quadruped_interfaces/hook/pythonpath.dsv'
[2.984s] INFO:colcon.colcon_core.shell:Creating environment hook '/home/jonnydang2004/QUADRAPED/install/quadruped_interfaces/share/quadruped_interfaces/hook/pythonpath.sh'
[2.986s] Level 1:colcon.colcon_core.environment:checking '/home/jonnydang2004/QUADRAPED/install/quadruped_interfaces/bin'
[2.987s] INFO:colcon.colcon_core.shell:Creating package script '/home/jonnydang2004/QUADRAPED/install/quadruped_interfaces/share/quadruped_interfaces/package.ps1'
[2.989s] INFO:colcon.colcon_core.shell:Creating package descriptor '/home/jonnydang2004/QUADRAPED/install/quadruped_interfaces/share/quadruped_interfaces/package.dsv'
[2.993s] INFO:colcon.colcon_core.shell:Creating package script '/home/jonnydang2004/QUADRAPED/install/quadruped_interfaces/share/quadruped_interfaces/package.sh'
[2.995s] INFO:colcon.colcon_core.shell:Creating package script '/home/jonnydang2004/QUADRAPED/install/quadruped_interfaces/share/quadruped_interfaces/package.bash'
[2.996s] INFO:colcon.colcon_core.shell:Creating package script '/home/jonnydang2004/QUADRAPED/install/quadruped_interfaces/share/quadruped_interfaces/package.zsh'
[2.998s] Level 1:colcon.colcon_core.environment:create_file_with_runtime_dependencies(/home/jonnydang2004/QUADRAPED/install/quadruped_interfaces/share/colcon-core/packages/quadruped_interfaces)
[3.181s] Level 1:colcon.colcon_core.environment:create_environment_scripts_only(quadruped_interfaces)
[3.182s] Level 1:colcon.colcon_core.environment:checking '/home/jonnydang2004/QUADRAPED/install/quadruped_interfaces' for CMake module files
[3.183s] Level 1:colcon.colcon_core.environment:checking '/home/jonnydang2004/QUADRAPED/install/quadruped_interfaces' for CMake config files
[3.184s] Level 1:colcon.colcon_core.shell:create_environment_hook('quadruped_interfaces', 'cmake_prefix_path')
[3.184s] INFO:colcon.colcon_core.shell:Creating environment hook '/home/jonnydang2004/QUADRAPED/install/quadruped_interfaces/share/quadruped_interfaces/hook/cmake_prefix_path.ps1'
[3.185s] INFO:colcon.colcon_core.shell:Creating environment descriptor '/home/jonnydang2004/QUADRAPED/install/quadruped_interfaces/share/quadruped_interfaces/hook/cmake_prefix_path.dsv'
[3.186s] INFO:colcon.colcon_core.shell:Creating environment hook '/home/jonnydang2004/QUADRAPED/install/quadruped_interfaces/share/quadruped_interfaces/hook/cmake_prefix_path.sh'
[3.187s] Level 1:colcon.colcon_core.environment:checking '/home/jonnydang2004/QUADRAPED/install/quadruped_interfaces/lib'
[3.188s] Level 1:colcon.colcon_core.shell:create_environment_hook('quadruped_interfaces', 'ld_library_path_lib')
[3.188s] INFO:colcon.colcon_core.shell:Creating environment hook '/home/jonnydang2004/QUADRAPED/install/quadruped_interfaces/share/quadruped_interfaces/hook/ld_library_path_lib.ps1'
[3.189s] INFO:colcon.colcon_core.shell:Creating environment descriptor '/home/jonnydang2004/QUADRAPED/install/quadruped_interfaces/share/quadruped_interfaces/hook/ld_library_path_lib.dsv'
[3.191s] INFO:colcon.colcon_core.shell:Creating environment hook '/home/jonnydang2004/QUADRAPED/install/quadruped_interfaces/share/quadruped_interfaces/hook/ld_library_path_lib.sh'
[3.193s] Level 1:colcon.colcon_core.environment:checking '/home/jonnydang2004/QUADRAPED/install/quadruped_interfaces/bin'
[3.193s] Level 1:colcon.colcon_core.environment:checking '/home/jonnydang2004/QUADRAPED/install/quadruped_interfaces/lib/pkgconfig/quadruped_interfaces.pc'
[3.194s] Level 1:colcon.colcon_core.environment:checking '/home/jonnydang2004/QUADRAPED/install/quadruped_interfaces/lib/python3.10/site-packages'
[3.194s] Level 1:colcon.colcon_core.shell:create_environment_hook('quadruped_interfaces', 'pythonpath')
[3.195s] INFO:colcon.colcon_core.shell:Creating environment hook '/home/jonnydang2004/QUADRAPED/install/quadruped_interfaces/share/quadruped_interfaces/hook/pythonpath.ps1'
[3.197s] INFO:colcon.colcon_core.shell:Creating environment descriptor '/home/jonnydang2004/QUADRAPED/install/quadruped_interfaces/share/quadruped_interfaces/hook/pythonpath.dsv'
[3.198s] INFO:colcon.colcon_core.shell:Creating environment hook '/home/jonnydang2004/QUADRAPED/install/quadruped_interfaces/share/quadruped_interfaces/hook/pythonpath.sh'
[3.200s] Level 1:colcon.colcon_core.environment:checking '/home/jonnydang2004/QUADRAPED/install/quadruped_interfaces/bin'
[3.201s] INFO:colcon.colcon_core.shell:Creating package script '/home/jonnydang2004/QUADRAPED/install/quadruped_interfaces/share/quadruped_interfaces/package.ps1'
[3.204s] INFO:colcon.colcon_core.shell:Creating package descriptor '/home/jonnydang2004/QUADRAPED/install/quadruped_interfaces/share/quadruped_interfaces/package.dsv'
[3.206s] INFO:colcon.colcon_core.shell:Creating package script '/home/jonnydang2004/QUADRAPED/install/quadruped_interfaces/share/quadruped_interfaces/package.sh'
[3.208s] INFO:colcon.colcon_core.shell:Creating package script '/home/jonnydang2004/QUADRAPED/install/quadruped_interfaces/share/quadruped_interfaces/package.bash'
[3.209s] INFO:colcon.colcon_core.shell:Creating package script '/home/jonnydang2004/QUADRAPED/install/quadruped_interfaces/share/quadruped_interfaces/package.zsh'
[3.211s] Level 1:colcon.colcon_core.environment:create_file_with_runtime_dependencies(/home/jonnydang2004/QUADRAPED/install/quadruped_interfaces/share/colcon-core/packages/quadruped_interfaces)
[3.214s] INFO:colcon.colcon_ros.task.ament_cmake.build:Building ROS package in '/home/jonnydang2004/QUADRAPED/src/quadruped_control' with build type 'ament_cmake'
[3.215s] INFO:colcon.colcon_cmake.task.cmake.build:Building CMake package in '/home/jonnydang2004/QUADRAPED/src/quadruped_control'
[3.216s] INFO:colcon.colcon_core.shell:Skip shell extension 'powershell' for command environment: Not usable outside of PowerShell
[3.216s] DEBUG:colcon.colcon_core.shell:Skip shell extension 'dsv' for command environment
[3.505s] DEBUG:colcon.colcon_core.event_handler.log_command:Invoking command in '/home/jonnydang2004/QUADRAPED/build/quadruped_control': AMENT_PREFIX_PATH=/home/jonnydang2004/QUADRAPED/install/quadruped_interfaces:${AMENT_PREFIX_PATH} CMAKE_PREFIX_PATH=/home/jonnydang2004/QUADRAPED/install/quadruped_interfaces:/opt/ros/iron LD_LIBRARY_PATH=/home/jonnydang2004/QUADRAPED/install/quadruped_interfaces/lib:${LD_LIBRARY_PATH} PYTHONPATH=/home/jonnydang2004/QUADRAPED/install/quadruped_interfaces/lib/python3.10/site-packages:${PYTHONPATH} /usr/bin/cmake --build /home/jonnydang2004/QUADRAPED/build/quadruped_control -- -j4 -l4
[17.915s] DEBUG:colcon.colcon_core.event_handler.log_command:Invoked command in '/home/jonnydang2004/QUADRAPED/build/quadruped_control' returned '2': AMENT_PREFIX_PATH=/home/jonnydang2004/QUADRAPED/install/quadruped_interfaces:${AMENT_PREFIX_PATH} CMAKE_PREFIX_PATH=/home/jonnydang2004/QUADRAPED/install/quadruped_interfaces:/opt/ros/iron LD_LIBRARY_PATH=/home/jonnydang2004/QUADRAPED/install/quadruped_interfaces/lib:${LD_LIBRARY_PATH} PYTHONPATH=/home/jonnydang2004/QUADRAPED/install/quadruped_interfaces/lib/python3.10/site-packages:${PYTHONPATH} /usr/bin/cmake --build /home/jonnydang2004/QUADRAPED/build/quadruped_control -- -j4 -l4
[17.991s] Level 1:colcon.colcon_core.environment:create_environment_scripts_only(quadruped_control)
[17.992s] Level 1:colcon.colcon_core.environment:checking '/home/jonnydang2004/QUADRAPED/install/quadruped_control' for CMake module files
[17.994s] Level 1:colcon.colcon_core.environment:checking '/home/jonnydang2004/QUADRAPED/install/quadruped_control' for CMake config files
[17.994s] Level 1:colcon.colcon_core.environment:checking '/home/jonnydang2004/QUADRAPED/install/quadruped_control/bin'
[17.995s] Level 1:colcon.colcon_core.environment:checking '/home/jonnydang2004/QUADRAPED/install/quadruped_control/lib/pkgconfig/quadruped_control.pc'
[17.995s] Level 1:colcon.colcon_core.environment:checking '/home/jonnydang2004/QUADRAPED/install/quadruped_control/lib/python3.10/site-packages'
[17.996s] Level 1:colcon.colcon_core.environment:checking '/home/jonnydang2004/QUADRAPED/install/quadruped_control/bin'
[17.997s] INFO:colcon.colcon_core.shell:Creating package script '/home/jonnydang2004/QUADRAPED/install/quadruped_control/share/quadruped_control/package.ps1'
[17.998s] INFO:colcon.colcon_core.shell:Creating package descriptor '/home/jonnydang2004/QUADRAPED/install/quadruped_control/share/quadruped_control/package.dsv'
[18.000s] INFO:colcon.colcon_core.shell:Creating package script '/home/jonnydang2004/QUADRAPED/install/quadruped_control/share/quadruped_control/package.sh'
[18.001s] INFO:colcon.colcon_core.shell:Creating package script '/home/jonnydang2004/QUADRAPED/install/quadruped_control/share/quadruped_control/package.bash'
[18.003s] INFO:colcon.colcon_core.shell:Creating package script '/home/jonnydang2004/QUADRAPED/install/quadruped_control/share/quadruped_control/package.zsh'
[18.005s] Level 1:colcon.colcon_core.environment:create_file_with_runtime_dependencies(/home/jonnydang2004/QUADRAPED/install/quadruped_control/share/colcon-core/packages/quadruped_control)
[18.017s] DEBUG:colcon.colcon_parallel_executor.executor.parallel:closing loop
[18.018s] DEBUG:colcon.colcon_parallel_executor.executor.parallel:loop closed
[18.018s] DEBUG:colcon.colcon_parallel_executor.executor.parallel:run_until_complete finished with '2'
[18.019s] DEBUG:colcon.colcon_core.event_reactor:joining thread
[18.176s] INFO:colcon.colcon_core.plugin_system:Skipping extension 'colcon_notification.desktop_notification.notify_send': Could not find 'notify-send'
[18.176s] INFO:colcon.colcon_core.plugin_system:Skipping extension 'colcon_notification.desktop_notification.terminal_notifier': Not used on non-Darwin systems
[18.177s] INFO:colcon.colcon_core.plugin_system:Skipping extension 'colcon_notification.desktop_notification.win32': Not used on non-Windows systems
[18.177s] INFO:colcon.colcon_notification.desktop_notification:Sending desktop notification using 'notify2'
[18.177s] DEBUG:colcon.colcon_notification.desktop_notification.notify2:Failed to initialize notify2: org.freedesktop.DBus.Error.FileNotFound: Failed to connect to socket /run/user/1000/bus: No such file or directory
[18.178s] DEBUG:colcon.colcon_core.event_reactor:joined thread
[18.179s] INFO:colcon.colcon_core.shell:Creating prefix script '/home/jonnydang2004/QUADRAPED/install/local_setup.ps1'
[18.180s] INFO:colcon.colcon_core.shell:Creating prefix util module '/home/jonnydang2004/QUADRAPED/install/_local_setup_util_ps1.py'
[18.185s] INFO:colcon.colcon_core.shell:Creating prefix chain script '/home/jonnydang2004/QUADRAPED/install/setup.ps1'
[18.188s] INFO:colcon.colcon_core.shell:Creating prefix script '/home/jonnydang2004/QUADRAPED/install/local_setup.sh'
[18.191s] INFO:colcon.colcon_core.shell:Creating prefix util module '/home/jonnydang2004/QUADRAPED/install/_local_setup_util_sh.py'
[18.193s] INFO:colcon.colcon_core.shell:Creating prefix chain script '/home/jonnydang2004/QUADRAPED/install/setup.sh'
[18.195s] INFO:colcon.colcon_core.shell:Creating prefix script '/home/jonnydang2004/QUADRAPED/install/local_setup.bash'
[18.197s] INFO:colcon.colcon_core.shell:Creating prefix chain script '/home/jonnydang2004/QUADRAPED/install/setup.bash'
[18.200s] INFO:colcon.colcon_core.shell:Creating prefix script '/home/jonnydang2004/QUADRAPED/install/local_setup.zsh'
[18.201s] INFO:colcon.colcon_core.shell:Creating prefix chain script '/home/jonnydang2004/QUADRAPED/install/setup.zsh'
