[0.045s] Invoking command in '/home/jonnydang2004/QUADRAPED/build/quadruped_interfaces': CMAKE_PREFIX_PATH=/opt/ros/iron /usr/bin/cmake --build /home/jonnydang2004/QUADRAPED/build/quadruped_interfaces -- -j4 -l4
[0.192s] [  2%] Built target quadruped_interfaces__rosidl_generator_type_description
[0.223s] [  2%] Built target ament_cmake_python_copy_quadruped_interfaces
[0.322s] [ 17%] Built target quadruped_interfaces__rosidl_generator_c
[0.326s] [ 20%] Built target quadruped_interfaces__cpp
[0.448s] [ 29%] Built target quadruped_interfaces__rosidl_typesupport_fastrtps_c
[0.455s] [ 38%] Built target quadruped_interfaces__rosidl_typesupport_introspection_c
[0.561s] [ 47%] Built target quadruped_interfaces__rosidl_typesupport_c
[0.564s] [ 55%] Built target quadruped_interfaces__rosidl_typesupport_introspection_cpp
[0.619s] [ 64%] Built target quadruped_interfaces__rosidl_typesupport_fastrtps_cpp
[0.672s] [ 73%] Built target quadruped_interfaces__rosidl_typesupport_cpp
[0.732s] [ 73%] Built target quadruped_interfaces
[0.825s] [ 76%] Built target quadruped_interfaces__py
[0.926s] [ 82%] Built target quadruped_interfaces__rosidl_generator_py
[1.042s] [ 88%] Built target quadruped_interfaces__rosidl_typesupport_c__pyext
[1.063s] [ 94%] Built target quadruped_interfaces__rosidl_typesupport_fastrtps_c__pyext
[1.067s] [100%] Built target quadruped_interfaces__rosidl_typesupport_introspection_c__pyext
[1.868s] running egg_info
[1.870s] writing quadruped_interfaces.egg-info/PKG-INFO
[1.871s] writing dependency_links to quadruped_interfaces.egg-info/dependency_links.txt
[1.871s] writing top-level names to quadruped_interfaces.egg-info/top_level.txt
[1.883s] reading manifest file 'quadruped_interfaces.egg-info/SOURCES.txt'
[1.886s] writing manifest file 'quadruped_interfaces.egg-info/SOURCES.txt'
[2.002s] [100%] Built target ament_cmake_python_build_quadruped_interfaces_egg
