running egg_info
creating ../../build/Servo/Servo.egg-info
writing ../../build/Servo/Servo.egg-info/PKG-INFO
writing dependency_links to ../../build/Servo/Servo.egg-info/dependency_links.txt
writing entry points to ../../build/Servo/Servo.egg-info/entry_points.txt
writing requirements to ../../build/Servo/Servo.egg-info/requires.txt
writing top-level names to ../../build/Servo/Servo.egg-info/top_level.txt
writing manifest file '../../build/Servo/Servo.egg-info/SOURCES.txt'
reading manifest file '../../build/Servo/Servo.egg-info/SOURCES.txt'
writing manifest file '../../build/Servo/Servo.egg-info/SOURCES.txt'
running build
running install
running install_data
creating /home/jonnydang2004/QUADRAPED/install/Servo/share/ament_index
creating /home/jonnydang2004/QUADRAPED/install/Servo/share/ament_index/resource_index
creating /home/jonnydang2004/QUADRAPED/install/Servo/share/ament_index/resource_index/packages
copying resource/Servo -> /home/jonnydang2004/QUADRAPED/install/Servo/share/ament_index/resource_index/packages
copying package.xml -> /home/jonnydang2004/QUADRAPED/install/Servo/share/Servo
running install_egg_info
Copying ../../build/Servo/Servo.egg-info to /home/jonnydang2004/QUADRAPED/install/Servo/lib/python3.10/site-packages/Servo-0.0.0-py3.10.egg-info
running install_scripts
writing list of installed files to '/home/jonnydang2004/QUADRAPED/build/Servo/install.log'
