[0.841s] Invoking command in '/home/jonnydang2004/QUADRAPED/build/quadruped_control': AMENT_PREFIX_PATH=/home/jonnydang2004/QUADRAPED/install/quadruped_servo:/home/jonnydang2004/QUADRAPED/install/quadruped_interfaces:${AMENT_PREFIX_PATH} CMAKE_PREFIX_PATH=/home/jonnydang2004/QUADRAPED/install/quadruped_interfaces LD_LIBRARY_PATH=/home/jonnydang2004/QUADRAPED/install/quadruped_interfaces/lib:${LD_LIBRARY_PATH} PYTHONPATH=/home/jonnydang2004/QUADRAPED/install/quadruped_servo/lib/python3.10/site-packages:/home/jonnydang2004/QUADRAPED/install/quadruped_interfaces/lib/python3.10/site-packages:${PYTHONPATH} /usr/bin/cmake --build /home/jonnydang2004/QUADRAPED/build/quadruped_control -- -j4 -l4
[0.917s] -- Found ament_cmake: 2.0.5 (/opt/ros/iron/share/ament_cmake/cmake)
[1.440s] -- Found rclcpp: 21.0.6 (/opt/ros/iron/share/rclcpp/cmake)
[2.065s] -- Found rosidl_generator_c: 4.0.1 (/opt/ros/iron/share/rosidl_generator_c/cmake)
[2.187s] -- Found rosidl_generator_cpp: 4.0.1 (/opt/ros/iron/share/rosidl_generator_cpp/cmake)
[2.228s] -- Using all available rosidl_typesupport_c: rosidl_typesupport_fastrtps_c;rosidl_typesupport_introspection_c
[2.324s] -- Using all available rosidl_typesupport_cpp: rosidl_typesupport_fastrtps_cpp;rosidl_typesupport_introspection_cpp
[2.963s] -- Found rmw_implementation_cmake: 7.1.0 (/opt/ros/iron/share/rmw_implementation_cmake/cmake)
[2.971s] -- Found rmw_fastrtps_cpp: 7.1.3 (/opt/ros/iron/share/rmw_fastrtps_cpp/cmake)
[12.746s] -- Using RMW implementation 'rmw_fastrtps_cpp' as default
[13.173s] -- Found rclpy: 4.1.5 (/opt/ros/iron/share/rclpy/cmake)
[13.174s] -- Found quadruped_interfaces: 0.0.0 (/home/jonnydang2004/QUADRAPED/install/quadruped_interfaces/share/quadruped_interfaces/cmake)
[15.246s] [31mCMake Error at CMakeLists.txt:18 (find_package):
[15.247s]   By not providing "Findquadruped_servo.cmake" in CMAKE_MODULE_PATH this
[15.247s]   project has asked CMake to find a package configuration file provided by
[15.247s]   "quadruped_servo", but CMake did not find one.
[15.247s] 
[15.247s]   Could not find a package configuration file provided by "quadruped_servo"
[15.248s]   with any of the following names:
[15.248s] 
[15.248s]     quadruped_servoConfig.cmake
[15.248s]     quadruped_servo-config.cmake
[15.248s] 
[15.248s]   Add the installation prefix of "quadruped_servo" to CMAKE_PREFIX_PATH or
[15.248s]   set "quadruped_servo_DIR" to a directory containing one of the above files.
[15.249s]   If "quadruped_servo" provides a separate development package or SDK, be
[15.249s]   sure it has been installed.
[15.249s] 
[15.249s] [0m
[15.249s] -- Configuring incomplete, errors occurred!
[15.249s] See also "/home/jonnydang2004/QUADRAPED/build/quadruped_control/CMakeFiles/CMakeOutput.log".
[15.259s] gmake: *** [Makefile:308: cmake_check_build_system] Error 1
[15.263s] Invoked command in '/home/jonnydang2004/QUADRAPED/build/quadruped_control' returned '2': AMENT_PREFIX_PATH=/home/jonnydang2004/QUADRAPED/install/quadruped_servo:/home/jonnydang2004/QUADRAPED/install/quadruped_interfaces:${AMENT_PREFIX_PATH} CMAKE_PREFIX_PATH=/home/jonnydang2004/QUADRAPED/install/quadruped_interfaces LD_LIBRARY_PATH=/home/jonnydang2004/QUADRAPED/install/quadruped_interfaces/lib:${LD_LIBRARY_PATH} PYTHONPATH=/home/jonnydang2004/QUADRAPED/install/quadruped_servo/lib/python3.10/site-packages:/home/jonnydang2004/QUADRAPED/install/quadruped_interfaces/lib/python3.10/site-packages:${PYTHONPATH} /usr/bin/cmake --build /home/jonnydang2004/QUADRAPED/build/quadruped_control -- -j4 -l4
