running egg_info
writing ../../build/quadruped_servo/quadruped_servo.egg-info/PKG-INFO
writing dependency_links to ../../build/quadruped_servo/quadruped_servo.egg-info/dependency_links.txt
writing entry points to ../../build/quadruped_servo/quadruped_servo.egg-info/entry_points.txt
writing requirements to ../../build/quadruped_servo/quadruped_servo.egg-info/requires.txt
writing top-level names to ../../build/quadruped_servo/quadruped_servo.egg-info/top_level.txt
reading manifest file '../../build/quadruped_servo/quadruped_servo.egg-info/SOURCES.txt'
adding license file 'LICENSE'
writing manifest file '../../build/quadruped_servo/quadruped_servo.egg-info/SOURCES.txt'
running build
running build_py
running install
running install_lib
running install_data
running install_egg_info
removing '/home/jonnydang2004/QUADRAPED/install/quadruped_servo/lib/python3.10/site-packages/quadruped_servo-0.0.0-py3.10.egg-info' (and everything under it)
Copying ../../build/quadruped_servo/quadruped_servo.egg-info to /home/jonnydang2004/QUADRAPED/install/quadruped_servo/lib/python3.10/site-packages/quadruped_servo-0.0.0-py3.10.egg-info
running install_scripts
Installing servo_node script to /home/jonnydang2004/QUADRAPED/install/quadruped_servo/lib/quadruped_servo
writing list of installed files to '/home/jonnydang2004/QUADRAPED/build/quadruped_servo/install.log'
