[1.022s] Invoking command in '/home/jonnydang2004/QUADRAPED/build/quadruped_control': AMENT_PREFIX_PATH=/home/jonnydang2004/QUADRAPED/install/quadruped_interfaces:${AMENT_PREFIX_PATH} CMAKE_PREFIX_PATH=/home/jonnydang2004/QUADRAPED/install/quadruped_interfaces:/opt/ros/iron LD_LIBRARY_PATH=/home/jonnydang2004/QUADRAPED/install/quadruped_interfaces/lib:${LD_LIBRARY_PATH} PYTHONPATH=/home/jonnydang2004/QUADRAPED/install/quadruped_interfaces/lib/python3.10/site-packages:${PYTHONPATH} /usr/bin/cmake --build /home/jonnydang2004/QUADRAPED/build/quadruped_control -- -j4 -l4
[1.252s] [35m[1mConsolidate compiler generated dependencies of target motor_config[0m
[1.487s] [ 25%] [32mBuilding CXX object CMakeFiles/inverse_kinematics.dir/src/inverse_kinematics.cpp.o[0m
[1.505s] [ 50%] [32mBuilding CXX object CMakeFiles/motor_config.dir/src/motor_config.cpp.o[0m
[22.913s] [01m[K/home/jonnydang2004/QUADRAPED/src/quadruped_control/src/inverse_kinematics.cpp:[m[K In member function ‘[01m[KInverseKinematics::pos InverseKinematics::getCoords(InverseKinematics::pos)[m[K’:
[22.914s] [01m[K/home/jonnydang2004/QUADRAPED/src/quadruped_control/src/inverse_kinematics.cpp:83:39:[m[K [01;35m[Kwarning: [m[Kvariable ‘[01m[Kbeta2[m[K’ set but not used [[01;35m[K]8;;https://gcc.gnu.org/onlinedocs/gcc/Warning-Options.html#index-Wunused-but-set-variable-Wunused-but-set-variable]8;;[m[K]
[22.914s]    83 |         double theta1, theta2, beta1, [01;35m[Kbeta2[m[K;
[22.914s]       |                                       [01;35m[K^~~~~[m[K
[28.140s] In file included from [01m[K/usr/include/c++/11/bits/stl_algobase.h:71[m[K,
[28.141s]                  from [01m[K/usr/include/c++/11/memory:63[m[K,
[28.141s]                  from [01m[K/opt/ros/iron/include/rclcpp/rclcpp/rclcpp.hpp:165[m[K,
[28.142s]                  from [01m[K/home/jonnydang2004/QUADRAPED/src/quadruped_control/src/motor_config.cpp:1[m[K:
[28.142s] /usr/include/c++/11/bits/predefined_ops.h: In instantiation of ‘[01m[Kbool __gnu_cxx::__ops::_Iter_equals_val<_Value>::operator()(_Iterator) [with _Iterator = __gnu_cxx::__normal_iterator<Servo*, std::vector<Servo> >; _Value = const Servo][m[K’:
[28.143s] [01m[K/usr/include/c++/11/bits/stl_algobase.h:2069:14:[m[K   required from ‘[01m[K_RandomAccessIterator std::__find_if(_RandomAccessIterator, _RandomAccessIterator, _Predicate, std::random_access_iterator_tag) [with _RandomAccessIterator = __gnu_cxx::__normal_iterator<Servo*, std::vector<Servo> >; _Predicate = __gnu_cxx::__ops::_Iter_equals_val<const Servo>][m[K’
[28.143s] [01m[K/usr/include/c++/11/bits/stl_algobase.h:2114:23:[m[K   required from ‘[01m[K_Iterator std::__find_if(_Iterator, _Iterator, _Predicate) [with _Iterator = __gnu_cxx::__normal_iterator<Servo*, std::vector<Servo> >; _Predicate = __gnu_cxx::__ops::_Iter_equals_val<const Servo>][m[K’
[28.144s] [01m[K/usr/include/c++/11/bits/stl_algo.h:3884:28:[m[K   required from ‘[01m[K_IIter std::find(_IIter, _IIter, const _Tp&) [with _IIter = __gnu_cxx::__normal_iterator<Servo*, std::vector<Servo> >; _Tp = Servo][m[K’
[28.144s] [01m[K/home/jonnydang2004/QUADRAPED/src/quadruped_control/src/motor_config.cpp:109:22:[m[K   required from here
[28.144s] [01m[K/usr/include/c++/11/bits/predefined_ops.h:270:24:[m[K [01;31m[Kerror: [m[Kno match for ‘[01m[Koperator==[m[K’ (operand types are ‘[01m[KServo[m[K’ and ‘[01m[Kconst Servo[m[K’)
[28.145s]   270 |         { return [01;31m[K*__it == _M_value[m[K; }
[28.145s]       |                  [01;31m[K~~~~~~^~~~~~~~~~~[m[K
[28.157s] In file included from [01m[K/usr/include/c++/11/bits/stl_algobase.h:67[m[K,
[28.158s]                  from [01m[K/usr/include/c++/11/memory:63[m[K,
[28.158s]                  from [01m[K/opt/ros/iron/include/rclcpp/rclcpp/rclcpp.hpp:165[m[K,
[28.159s]                  from [01m[K/home/jonnydang2004/QUADRAPED/src/quadruped_control/src/motor_config.cpp:1[m[K:
[28.159s] [01m[K/usr/include/c++/11/bits/stl_iterator.h:1155:5:[m[K [01;36m[Knote: [m[Kcandidate: ‘[01m[Ktemplate<class _IteratorL, class _IteratorR, class _Container> bool __gnu_cxx::operator==(const __gnu_cxx::__normal_iterator<_IteratorL, _Container>&, const __gnu_cxx::__normal_iterator<_IteratorR, _Container>&)[m[K’
[28.159s]  1155 |     [01;36m[Koperator[m[K==(const __normal_iterator<_IteratorL, _Container>& __lhs,
[28.160s]       |     [01;36m[K^~~~~~~~[m[K
[28.160s] [01m[K/usr/include/c++/11/bits/stl_iterator.h:1155:5:[m[K [01;36m[Knote: [m[K  template argument deduction/substitution failed:
[28.160s] In file included from [01m[K/usr/include/c++/11/bits/stl_algobase.h:71[m[K,
[28.160s]                  from [01m[K/usr/include/c++/11/memory:63[m[K,
[28.161s]                  from [01m[K/opt/ros/iron/include/rclcpp/rclcpp/rclcpp.hpp:165[m[K,
[28.161s]                  from [01m[K/home/jonnydang2004/QUADRAPED/src/quadruped_control/src/motor_config.cpp:1[m[K:
[28.162s] [01m[K/usr/include/c++/11/bits/predefined_ops.h:270:24:[m[K [01;36m[Knote: [m[K  ‘[01m[KServo[m[K’ is not derived from ‘[01m[Kconst __gnu_cxx::__normal_iterator<_IteratorL, _Container>[m[K’
[28.162s]   270 |         { return [01;36m[K*__it == _M_value[m[K; }
[28.163s]       |                  [01;36m[K~~~~~~^~~~~~~~~~~[m[K
[28.163s] In file included from [01m[K/usr/include/c++/11/bits/stl_algobase.h:67[m[K,
[28.164s]                  from [01m[K/usr/include/c++/11/memory:63[m[K,
[28.164s]                  from [01m[K/opt/ros/iron/include/rclcpp/rclcpp/rclcpp.hpp:165[m[K,
[28.164s]                  from [01m[K/home/jonnydang2004/QUADRAPED/src/quadruped_control/src/motor_config.cpp:1[m[K:
[28.165s] [01m[K/usr/include/c++/11/bits/stl_iterator.h:1163:5:[m[K [01;36m[Knote: [m[Kcandidate: ‘[01m[Ktemplate<class _Iterator, class _Container> bool __gnu_cxx::operator==(const __gnu_cxx::__normal_iterator<_Iterator, _Container>&, const __gnu_cxx::__normal_iterator<_Iterator, _Container>&)[m[K’
[28.166s]  1163 |     [01;36m[Koperator[m[K==(const __normal_iterator<_Iterator, _Container>& __lhs,
[28.166s]       |     [01;36m[K^~~~~~~~[m[K
[28.167s] [01m[K/usr/include/c++/11/bits/stl_iterator.h:1163:5:[m[K [01;36m[Knote: [m[K  template argument deduction/substitution failed:
[28.167s] In file included from [01m[K/usr/include/c++/11/bits/stl_algobase.h:71[m[K,
[28.167s]                  from [01m[K/usr/include/c++/11/memory:63[m[K,
[28.167s]                  from [01m[K/opt/ros/iron/include/rclcpp/rclcpp/rclcpp.hpp:165[m[K,
[28.168s]                  from [01m[K/home/jonnydang2004/QUADRAPED/src/quadruped_control/src/motor_config.cpp:1[m[K:
[28.168s] [01m[K/usr/include/c++/11/bits/predefined_ops.h:270:24:[m[K [01;36m[Knote: [m[K  ‘[01m[KServo[m[K’ is not derived from ‘[01m[Kconst __gnu_cxx::__normal_iterator<_Iterator, _Container>[m[K’
[28.168s]   270 |         { return [01;36m[K*__it == _M_value[m[K; }
[28.169s]       |                  [01;36m[K~~~~~~^~~~~~~~~~~[m[K
[41.475s] gmake[2]: *** [CMakeFiles/motor_config.dir/build.make:76: CMakeFiles/motor_config.dir/src/motor_config.cpp.o] Error 1
[41.481s] gmake[1]: *** [CMakeFiles/Makefile2:165: CMakeFiles/motor_config.dir/all] Error 2
[41.481s] gmake[1]: *** Waiting for unfinished jobs....
[59.548s] [ 75%] [32m[1mLinking CXX executable inverse_kinematics[0m
[62.377s] [ 75%] Built target inverse_kinematics
[62.380s] gmake: *** [Makefile:146: all] Error 2
[62.386s] Invoked command in '/home/jonnydang2004/QUADRAPED/build/quadruped_control' returned '2': AMENT_PREFIX_PATH=/home/jonnydang2004/QUADRAPED/install/quadruped_interfaces:${AMENT_PREFIX_PATH} CMAKE_PREFIX_PATH=/home/jonnydang2004/QUADRAPED/install/quadruped_interfaces:/opt/ros/iron LD_LIBRARY_PATH=/home/jonnydang2004/QUADRAPED/install/quadruped_interfaces/lib:${LD_LIBRARY_PATH} PYTHONPATH=/home/jonnydang2004/QUADRAPED/install/quadruped_interfaces/lib/python3.10/site-packages:${PYTHONPATH} /usr/bin/cmake --build /home/jonnydang2004/QUADRAPED/build/quadruped_control -- -j4 -l4
