running egg_info
creating ../../build/quadruped_servo/quadruped_servo.egg-info
writing ../../build/quadruped_servo/quadruped_servo.egg-info/PKG-INFO
writing dependency_links to ../../build/quadruped_servo/quadruped_servo.egg-info/dependency_links.txt
writing entry points to ../../build/quadruped_servo/quadruped_servo.egg-info/entry_points.txt
writing requirements to ../../build/quadruped_servo/quadruped_servo.egg-info/requires.txt
writing top-level names to ../../build/quadruped_servo/quadruped_servo.egg-info/top_level.txt
writing manifest file '../../build/quadruped_servo/quadruped_servo.egg-info/SOURCES.txt'
reading manifest file '../../build/quadruped_servo/quadruped_servo.egg-info/SOURCES.txt'
adding license file 'LICENSE'
writing manifest file '../../build/quadruped_servo/quadruped_servo.egg-info/SOURCES.txt'
running build
running build_py
creating /home/jonnydang2004/QUADRAPED/build/quadruped_servo/build
creating /home/jonnydang2004/QUADRAPED/build/quadruped_servo/build/lib
creating /home/jonnydang2004/QUADRAPED/build/quadruped_servo/build/lib/quadruped_servo
copying quadruped_servo/servo.py -> /home/jonnydang2004/QUADRAPED/build/quadruped_servo/build/lib/quadruped_servo
copying quadruped_servo/__init__.py -> /home/jonnydang2004/QUADRAPED/build/quadruped_servo/build/lib/quadruped_servo
running install
running install_lib
creating /home/jonnydang2004/QUADRAPED/install/quadruped_servo/lib/python3.10/site-packages/quadruped_servo
copying /home/jonnydang2004/QUADRAPED/build/quadruped_servo/build/lib/quadruped_servo/servo.py -> /home/jonnydang2004/QUADRAPED/install/quadruped_servo/lib/python3.10/site-packages/quadruped_servo
copying /home/jonnydang2004/QUADRAPED/build/quadruped_servo/build/lib/quadruped_servo/__init__.py -> /home/jonnydang2004/QUADRAPED/install/quadruped_servo/lib/python3.10/site-packages/quadruped_servo
byte-compiling /home/jonnydang2004/QUADRAPED/install/quadruped_servo/lib/python3.10/site-packages/quadruped_servo/servo.py to servo.cpython-310.pyc
byte-compiling /home/jonnydang2004/QUADRAPED/install/quadruped_servo/lib/python3.10/site-packages/quadruped_servo/__init__.py to __init__.cpython-310.pyc
running install_data
creating /home/jonnydang2004/QUADRAPED/install/quadruped_servo/share/ament_index
creating /home/jonnydang2004/QUADRAPED/install/quadruped_servo/share/ament_index/resource_index
creating /home/jonnydang2004/QUADRAPED/install/quadruped_servo/share/ament_index/resource_index/packages
copying resource/quadruped_servo -> /home/jonnydang2004/QUADRAPED/install/quadruped_servo/share/ament_index/resource_index/packages
copying package.xml -> /home/jonnydang2004/QUADRAPED/install/quadruped_servo/share/quadruped_servo
running install_egg_info
Copying ../../build/quadruped_servo/quadruped_servo.egg-info to /home/jonnydang2004/QUADRAPED/install/quadruped_servo/lib/python3.10/site-packages/quadruped_servo-0.0.0-py3.10.egg-info
running install_scripts
Installing servo_node script to /home/jonnydang2004/QUADRAPED/install/quadruped_servo/lib/quadruped_servo
writing list of installed files to '/home/jonnydang2004/QUADRAPED/build/quadruped_servo/install.log'
