[2.506s] Invoking command in '/home/jonnydang2004/QUADRAPED/src/quadruped_servo': PYTHONPATH=/home/jonnydang2004/QUADRAPED/build/quadruped_servo/prefix_override:/home/jonnydang2004/QUADRAPED/install/quadruped_servo/lib/python3.10/site-packages:${PYTHONPATH} /usr/bin/python3 -W ignore:setup.py install is deprecated setup.py egg_info --egg-base ../../build/quadruped_servo build --build-base /home/jonnydang2004/QUADRAPED/build/quadruped_servo/build install --record /home/jonnydang2004/QUADRAPED/build/quadruped_servo/install.log --single-version-externally-managed install_data
[4.057s] running egg_info
[4.060s] writing ../../build/quadruped_servo/quadruped_servo.egg-info/PKG-INFO
[4.061s] writing dependency_links to ../../build/quadruped_servo/quadruped_servo.egg-info/dependency_links.txt
[4.061s] writing entry points to ../../build/quadruped_servo/quadruped_servo.egg-info/entry_points.txt
[4.061s] writing requirements to ../../build/quadruped_servo/quadruped_servo.egg-info/requires.txt
[4.062s] writing top-level names to ../../build/quadruped_servo/quadruped_servo.egg-info/top_level.txt
[4.066s] reading manifest file '../../build/quadruped_servo/quadruped_servo.egg-info/SOURCES.txt'
[4.067s] adding license file 'LICENSE'
[4.068s] writing manifest file '../../build/quadruped_servo/quadruped_servo.egg-info/SOURCES.txt'
[4.069s] running build
[4.069s] running build_py
[4.070s] running install
[4.070s] running install_lib
[4.086s] running install_data
[4.086s] running install_egg_info
[4.089s] removing '/home/jonnydang2004/QUADRAPED/install/quadruped_servo/lib/python3.10/site-packages/quadruped_servo-0.0.0-py3.10.egg-info' (and everything under it)
[4.100s] Copying ../../build/quadruped_servo/quadruped_servo.egg-info to /home/jonnydang2004/QUADRAPED/install/quadruped_servo/lib/python3.10/site-packages/quadruped_servo-0.0.0-py3.10.egg-info
[4.100s] running install_scripts
[4.212s] Installing servo_node script to /home/jonnydang2004/QUADRAPED/install/quadruped_servo/lib/quadruped_servo
[4.214s] writing list of installed files to '/home/jonnydang2004/QUADRAPED/build/quadruped_servo/install.log'
[4.315s] Invoked command in '/home/jonnydang2004/QUADRAPED/src/quadruped_servo' returned '0': PYTHONPATH=/home/jonnydang2004/QUADRAPED/build/quadruped_servo/prefix_override:/home/jonnydang2004/QUADRAPED/install/quadruped_servo/lib/python3.10/site-packages:${PYTHONPATH} /usr/bin/python3 -W ignore:setup.py install is deprecated setup.py egg_info --egg-base ../../build/quadruped_servo build --build-base /home/jonnydang2004/QUADRAPED/build/quadruped_servo/build install --record /home/jonnydang2004/QUADRAPED/build/quadruped_servo/install.log --single-version-externally-managed install_data
