[0.578s] DEBUG:colcon:Command line arguments: ['/usr/bin/colcon', 'build']
[0.579s] DEBUG:colcon:Parsed command line arguments: Namespace(log_base=None, log_level=None, verb_name='build', build_base='build', install_base='install', merge_install=False, symlink_install=False, test_result_base=None, continue_on_error=False, executor='parallel', parallel_workers=4, event_handlers=None, ignore_user_meta=False, metas=['./colcon.meta'], base_paths=['.'], packages_ignore=None, packages_ignore_regex=None, paths=None, packages_up_to=None, packages_up_to_regex=None, packages_above=None, packages_above_and_dependencies=None, packages_above_depth=None, packages_select_by_dep=None, packages_skip_by_dep=None, packages_skip_up_to=None, packages_select_build_failed=False, packages_skip_build_finished=False, packages_select_test_failures=False, packages_skip_test_passed=False, packages_select=None, packages_skip=None, packages_select_regex=None, packages_skip_regex=None, packages_start=None, packages_end=None, allow_overriding=[], cmake_args=None, cmake_target=None, cmake_target_skip_unavailable=False, cmake_clean_cache=False, cmake_clean_first=False, cmake_force_configure=False, ament_cmake_args=None, catkin_cmake_args=None, catkin_skip_building_tests=False, mixin_files=None, mixin=None, verb_parser=<colcon_mixin.mixin.mixin_argument.MixinArgumentDecorator object at 0x7f70214a3d00>, verb_extension=<colcon_core.verb.build.BuildVerb object at 0x7f70214a3490>, main=<bound method BuildVerb.main of <colcon_core.verb.build.BuildVerb object at 0x7f70214a3490>>, mixin_verb=('build',))
[1.200s] Level 1:colcon.colcon_core.package_discovery:discover_packages(colcon_meta) check parameters
[1.200s] Level 1:colcon.colcon_core.package_discovery:discover_packages(recursive) check parameters
[1.200s] Level 1:colcon.colcon_core.package_discovery:discover_packages(ignore) check parameters
[1.200s] Level 1:colcon.colcon_core.package_discovery:discover_packages(path) check parameters
[1.200s] Level 1:colcon.colcon_core.package_discovery:discover_packages(colcon_meta) discover
[1.200s] Level 1:colcon.colcon_core.package_discovery:discover_packages(recursive) discover
[1.201s] INFO:colcon.colcon_core.package_discovery:Crawling recursively for packages in '/home/jonnydang2004/QUADRAPED'
[1.201s] Level 1:colcon.colcon_core.package_identification:_identify(.) by extensions ['ignore', 'ignore_ament_install']
[1.201s] Level 1:colcon.colcon_core.package_identification:_identify(.) by extension 'ignore'
[1.201s] Level 1:colcon.colcon_core.package_identification:_identify(.) by extension 'ignore_ament_install'
[1.201s] Level 1:colcon.colcon_core.package_identification:_identify(.) by extensions ['colcon_pkg']
[1.202s] Level 1:colcon.colcon_core.package_identification:_identify(.) by extension 'colcon_pkg'
[1.202s] Level 1:colcon.colcon_core.package_identification:_identify(.) by extensions ['colcon_meta']
[1.202s] Level 1:colcon.colcon_core.package_identification:_identify(.) by extension 'colcon_meta'
[1.202s] Level 1:colcon.colcon_core.package_identification:_identify(.) by extensions ['ros']
[1.202s] Level 1:colcon.colcon_core.package_identification:_identify(.) by extension 'ros'
[1.225s] Level 1:colcon.colcon_core.package_identification:_identify(.) by extensions ['cmake', 'python']
[1.226s] Level 1:colcon.colcon_core.package_identification:_identify(.) by extension 'cmake'
[1.226s] Level 1:colcon.colcon_core.package_identification:_identify(.) by extension 'python'
[1.226s] Level 1:colcon.colcon_core.package_identification:_identify(.) by extensions ['python_setup_py']
[1.226s] Level 1:colcon.colcon_core.package_identification:_identify(.) by extension 'python_setup_py'
[1.227s] Level 1:colcon.colcon_core.package_identification:_identify(build) by extensions ['ignore', 'ignore_ament_install']
[1.227s] Level 1:colcon.colcon_core.package_identification:_identify(build) by extension 'ignore'
[1.227s] Level 1:colcon.colcon_core.package_identification:_identify(build) ignored
[1.228s] Level 1:colcon.colcon_core.package_identification:_identify(install) by extensions ['ignore', 'ignore_ament_install']
[1.228s] Level 1:colcon.colcon_core.package_identification:_identify(install) by extension 'ignore'
[1.228s] Level 1:colcon.colcon_core.package_identification:_identify(install) ignored
[1.229s] Level 1:colcon.colcon_core.package_identification:_identify(log) by extensions ['ignore', 'ignore_ament_install']
[1.229s] Level 1:colcon.colcon_core.package_identification:_identify(log) by extension 'ignore'
[1.229s] Level 1:colcon.colcon_core.package_identification:_identify(log) ignored
[1.230s] Level 1:colcon.colcon_core.package_identification:_identify(src) by extensions ['ignore', 'ignore_ament_install']
[1.230s] Level 1:colcon.colcon_core.package_identification:_identify(src) by extension 'ignore'
[1.230s] Level 1:colcon.colcon_core.package_identification:_identify(src) by extension 'ignore_ament_install'
[1.230s] Level 1:colcon.colcon_core.package_identification:_identify(src) by extensions ['colcon_pkg']
[1.230s] Level 1:colcon.colcon_core.package_identification:_identify(src) by extension 'colcon_pkg'
[1.230s] Level 1:colcon.colcon_core.package_identification:_identify(src) by extensions ['colcon_meta']
[1.230s] Level 1:colcon.colcon_core.package_identification:_identify(src) by extension 'colcon_meta'
[1.231s] Level 1:colcon.colcon_core.package_identification:_identify(src) by extensions ['ros']
[1.231s] Level 1:colcon.colcon_core.package_identification:_identify(src) by extension 'ros'
[1.231s] Level 1:colcon.colcon_core.package_identification:_identify(src) by extensions ['cmake', 'python']
[1.231s] Level 1:colcon.colcon_core.package_identification:_identify(src) by extension 'cmake'
[1.231s] Level 1:colcon.colcon_core.package_identification:_identify(src) by extension 'python'
[1.231s] Level 1:colcon.colcon_core.package_identification:_identify(src) by extensions ['python_setup_py']
[1.232s] Level 1:colcon.colcon_core.package_identification:_identify(src) by extension 'python_setup_py'
[1.232s] Level 1:colcon.colcon_core.package_identification:_identify(src/quadruped_control) by extensions ['ignore', 'ignore_ament_install']
[1.232s] Level 1:colcon.colcon_core.package_identification:_identify(src/quadruped_control) by extension 'ignore'
[1.232s] Level 1:colcon.colcon_core.package_identification:_identify(src/quadruped_control) by extension 'ignore_ament_install'
[1.233s] Level 1:colcon.colcon_core.package_identification:_identify(src/quadruped_control) by extensions ['colcon_pkg']
[1.234s] Level 1:colcon.colcon_core.package_identification:_identify(src/quadruped_control) by extension 'colcon_pkg'
[1.234s] Level 1:colcon.colcon_core.package_identification:_identify(src/quadruped_control) by extensions ['colcon_meta']
[1.234s] Level 1:colcon.colcon_core.package_identification:_identify(src/quadruped_control) by extension 'colcon_meta'
[1.234s] Level 1:colcon.colcon_core.package_identification:_identify(src/quadruped_control) by extensions ['ros']
[1.234s] Level 1:colcon.colcon_core.package_identification:_identify(src/quadruped_control) by extension 'ros'
[1.241s] DEBUG:colcon.colcon_core.package_identification:Package 'src/quadruped_control' with type 'ros.ament_cmake' and name 'quadruped_control'
[1.241s] Level 1:colcon.colcon_core.package_identification:_identify(src/quadruped_interfaces) by extensions ['ignore', 'ignore_ament_install']
[1.241s] Level 1:colcon.colcon_core.package_identification:_identify(src/quadruped_interfaces) by extension 'ignore'
[1.242s] Level 1:colcon.colcon_core.package_identification:_identify(src/quadruped_interfaces) by extension 'ignore_ament_install'
[1.242s] Level 1:colcon.colcon_core.package_identification:_identify(src/quadruped_interfaces) by extensions ['colcon_pkg']
[1.242s] Level 1:colcon.colcon_core.package_identification:_identify(src/quadruped_interfaces) by extension 'colcon_pkg'
[1.242s] Level 1:colcon.colcon_core.package_identification:_identify(src/quadruped_interfaces) by extensions ['colcon_meta']
[1.242s] Level 1:colcon.colcon_core.package_identification:_identify(src/quadruped_interfaces) by extension 'colcon_meta'
[1.242s] Level 1:colcon.colcon_core.package_identification:_identify(src/quadruped_interfaces) by extensions ['ros']
[1.242s] Level 1:colcon.colcon_core.package_identification:_identify(src/quadruped_interfaces) by extension 'ros'
[1.243s] DEBUG:colcon.colcon_core.package_identification:Package 'src/quadruped_interfaces' with type 'ros.ament_cmake' and name 'quadruped_interfaces'
[1.244s] Level 1:colcon.colcon_core.package_discovery:discover_packages(recursive) using defaults
[1.244s] Level 1:colcon.colcon_core.package_discovery:discover_packages(ignore) discover
[1.244s] Level 1:colcon.colcon_core.package_discovery:discover_packages(ignore) using defaults
[1.244s] Level 1:colcon.colcon_core.package_discovery:discover_packages(path) discover
[1.244s] Level 1:colcon.colcon_core.package_discovery:discover_packages(path) using defaults
[1.310s] Level 1:colcon.colcon_core.package_discovery:discover_packages(prefix_path) check parameters
[1.310s] Level 1:colcon.colcon_core.package_discovery:discover_packages(prefix_path) discover
[1.315s] DEBUG:colcon.colcon_installed_package_information.package_discovery:Found 333 installed packages in /opt/ros/iron
[1.321s] Level 1:colcon.colcon_core.package_discovery:discover_packages(prefix_path) using defaults
[1.455s] Level 5:colcon.colcon_core.verb:set package 'quadruped_interfaces' build argument 'cmake_args' from command line to 'None'
[1.456s] Level 5:colcon.colcon_core.verb:set package 'quadruped_interfaces' build argument 'cmake_target' from command line to 'None'
[1.456s] Level 5:colcon.colcon_core.verb:set package 'quadruped_interfaces' build argument 'cmake_target_skip_unavailable' from command line to 'False'
[1.456s] Level 5:colcon.colcon_core.verb:set package 'quadruped_interfaces' build argument 'cmake_clean_cache' from command line to 'False'
[1.456s] Level 5:colcon.colcon_core.verb:set package 'quadruped_interfaces' build argument 'cmake_clean_first' from command line to 'False'
[1.456s] Level 5:colcon.colcon_core.verb:set package 'quadruped_interfaces' build argument 'cmake_force_configure' from command line to 'False'
[1.456s] Level 5:colcon.colcon_core.verb:set package 'quadruped_interfaces' build argument 'ament_cmake_args' from command line to 'None'
[1.457s] Level 5:colcon.colcon_core.verb:set package 'quadruped_interfaces' build argument 'catkin_cmake_args' from command line to 'None'
[1.457s] Level 5:colcon.colcon_core.verb:set package 'quadruped_interfaces' build argument 'catkin_skip_building_tests' from command line to 'False'
[1.457s] DEBUG:colcon.colcon_core.verb:Building package 'quadruped_interfaces' with the following arguments: {'ament_cmake_args': None, 'build_base': '/home/jonnydang2004/QUADRAPED/build/quadruped_interfaces', 'catkin_cmake_args': None, 'catkin_skip_building_tests': False, 'cmake_args': None, 'cmake_clean_cache': False, 'cmake_clean_first': False, 'cmake_force_configure': False, 'cmake_target': None, 'cmake_target_skip_unavailable': False, 'install_base': '/home/jonnydang2004/QUADRAPED/install/quadruped_interfaces', 'merge_install': False, 'path': '/home/jonnydang2004/QUADRAPED/src/quadruped_interfaces', 'symlink_install': False, 'test_result_base': None}
[1.460s] Level 5:colcon.colcon_core.verb:set package 'quadruped_control' build argument 'cmake_args' from command line to 'None'
[1.460s] Level 5:colcon.colcon_core.verb:set package 'quadruped_control' build argument 'cmake_target' from command line to 'None'
[1.460s] Level 5:colcon.colcon_core.verb:set package 'quadruped_control' build argument 'cmake_target_skip_unavailable' from command line to 'False'
[1.460s] Level 5:colcon.colcon_core.verb:set package 'quadruped_control' build argument 'cmake_clean_cache' from command line to 'False'
[1.460s] Level 5:colcon.colcon_core.verb:set package 'quadruped_control' build argument 'cmake_clean_first' from command line to 'False'
[1.460s] Level 5:colcon.colcon_core.verb:set package 'quadruped_control' build argument 'cmake_force_configure' from command line to 'False'
[1.460s] Level 5:colcon.colcon_core.verb:set package 'quadruped_control' build argument 'ament_cmake_args' from command line to 'None'
[1.461s] Level 5:colcon.colcon_core.verb:set package 'quadruped_control' build argument 'catkin_cmake_args' from command line to 'None'
[1.461s] Level 5:colcon.colcon_core.verb:set package 'quadruped_control' build argument 'catkin_skip_building_tests' from command line to 'False'
[1.461s] DEBUG:colcon.colcon_core.verb:Building package 'quadruped_control' with the following arguments: {'ament_cmake_args': None, 'build_base': '/home/jonnydang2004/QUADRAPED/build/quadruped_control', 'catkin_cmake_args': None, 'catkin_skip_building_tests': False, 'cmake_args': None, 'cmake_clean_cache': False, 'cmake_clean_first': False, 'cmake_force_configure': False, 'cmake_target': None, 'cmake_target_skip_unavailable': False, 'install_base': '/home/jonnydang2004/QUADRAPED/install/quadruped_control', 'merge_install': False, 'path': '/home/jonnydang2004/QUADRAPED/src/quadruped_control', 'symlink_install': False, 'test_result_base': None}
[1.461s] INFO:colcon.colcon_core.executor:Executing jobs using 'parallel' executor
[1.464s] DEBUG:colcon.colcon_parallel_executor.executor.parallel:run_until_complete
[1.465s] INFO:colcon.colcon_ros.task.ament_cmake.build:Building ROS package in '/home/jonnydang2004/QUADRAPED/src/quadruped_interfaces' with build type 'ament_cmake'
[1.465s] INFO:colcon.colcon_cmake.task.cmake.build:Building CMake package in '/home/jonnydang2004/QUADRAPED/src/quadruped_interfaces'
[1.472s] INFO:colcon.colcon_core.plugin_system:Skipping extension 'colcon_core.shell.bat': Not used on non-Windows systems
[1.473s] INFO:colcon.colcon_core.shell:Skip shell extension 'powershell' for command environment: Not usable outside of PowerShell
[1.473s] DEBUG:colcon.colcon_core.shell:Skip shell extension 'dsv' for command environment
[1.521s] DEBUG:colcon.colcon_core.event_handler.log_command:Invoking command in '/home/jonnydang2004/QUADRAPED/build/quadruped_interfaces': CMAKE_PREFIX_PATH=/opt/ros/iron /usr/bin/cmake --build /home/jonnydang2004/QUADRAPED/build/quadruped_interfaces -- -j4 -l4
[3.651s] DEBUG:colcon.colcon_core.event_handler.log_command:Invoked command in '/home/jonnydang2004/QUADRAPED/build/quadruped_interfaces' returned '0': CMAKE_PREFIX_PATH=/opt/ros/iron /usr/bin/cmake --build /home/jonnydang2004/QUADRAPED/build/quadruped_interfaces -- -j4 -l4
[3.998s] DEBUG:colcon.colcon_core.event_handler.log_command:Invoking command in '/home/jonnydang2004/QUADRAPED/build/quadruped_interfaces': CMAKE_PREFIX_PATH=/opt/ros/iron /usr/bin/cmake --install /home/jonnydang2004/QUADRAPED/build/quadruped_interfaces
[4.317s] Level 1:colcon.colcon_core.environment:create_environment_scripts_only(quadruped_interfaces)
[4.329s] DEBUG:colcon.colcon_core.event_handler.log_command:Invoked command in '/home/jonnydang2004/QUADRAPED/build/quadruped_interfaces' returned '0': CMAKE_PREFIX_PATH=/opt/ros/iron /usr/bin/cmake --install /home/jonnydang2004/QUADRAPED/build/quadruped_interfaces
[4.340s] Level 1:colcon.colcon_core.environment:checking '/home/jonnydang2004/QUADRAPED/install/quadruped_interfaces' for CMake module files
[4.342s] Level 1:colcon.colcon_core.environment:checking '/home/jonnydang2004/QUADRAPED/install/quadruped_interfaces' for CMake config files
[4.344s] Level 1:colcon.colcon_core.shell:create_environment_hook('quadruped_interfaces', 'cmake_prefix_path')
[4.345s] INFO:colcon.colcon_core.shell:Creating environment hook '/home/jonnydang2004/QUADRAPED/install/quadruped_interfaces/share/quadruped_interfaces/hook/cmake_prefix_path.ps1'
[4.350s] INFO:colcon.colcon_core.shell:Creating environment descriptor '/home/jonnydang2004/QUADRAPED/install/quadruped_interfaces/share/quadruped_interfaces/hook/cmake_prefix_path.dsv'
[4.351s] INFO:colcon.colcon_core.shell:Creating environment hook '/home/jonnydang2004/QUADRAPED/install/quadruped_interfaces/share/quadruped_interfaces/hook/cmake_prefix_path.sh'
[4.354s] Level 1:colcon.colcon_core.environment:checking '/home/jonnydang2004/QUADRAPED/install/quadruped_interfaces/lib'
[4.355s] Level 1:colcon.colcon_core.shell:create_environment_hook('quadruped_interfaces', 'ld_library_path_lib')
[4.356s] INFO:colcon.colcon_core.shell:Creating environment hook '/home/jonnydang2004/QUADRAPED/install/quadruped_interfaces/share/quadruped_interfaces/hook/ld_library_path_lib.ps1'
[4.357s] INFO:colcon.colcon_core.shell:Creating environment descriptor '/home/jonnydang2004/QUADRAPED/install/quadruped_interfaces/share/quadruped_interfaces/hook/ld_library_path_lib.dsv'
[4.358s] INFO:colcon.colcon_core.shell:Creating environment hook '/home/jonnydang2004/QUADRAPED/install/quadruped_interfaces/share/quadruped_interfaces/hook/ld_library_path_lib.sh'
[4.360s] Level 1:colcon.colcon_core.environment:checking '/home/jonnydang2004/QUADRAPED/install/quadruped_interfaces/bin'
[4.360s] Level 1:colcon.colcon_core.environment:checking '/home/jonnydang2004/QUADRAPED/install/quadruped_interfaces/lib/pkgconfig/quadruped_interfaces.pc'
[4.361s] Level 1:colcon.colcon_core.environment:checking '/home/jonnydang2004/QUADRAPED/install/quadruped_interfaces/lib/python3.10/site-packages'
[4.361s] Level 1:colcon.colcon_core.shell:create_environment_hook('quadruped_interfaces', 'pythonpath')
[4.362s] INFO:colcon.colcon_core.shell:Creating environment hook '/home/jonnydang2004/QUADRAPED/install/quadruped_interfaces/share/quadruped_interfaces/hook/pythonpath.ps1'
[4.366s] INFO:colcon.colcon_core.shell:Creating environment descriptor '/home/jonnydang2004/QUADRAPED/install/quadruped_interfaces/share/quadruped_interfaces/hook/pythonpath.dsv'
[4.367s] INFO:colcon.colcon_core.shell:Creating environment hook '/home/jonnydang2004/QUADRAPED/install/quadruped_interfaces/share/quadruped_interfaces/hook/pythonpath.sh'
[4.372s] Level 1:colcon.colcon_core.environment:checking '/home/jonnydang2004/QUADRAPED/install/quadruped_interfaces/bin'
[4.374s] INFO:colcon.colcon_core.shell:Creating package script '/home/jonnydang2004/QUADRAPED/install/quadruped_interfaces/share/quadruped_interfaces/package.ps1'
[4.376s] INFO:colcon.colcon_core.shell:Creating package descriptor '/home/jonnydang2004/QUADRAPED/install/quadruped_interfaces/share/quadruped_interfaces/package.dsv'
[4.378s] INFO:colcon.colcon_core.shell:Creating package script '/home/jonnydang2004/QUADRAPED/install/quadruped_interfaces/share/quadruped_interfaces/package.sh'
[4.381s] INFO:colcon.colcon_core.shell:Creating package script '/home/jonnydang2004/QUADRAPED/install/quadruped_interfaces/share/quadruped_interfaces/package.bash'
[4.384s] INFO:colcon.colcon_core.shell:Creating package script '/home/jonnydang2004/QUADRAPED/install/quadruped_interfaces/share/quadruped_interfaces/package.zsh'
[4.386s] Level 1:colcon.colcon_core.environment:create_file_with_runtime_dependencies(/home/jonnydang2004/QUADRAPED/install/quadruped_interfaces/share/colcon-core/packages/quadruped_interfaces)
[4.597s] Level 1:colcon.colcon_core.environment:create_environment_scripts_only(quadruped_interfaces)
[4.598s] Level 1:colcon.colcon_core.environment:checking '/home/jonnydang2004/QUADRAPED/install/quadruped_interfaces' for CMake module files
[4.600s] Level 1:colcon.colcon_core.environment:checking '/home/jonnydang2004/QUADRAPED/install/quadruped_interfaces' for CMake config files
[4.602s] Level 1:colcon.colcon_core.shell:create_environment_hook('quadruped_interfaces', 'cmake_prefix_path')
[4.603s] INFO:colcon.colcon_core.shell:Creating environment hook '/home/jonnydang2004/QUADRAPED/install/quadruped_interfaces/share/quadruped_interfaces/hook/cmake_prefix_path.ps1'
[4.606s] INFO:colcon.colcon_core.shell:Creating environment descriptor '/home/jonnydang2004/QUADRAPED/install/quadruped_interfaces/share/quadruped_interfaces/hook/cmake_prefix_path.dsv'
[4.607s] INFO:colcon.colcon_core.shell:Creating environment hook '/home/jonnydang2004/QUADRAPED/install/quadruped_interfaces/share/quadruped_interfaces/hook/cmake_prefix_path.sh'
[4.609s] Level 1:colcon.colcon_core.environment:checking '/home/jonnydang2004/QUADRAPED/install/quadruped_interfaces/lib'
[4.610s] Level 1:colcon.colcon_core.shell:create_environment_hook('quadruped_interfaces', 'ld_library_path_lib')
[4.611s] INFO:colcon.colcon_core.shell:Creating environment hook '/home/jonnydang2004/QUADRAPED/install/quadruped_interfaces/share/quadruped_interfaces/hook/ld_library_path_lib.ps1'
[4.613s] INFO:colcon.colcon_core.shell:Creating environment descriptor '/home/jonnydang2004/QUADRAPED/install/quadruped_interfaces/share/quadruped_interfaces/hook/ld_library_path_lib.dsv'
[4.615s] INFO:colcon.colcon_core.shell:Creating environment hook '/home/jonnydang2004/QUADRAPED/install/quadruped_interfaces/share/quadruped_interfaces/hook/ld_library_path_lib.sh'
[4.617s] Level 1:colcon.colcon_core.environment:checking '/home/jonnydang2004/QUADRAPED/install/quadruped_interfaces/bin'
[4.618s] Level 1:colcon.colcon_core.environment:checking '/home/jonnydang2004/QUADRAPED/install/quadruped_interfaces/lib/pkgconfig/quadruped_interfaces.pc'
[4.619s] Level 1:colcon.colcon_core.environment:checking '/home/jonnydang2004/QUADRAPED/install/quadruped_interfaces/lib/python3.10/site-packages'
[4.620s] Level 1:colcon.colcon_core.shell:create_environment_hook('quadruped_interfaces', 'pythonpath')
[4.621s] INFO:colcon.colcon_core.shell:Creating environment hook '/home/jonnydang2004/QUADRAPED/install/quadruped_interfaces/share/quadruped_interfaces/hook/pythonpath.ps1'
[4.624s] INFO:colcon.colcon_core.shell:Creating environment descriptor '/home/jonnydang2004/QUADRAPED/install/quadruped_interfaces/share/quadruped_interfaces/hook/pythonpath.dsv'
[4.627s] INFO:colcon.colcon_core.shell:Creating environment hook '/home/jonnydang2004/QUADRAPED/install/quadruped_interfaces/share/quadruped_interfaces/hook/pythonpath.sh'
[4.629s] Level 1:colcon.colcon_core.environment:checking '/home/jonnydang2004/QUADRAPED/install/quadruped_interfaces/bin'
[4.632s] INFO:colcon.colcon_core.shell:Creating package script '/home/jonnydang2004/QUADRAPED/install/quadruped_interfaces/share/quadruped_interfaces/package.ps1'
[4.634s] INFO:colcon.colcon_core.shell:Creating package descriptor '/home/jonnydang2004/QUADRAPED/install/quadruped_interfaces/share/quadruped_interfaces/package.dsv'
[4.636s] INFO:colcon.colcon_core.shell:Creating package script '/home/jonnydang2004/QUADRAPED/install/quadruped_interfaces/share/quadruped_interfaces/package.sh'
[4.638s] INFO:colcon.colcon_core.shell:Creating package script '/home/jonnydang2004/QUADRAPED/install/quadruped_interfaces/share/quadruped_interfaces/package.bash'
[4.639s] INFO:colcon.colcon_core.shell:Creating package script '/home/jonnydang2004/QUADRAPED/install/quadruped_interfaces/share/quadruped_interfaces/package.zsh'
[4.641s] Level 1:colcon.colcon_core.environment:create_file_with_runtime_dependencies(/home/jonnydang2004/QUADRAPED/install/quadruped_interfaces/share/colcon-core/packages/quadruped_interfaces)
[4.643s] INFO:colcon.colcon_ros.task.ament_cmake.build:Building ROS package in '/home/jonnydang2004/QUADRAPED/src/quadruped_control' with build type 'ament_cmake'
[4.644s] INFO:colcon.colcon_cmake.task.cmake.build:Building CMake package in '/home/jonnydang2004/QUADRAPED/src/quadruped_control'
[4.645s] INFO:colcon.colcon_core.shell:Skip shell extension 'powershell' for command environment: Not usable outside of PowerShell
[4.645s] DEBUG:colcon.colcon_core.shell:Skip shell extension 'dsv' for command environment
[5.159s] DEBUG:colcon.colcon_core.event_handler.log_command:Invoking command in '/home/jonnydang2004/QUADRAPED/build/quadruped_control': AMENT_PREFIX_PATH=/home/jonnydang2004/QUADRAPED/install/quadruped_interfaces:${AMENT_PREFIX_PATH} CMAKE_PREFIX_PATH=/home/jonnydang2004/QUADRAPED/install/quadruped_interfaces:/opt/ros/iron LD_LIBRARY_PATH=/home/jonnydang2004/QUADRAPED/install/quadruped_interfaces/lib:${LD_LIBRARY_PATH} PYTHONPATH=/home/jonnydang2004/QUADRAPED/install/quadruped_interfaces/lib/python3.10/site-packages:${PYTHONPATH} /usr/bin/cmake --build /home/jonnydang2004/QUADRAPED/build/quadruped_control -- -j4 -l4
[24.336s] DEBUG:colcon.colcon_core.event_handler.log_command:Invoked command in '/home/jonnydang2004/QUADRAPED/build/quadruped_control' returned '2': AMENT_PREFIX_PATH=/home/jonnydang2004/QUADRAPED/install/quadruped_interfaces:${AMENT_PREFIX_PATH} CMAKE_PREFIX_PATH=/home/jonnydang2004/QUADRAPED/install/quadruped_interfaces:/opt/ros/iron LD_LIBRARY_PATH=/home/jonnydang2004/QUADRAPED/install/quadruped_interfaces/lib:${LD_LIBRARY_PATH} PYTHONPATH=/home/jonnydang2004/QUADRAPED/install/quadruped_interfaces/lib/python3.10/site-packages:${PYTHONPATH} /usr/bin/cmake --build /home/jonnydang2004/QUADRAPED/build/quadruped_control -- -j4 -l4
[24.426s] Level 1:colcon.colcon_core.environment:create_environment_scripts_only(quadruped_control)
[24.426s] Level 1:colcon.colcon_core.environment:checking '/home/jonnydang2004/QUADRAPED/install/quadruped_control' for CMake module files
[24.427s] Level 1:colcon.colcon_core.environment:checking '/home/jonnydang2004/QUADRAPED/install/quadruped_control' for CMake config files
[24.428s] Level 1:colcon.colcon_core.environment:checking '/home/jonnydang2004/QUADRAPED/install/quadruped_control/bin'
[24.428s] Level 1:colcon.colcon_core.environment:checking '/home/jonnydang2004/QUADRAPED/install/quadruped_control/lib/pkgconfig/quadruped_control.pc'
[24.429s] Level 1:colcon.colcon_core.environment:checking '/home/jonnydang2004/QUADRAPED/install/quadruped_control/lib/python3.10/site-packages'
[24.430s] Level 1:colcon.colcon_core.environment:checking '/home/jonnydang2004/QUADRAPED/install/quadruped_control/bin'
[24.431s] INFO:colcon.colcon_core.shell:Creating package script '/home/jonnydang2004/QUADRAPED/install/quadruped_control/share/quadruped_control/package.ps1'
[24.432s] INFO:colcon.colcon_core.shell:Creating package descriptor '/home/jonnydang2004/QUADRAPED/install/quadruped_control/share/quadruped_control/package.dsv'
[24.433s] INFO:colcon.colcon_core.shell:Creating package script '/home/jonnydang2004/QUADRAPED/install/quadruped_control/share/quadruped_control/package.sh'
[24.434s] INFO:colcon.colcon_core.shell:Creating package script '/home/jonnydang2004/QUADRAPED/install/quadruped_control/share/quadruped_control/package.bash'
[24.435s] INFO:colcon.colcon_core.shell:Creating package script '/home/jonnydang2004/QUADRAPED/install/quadruped_control/share/quadruped_control/package.zsh'
[24.436s] Level 1:colcon.colcon_core.environment:create_file_with_runtime_dependencies(/home/jonnydang2004/QUADRAPED/install/quadruped_control/share/colcon-core/packages/quadruped_control)
[24.448s] DEBUG:colcon.colcon_parallel_executor.executor.parallel:closing loop
[24.448s] DEBUG:colcon.colcon_parallel_executor.executor.parallel:loop closed
[24.449s] DEBUG:colcon.colcon_parallel_executor.executor.parallel:run_until_complete finished with '2'
[24.449s] DEBUG:colcon.colcon_core.event_reactor:joining thread
[24.592s] INFO:colcon.colcon_core.plugin_system:Skipping extension 'colcon_notification.desktop_notification.notify_send': Could not find 'notify-send'
[24.592s] INFO:colcon.colcon_core.plugin_system:Skipping extension 'colcon_notification.desktop_notification.terminal_notifier': Not used on non-Darwin systems
[24.592s] INFO:colcon.colcon_core.plugin_system:Skipping extension 'colcon_notification.desktop_notification.win32': Not used on non-Windows systems
[24.593s] INFO:colcon.colcon_notification.desktop_notification:Sending desktop notification using 'notify2'
[24.593s] DEBUG:colcon.colcon_notification.desktop_notification.notify2:Failed to initialize notify2: org.freedesktop.DBus.Error.FileNotFound: Failed to connect to socket /run/user/1000/bus: No such file or directory
[24.593s] DEBUG:colcon.colcon_core.event_reactor:joined thread
[24.594s] INFO:colcon.colcon_core.shell:Creating prefix script '/home/jonnydang2004/QUADRAPED/install/local_setup.ps1'
[24.597s] INFO:colcon.colcon_core.shell:Creating prefix util module '/home/jonnydang2004/QUADRAPED/install/_local_setup_util_ps1.py'
[24.600s] INFO:colcon.colcon_core.shell:Creating prefix chain script '/home/jonnydang2004/QUADRAPED/install/setup.ps1'
[24.603s] INFO:colcon.colcon_core.shell:Creating prefix script '/home/jonnydang2004/QUADRAPED/install/local_setup.sh'
[24.604s] INFO:colcon.colcon_core.shell:Creating prefix util module '/home/jonnydang2004/QUADRAPED/install/_local_setup_util_sh.py'
[24.606s] INFO:colcon.colcon_core.shell:Creating prefix chain script '/home/jonnydang2004/QUADRAPED/install/setup.sh'
[24.609s] INFO:colcon.colcon_core.shell:Creating prefix script '/home/jonnydang2004/QUADRAPED/install/local_setup.bash'
[24.610s] INFO:colcon.colcon_core.shell:Creating prefix chain script '/home/jonnydang2004/QUADRAPED/install/setup.bash'
[24.612s] INFO:colcon.colcon_core.shell:Creating prefix script '/home/jonnydang2004/QUADRAPED/install/local_setup.zsh'
[24.614s] INFO:colcon.colcon_core.shell:Creating prefix chain script '/home/jonnydang2004/QUADRAPED/install/setup.zsh'
