-- The C compiler identification is GNU 11.4.0
-- The CXX compiler identification is GNU 11.4.0
-- Detecting C compiler ABI info
-- Detecting C compiler ABI info - done
-- Check for working C compiler: /usr/bin/cc - skipped
-- Detecting C compile features
-- Detecting C compile features - done
-- Detecting CXX compiler ABI info
-- Detecting CXX compiler ABI info - done
-- Check for working CXX compiler: /usr/bin/c++ - skipped
-- Detecting CXX compile features
-- Detecting CXX compile features - done
-- Configuring done
-- Generating done
-- Build files have been written to: /home/jonnydang2004/QUADRAPED/build/pigpio
[  4%] [32mBuilding C object CMakeFiles/pigpio.dir/pigpio.c.o[0m
[  8%] [32mBuilding C object CMakeFiles/pigs.dir/pigs.c.o[0m
[ 13%] [32mBuilding C object CMakeFiles/pigpiod_if2.dir/pigpiod_if2.c.o[0m
[ 17%] [32mBuilding C object CMakeFiles/pigpiod_if.dir/pigpiod_if.c.o[0m
[ 21%] [32mBuilding C object CMakeFiles/pigs.dir/command.c.o[0m
[ 26%] [32m[1mLinking C executable pigs[0m
[ 26%] Built target pigs
[ 30%] [32mBuilding C object CMakeFiles/pigpiod_if.dir/command.c.o[0m
[ 34%] [32mBuilding C object CMakeFiles/pig2vcd.dir/pig2vcd.c.o[0m
[ 39%] [32mBuilding C object CMakeFiles/pig2vcd.dir/command.c.o[0m
[ 43%] [32m[1mLinking C shared library libpigpiod_if.so[0m
[ 43%] Built target pigpiod_if
[ 47%] [32mBuilding C object CMakeFiles/x_pigpiod_if.dir/x_pigpiod_if.c.o[0m
[ 52%] [32m[1mLinking C executable pig2vcd[0m
[ 56%] [32mBuilding C object CMakeFiles/pigpiod_if2.dir/command.c.o[0m
[ 56%] Built target pig2vcd
[ 60%] [32mBuilding C object CMakeFiles/pigpio.dir/command.c.o[0m
[ 65%] [32m[1mLinking C shared library libpigpiod_if2.so[0m
[ 69%] [32m[1mLinking C executable x_pigpiod_if[0m
[ 69%] Built target pigpiod_if2
[ 69%] Built target x_pigpiod_if
[ 73%] [32mBuilding C object CMakeFiles/x_pigpiod_if2.dir/x_pigpiod_if2.c.o[0m
[ 78%] [32m[1mLinking C executable x_pigpiod_if2[0m
[ 78%] Built target x_pigpiod_if2
[ 82%] [32m[1mLinking C shared library libpigpio.so[0m
[ 82%] Built target pigpio
[ 86%] [32mBuilding C object CMakeFiles/x_pigpio.dir/x_pigpio.c.o[0m
[ 91%] [32mBuilding C object CMakeFiles/pigpiod.dir/pigpiod.c.o[0m
[ 95%] [32m[1mLinking C executable pigpiod[0m
[ 95%] Built target pigpiod
[100%] [32m[1mLinking C executable x_pigpio[0m
[100%] Built target x_pigpio
