[0.076s] Invoking command in '/home/jonnydang2004/QUADRAPED/build/quadruped_interfaces': CMAKE_PREFIX_PATH=/opt/ros/iron /usr/bin/cmake --build /home/jonnydang2004/QUADRAPED/build/quadruped_interfaces -- -j4 -l4
[0.268s] [  2%] Built target quadruped_interfaces__rosidl_generator_type_description
[0.304s] [  2%] Built target ament_cmake_python_copy_quadruped_interfaces
[0.348s] [  8%] Built target quadruped_interfaces__cpp
[0.348s] [ 20%] Built target quadruped_interfaces__rosidl_generator_c
[0.557s] [ 29%] Built target quadruped_interfaces__rosidl_typesupport_cpp
[0.558s] [ 38%] Built target quadruped_interfaces__rosidl_typesupport_fastrtps_cpp
[0.592s] [ 47%] Built target quadruped_interfaces__rosidl_typesupport_introspection_cpp
[0.679s] [ 55%] Built target quadruped_interfaces__rosidl_typesupport_fastrtps_c
[0.693s] [ 64%] Built target quadruped_interfaces__rosidl_typesupport_introspection_c
[0.745s] [ 73%] Built target quadruped_interfaces__rosidl_typesupport_c
[0.812s] [ 73%] Built target quadruped_interfaces
[0.880s] [ 76%] Built target quadruped_interfaces__py
[0.970s] [ 82%] Built target quadruped_interfaces__rosidl_generator_py
[1.072s] [ 88%] Built target quadruped_interfaces__rosidl_typesupport_introspection_c__pyext
[1.094s] [ 94%] Built target quadruped_interfaces__rosidl_typesupport_fastrtps_c__pyext
[1.105s] [100%] Built target quadruped_interfaces__rosidl_typesupport_c__pyext
[1.708s] running egg_info
[1.710s] writing quadruped_interfaces.egg-info/PKG-INFO
[1.716s] writing dependency_links to quadruped_interfaces.egg-info/dependency_links.txt
[1.716s] writing top-level names to quadruped_interfaces.egg-info/top_level.txt
[1.738s] reading manifest file 'quadruped_interfaces.egg-info/SOURCES.txt'
[1.740s] writing manifest file 'quadruped_interfaces.egg-info/SOURCES.txt'
[1.919s] [100%] Built target ament_cmake_python_build_quadruped_interfaces_egg
