[  2%] Built target quadruped_interfaces__rosidl_generator_type_description
[  2%] Built target ament_cmake_python_copy_quadruped_interfaces
[  5%] Built target quadruped_interfaces__cpp
[ 20%] Built target quadruped_interfaces__rosidl_generator_c
[ 32%] Built target quadruped_interfaces__rosidl_typesupport_introspection_cpp
[ 38%] Built target quadruped_interfaces__rosidl_typesupport_fastrtps_cpp
[ 47%] Built target quadruped_interfaces__rosidl_typesupport_cpp
[ 55%] Built target quadruped_interfaces__rosidl_typesupport_fastrtps_c
[ 64%] Built target quadruped_interfaces__rosidl_typesupport_introspection_c
[ 73%] Built target quadruped_interfaces__rosidl_typesupport_c
[ 73%] Built target quadruped_interfaces
[ 76%] Built target quadruped_interfaces__py
[ 82%] Built target quadruped_interfaces__rosidl_generator_py
[ 88%] Built target quadruped_interfaces__rosidl_typesupport_introspection_c__pyext
[ 94%] Built target quadruped_interfaces__rosidl_typesupport_c__pyext
[100%] Built target quadruped_interfaces__rosidl_typesupport_fastrtps_c__pyext
running egg_info
writing quadruped_interfaces.egg-info/PKG-INFO
writing dependency_links to quadruped_interfaces.egg-info/dependency_links.txt
writing top-level names to quadruped_interfaces.egg-info/top_level.txt
reading manifest file 'quadruped_interfaces.egg-info/SOURCES.txt'
writing manifest file 'quadruped_interfaces.egg-info/SOURCES.txt'
[100%] Built target ament_cmake_python_build_quadruped_interfaces_egg
