[2.703s] Invoking command in '/home/jonnydang2004/QUADRAPED/src/quadruped_servo': PYTHONPATH=/home/jonnydang2004/QUADRAPED/build/quadruped_servo/prefix_override:/home/jonnydang2004/QUADRAPED/install/quadruped_servo/lib/python3.10/site-packages:${PYTHONPATH} /usr/bin/python3 -W ignore:setup.py install is deprecated setup.py egg_info --egg-base ../../build/quadruped_servo build --build-base /home/jonnydang2004/QUADRAPED/build/quadruped_servo/build install --record /home/jonnydang2004/QUADRAPED/build/quadruped_servo/install.log --single-version-externally-managed install_data
[3.887s] running egg_info
[3.888s] writing ../../build/quadruped_servo/quadruped_servo.egg-info/PKG-INFO
[3.889s] writing dependency_links to ../../build/quadruped_servo/quadruped_servo.egg-info/dependency_links.txt
[3.889s] writing entry points to ../../build/quadruped_servo/quadruped_servo.egg-info/entry_points.txt
[3.889s] writing requirements to ../../build/quadruped_servo/quadruped_servo.egg-info/requires.txt
[3.890s] writing top-level names to ../../build/quadruped_servo/quadruped_servo.egg-info/top_level.txt
[3.893s] reading manifest file '../../build/quadruped_servo/quadruped_servo.egg-info/SOURCES.txt'
[3.894s] adding license file 'LICENSE'
[3.896s] writing manifest file '../../build/quadruped_servo/quadruped_servo.egg-info/SOURCES.txt'
[3.897s] running build
[3.897s] running build_py
[3.897s] running install
[3.898s] running install_lib
[3.904s] running install_data
[3.904s] running install_egg_info
[3.907s] removing '/home/jonnydang2004/QUADRAPED/install/quadruped_servo/lib/python3.10/site-packages/quadruped_servo-0.0.0-py3.10.egg-info' (and everything under it)
[3.908s] Copying ../../build/quadruped_servo/quadruped_servo.egg-info to /home/jonnydang2004/QUADRAPED/install/quadruped_servo/lib/python3.10/site-packages/quadruped_servo-0.0.0-py3.10.egg-info
[3.910s] running install_scripts
[3.974s] Installing servo_node script to /home/jonnydang2004/QUADRAPED/install/quadruped_servo/lib/quadruped_servo
[3.975s] writing list of installed files to '/home/jonnydang2004/QUADRAPED/build/quadruped_servo/install.log'
