[0.063s] Invoking command in '/home/jonnydang2004/QUADRAPED/build/quadruped_interfaces': CMAKE_PREFIX_PATH=/opt/ros/iron /usr/bin/cmake --build /home/jonnydang2004/QUADRAPED/build/quadruped_interfaces -- -j4 -l4
[0.365s] [  2%] Built target quadruped_interfaces__rosidl_generator_type_description
[0.433s] [  2%] Built target ament_cmake_python_copy_quadruped_interfaces
[0.489s] [  5%] Built target quadruped_interfaces__cpp
[0.505s] [ 20%] Built target quadruped_interfaces__rosidl_generator_c
[0.579s] [ 29%] Built target quadruped_interfaces__rosidl_typesupport_fastrtps_cpp
[0.587s] [ 38%] Built target quadruped_interfaces__rosidl_typesupport_introspection_cpp
[0.597s] [ 47%] Built target quadruped_interfaces__rosidl_typesupport_cpp
[0.672s] [ 55%] Built target quadruped_interfaces__rosidl_typesupport_introspection_c
[0.701s] [ 67%] Built target quadruped_interfaces__rosidl_typesupport_c
[0.705s] [ 73%] Built target quadruped_interfaces__rosidl_typesupport_fastrtps_c
[0.778s] [ 73%] Built target quadruped_interfaces
[0.850s] [ 76%] Built target quadruped_interfaces__py
[0.917s] [ 82%] Built target quadruped_interfaces__rosidl_generator_py
[0.996s] [ 88%] Built target quadruped_interfaces__rosidl_typesupport_fastrtps_c__pyext
[1.014s] [ 94%] Built target quadruped_interfaces__rosidl_typesupport_c__pyext
[1.023s] [100%] Built target quadruped_interfaces__rosidl_typesupport_introspection_c__pyext
[1.507s] running egg_info
[1.510s] writing quadruped_interfaces.egg-info/PKG-INFO
[1.511s] writing dependency_links to quadruped_interfaces.egg-info/dependency_links.txt
[1.511s] writing top-level names to quadruped_interfaces.egg-info/top_level.txt
[1.522s] reading manifest file 'quadruped_interfaces.egg-info/SOURCES.txt'
[1.524s] writing manifest file 'quadruped_interfaces.egg-info/SOURCES.txt'
[1.623s] [100%] Built target ament_cmake_python_build_quadruped_interfaces_egg
