[0.071s] Invoking command in '/home/jonnydang2004/QUADRAPED/build/quadruped_interfaces': CMAKE_PREFIX_PATH=/opt/ros/iron /usr/bin/cmake --build /home/jonnydang2004/QUADRAPED/build/quadruped_interfaces -- -j4 -l4
[0.332s] [  2%] Built target quadruped_interfaces__rosidl_generator_type_description
[0.493s] [  2%] Built target ament_cmake_python_copy_quadruped_interfaces
[0.702s] [  5%] Built target quadruped_interfaces__cpp
[0.801s] [ 20%] Built target quadruped_interfaces__rosidl_generator_c
[1.064s] [ 29%] Built target quadruped_interfaces__rosidl_typesupport_fastrtps_cpp
[1.098s] [ 38%] Built target quadruped_interfaces__rosidl_typesupport_introspection_cpp
[1.115s] [ 47%] Built target quadruped_interfaces__rosidl_typesupport_cpp
[1.342s] [ 55%] Built target quadruped_interfaces__rosidl_typesupport_introspection_c
[1.360s] [ 64%] Built target quadruped_interfaces__rosidl_typesupport_c
[1.376s] [ 73%] Built target quadruped_interfaces__rosidl_typesupport_fastrtps_c
[1.558s] [ 73%] Built target quadruped_interfaces
[1.665s] [ 76%] Built target quadruped_interfaces__py
[1.979s] [ 82%] Built target quadruped_interfaces__rosidl_generator_py
[2.114s] [ 88%] Built target quadruped_interfaces__rosidl_typesupport_c__pyext
[2.125s] [ 94%] Built target quadruped_interfaces__rosidl_typesupport_introspection_c__pyext
[2.135s] [100%] Built target quadruped_interfaces__rosidl_typesupport_fastrtps_c__pyext
[2.761s] running egg_info
[2.763s] writing quadruped_interfaces.egg-info/PKG-INFO
[2.764s] writing dependency_links to quadruped_interfaces.egg-info/dependency_links.txt
[2.764s] writing top-level names to quadruped_interfaces.egg-info/top_level.txt
[2.771s] reading manifest file 'quadruped_interfaces.egg-info/SOURCES.txt'
[2.779s] writing manifest file 'quadruped_interfaces.egg-info/SOURCES.txt'
[2.873s] [100%] Built target ament_cmake_python_build_quadruped_interfaces_egg
