[0.657s] Invoking command in '/home/jonnydang2004/QUADRAPED/build/quadruped_control': AMENT_PREFIX_PATH=/home/jonnydang2004/QUADRAPED/install/quadruped_interfaces:${AMENT_PREFIX_PATH} CMAKE_PREFIX_PATH=/home/jonnydang2004/QUADRAPED/install/quadruped_interfaces:/opt/ros/iron LD_LIBRARY_PATH=/home/jonnydang2004/QUADRAPED/install/quadruped_interfaces/lib:${LD_LIBRARY_PATH} PYTHONPATH=/home/jonnydang2004/QUADRAPED/install/quadruped_interfaces/lib/python3.10/site-packages:${PYTHONPATH} /usr/bin/cmake --build /home/jonnydang2004/QUADRAPED/build/quadruped_control -- -j4 -l4
[0.802s] -- Found ament_cmake: 2.0.5 (/opt/ros/iron/share/ament_cmake/cmake)
[1.509s] -- Found rclcpp: 21.0.6 (/opt/ros/iron/share/rclcpp/cmake)
[2.068s] -- Found rosidl_generator_c: 4.0.1 (/opt/ros/iron/share/rosidl_generator_c/cmake)
[2.130s] -- Found rosidl_generator_cpp: 4.0.1 (/opt/ros/iron/share/rosidl_generator_cpp/cmake)
[2.233s] -- Using all available rosidl_typesupport_c: rosidl_typesupport_fastrtps_c;rosidl_typesupport_introspection_c
[2.349s] -- Using all available rosidl_typesupport_cpp: rosidl_typesupport_fastrtps_cpp;rosidl_typesupport_introspection_cpp
[3.356s] -- Found rmw_implementation_cmake: 7.1.0 (/opt/ros/iron/share/rmw_implementation_cmake/cmake)
[3.366s] -- Found rmw_fastrtps_cpp: 7.1.3 (/opt/ros/iron/share/rmw_fastrtps_cpp/cmake)
[20.153s] -- Using RMW implementation 'rmw_fastrtps_cpp' as default
[21.221s] -- Found quadruped_interfaces: 0.0.0 (/home/jonnydang2004/QUADRAPED/install/quadruped_interfaces/share/quadruped_interfaces/cmake)
[21.267s] -- Found ament_lint_auto: 0.14.3 (/opt/ros/iron/share/ament_lint_auto/cmake)
[21.559s] -- Added test 'cppcheck' to perform static code analysis on C / C++ code
[21.563s] -- Configured cppcheck include dirs: /home/jonnydang2004/QUADRAPED/src/quadruped_control/include
[21.563s] -- Configured cppcheck exclude dirs and/or files: 
[21.565s] -- Added test 'flake8' to check Python code syntax and style conventions
[21.566s] -- Configured 'flake8' exclude dirs and/or files: 
[21.568s] -- Added test 'lint_cmake' to check CMake code style
[21.570s] -- Added test 'pep257' to check Python code against some of the docstring style conventions in PEP 257
[21.573s] -- Added test 'uncrustify' to check C / C++ code style
[21.573s] -- Configured uncrustify additional arguments: 
[21.577s] -- Added test 'xmllint' to check XML markup files
[21.584s] -- Configuring done
[21.673s] -- Generating done
[21.681s] -- Build files have been written to: /home/jonnydang2004/QUADRAPED/build/quadruped_control
[21.756s] [35m[1mConsolidate compiler generated dependencies of target motor_config[0m
[21.760s] [35m[1mConsolidate compiler generated dependencies of target inverse_kinematics[0m
[21.841s] [ 20%] [32mBuilding CXX object CMakeFiles/motor_config.dir/src/motor_config.cpp.o[0m
[21.845s] [ 40%] [32mBuilding CXX object CMakeFiles/inverse_kinematics.dir/src/inverse_kinematics.cpp.o[0m
[21.846s] [ 60%] [32mBuilding CXX object CMakeFiles/motor_config.dir/src/Servo.cpp.o[0m
[21.887s] [01m[K/home/jonnydang2004/QUADRAPED/src/quadruped_control/src/Servo.cpp:1:10:[m[K [01;31m[Kfatal error: [m[KServo.h: No such file or directory
[21.887s]     1 | #include [01;31m[K"Servo.h"[m[K
[21.887s]       |          [01;31m[K^~~~~~~~~[m[K
[21.888s] compilation terminated.
[21.903s] gmake[2]: *** [CMakeFiles/motor_config.dir/build.make:90: CMakeFiles/motor_config.dir/src/Servo.cpp.o] Error 1
[21.903s] gmake[2]: *** Waiting for unfinished jobs....
[22.694s] [01m[K/home/jonnydang2004/QUADRAPED/src/quadruped_control/src/motor_config.cpp:7:10:[m[K [01;31m[Kfatal error: [m[KServo.h: No such file or directory
[22.694s]     7 | #include [01;31m[K"Servo.h"[m[K
[22.694s]       |          [01;31m[K^~~~~~~~~[m[K
[22.694s] compilation terminated.
[22.701s] gmake[2]: *** [CMakeFiles/motor_config.dir/build.make:76: CMakeFiles/motor_config.dir/src/motor_config.cpp.o] Error 1
[22.701s] gmake[1]: *** [CMakeFiles/Makefile2:165: CMakeFiles/motor_config.dir/all] Error 2
[22.702s] gmake[1]: *** Waiting for unfinished jobs....
[32.797s] [01m[K/home/jonnydang2004/QUADRAPED/src/quadruped_control/src/inverse_kinematics.cpp:[m[K In member function ‘[01m[KInverseKinematics::pos InverseKinematics::getCoords(InverseKinematics::pos)[m[K’:
[32.798s] [01m[K/home/jonnydang2004/QUADRAPED/src/quadruped_control/src/inverse_kinematics.cpp:83:39:[m[K [01;35m[Kwarning: [m[Kvariable ‘[01m[Kbeta2[m[K’ set but not used [[01;35m[K]8;;https://gcc.gnu.org/onlinedocs/gcc/Warning-Options.html#index-Wunused-but-set-variable-Wunused-but-set-variable]8;;[m[K]
[32.798s]    83 |         double theta1, theta2, beta1, [01;35m[Kbeta2[m[K;
[32.798s]       |                                       [01;35m[K^~~~~[m[K
[52.176s] [ 80%] [32m[1mLinking CXX executable inverse_kinematics[0m
[54.153s] [ 80%] Built target inverse_kinematics
[54.156s] gmake: *** [Makefile:146: all] Error 2
[54.162s] Invoked command in '/home/jonnydang2004/QUADRAPED/build/quadruped_control' returned '2': AMENT_PREFIX_PATH=/home/jonnydang2004/QUADRAPED/install/quadruped_interfaces:${AMENT_PREFIX_PATH} CMAKE_PREFIX_PATH=/home/jonnydang2004/QUADRAPED/install/quadruped_interfaces:/opt/ros/iron LD_LIBRARY_PATH=/home/jonnydang2004/QUADRAPED/install/quadruped_interfaces/lib:${LD_LIBRARY_PATH} PYTHONPATH=/home/jonnydang2004/QUADRAPED/install/quadruped_interfaces/lib/python3.10/site-packages:${PYTHONPATH} /usr/bin/cmake --build /home/jonnydang2004/QUADRAPED/build/quadruped_control -- -j4 -l4
