[0.366s] DEBUG:colcon:Command line arguments: ['/usr/bin/colcon', 'build']
[0.366s] DEBUG:colcon:Parsed command line arguments: Namespace(log_base=None, log_level=None, verb_name='build', build_base='build', install_base='install', merge_install=False, symlink_install=False, test_result_base=None, continue_on_error=False, executor='parallel', parallel_workers=4, event_handlers=None, ignore_user_meta=False, metas=['./colcon.meta'], base_paths=['.'], packages_ignore=None, packages_ignore_regex=None, paths=None, packages_up_to=None, packages_up_to_regex=None, packages_above=None, packages_above_and_dependencies=None, packages_above_depth=None, packages_select_by_dep=None, packages_skip_by_dep=None, packages_skip_up_to=None, packages_select_build_failed=False, packages_skip_build_finished=False, packages_select_test_failures=False, packages_skip_test_passed=False, packages_select=None, packages_skip=None, packages_select_regex=None, packages_skip_regex=None, packages_start=None, packages_end=None, allow_overriding=[], cmake_args=None, cmake_target=None, cmake_target_skip_unavailable=False, cmake_clean_cache=False, cmake_clean_first=False, cmake_force_configure=False, ament_cmake_args=None, catkin_cmake_args=None, catkin_skip_building_tests=False, mixin_files=None, mixin=None, verb_parser=<colcon_mixin.mixin.mixin_argument.MixinArgumentDecorator object at 0x7f0796977d30>, verb_extension=<colcon_core.verb.build.BuildVerb object at 0x7f07969774c0>, main=<bound method BuildVerb.main of <colcon_core.verb.build.BuildVerb object at 0x7f07969774c0>>, mixin_verb=('build',))
[0.703s] Level 1:colcon.colcon_core.package_discovery:discover_packages(colcon_meta) check parameters
[0.703s] Level 1:colcon.colcon_core.package_discovery:discover_packages(recursive) check parameters
[0.703s] Level 1:colcon.colcon_core.package_discovery:discover_packages(ignore) check parameters
[0.703s] Level 1:colcon.colcon_core.package_discovery:discover_packages(path) check parameters
[0.703s] Level 1:colcon.colcon_core.package_discovery:discover_packages(colcon_meta) discover
[0.703s] Level 1:colcon.colcon_core.package_discovery:discover_packages(recursive) discover
[0.703s] INFO:colcon.colcon_core.package_discovery:Crawling recursively for packages in '/home/jonnydang2004/QUADRAPED'
[0.704s] Level 1:colcon.colcon_core.package_identification:_identify(.) by extensions ['ignore', 'ignore_ament_install']
[0.704s] Level 1:colcon.colcon_core.package_identification:_identify(.) by extension 'ignore'
[0.704s] Level 1:colcon.colcon_core.package_identification:_identify(.) by extension 'ignore_ament_install'
[0.704s] Level 1:colcon.colcon_core.package_identification:_identify(.) by extensions ['colcon_pkg']
[0.704s] Level 1:colcon.colcon_core.package_identification:_identify(.) by extension 'colcon_pkg'
[0.704s] Level 1:colcon.colcon_core.package_identification:_identify(.) by extensions ['colcon_meta']
[0.704s] Level 1:colcon.colcon_core.package_identification:_identify(.) by extension 'colcon_meta'
[0.704s] Level 1:colcon.colcon_core.package_identification:_identify(.) by extensions ['ros']
[0.704s] Level 1:colcon.colcon_core.package_identification:_identify(.) by extension 'ros'
[0.720s] Level 1:colcon.colcon_core.package_identification:_identify(.) by extensions ['cmake', 'python']
[0.721s] Level 1:colcon.colcon_core.package_identification:_identify(.) by extension 'cmake'
[0.721s] Level 1:colcon.colcon_core.package_identification:_identify(.) by extension 'python'
[0.721s] Level 1:colcon.colcon_core.package_identification:_identify(.) by extensions ['python_setup_py']
[0.721s] Level 1:colcon.colcon_core.package_identification:_identify(.) by extension 'python_setup_py'
[0.722s] Level 1:colcon.colcon_core.package_identification:_identify(build) by extensions ['ignore', 'ignore_ament_install']
[0.722s] Level 1:colcon.colcon_core.package_identification:_identify(build) by extension 'ignore'
[0.722s] Level 1:colcon.colcon_core.package_identification:_identify(build) ignored
[0.725s] Level 1:colcon.colcon_core.package_identification:_identify(install) by extensions ['ignore', 'ignore_ament_install']
[0.725s] Level 1:colcon.colcon_core.package_identification:_identify(install) by extension 'ignore'
[0.726s] Level 1:colcon.colcon_core.package_identification:_identify(install) ignored
[0.726s] Level 1:colcon.colcon_core.package_identification:_identify(log) by extensions ['ignore', 'ignore_ament_install']
[0.727s] Level 1:colcon.colcon_core.package_identification:_identify(log) by extension 'ignore'
[0.727s] Level 1:colcon.colcon_core.package_identification:_identify(log) ignored
[0.727s] Level 1:colcon.colcon_core.package_identification:_identify(src) by extensions ['ignore', 'ignore_ament_install']
[0.727s] Level 1:colcon.colcon_core.package_identification:_identify(src) by extension 'ignore'
[0.728s] Level 1:colcon.colcon_core.package_identification:_identify(src) by extension 'ignore_ament_install'
[0.728s] Level 1:colcon.colcon_core.package_identification:_identify(src) by extensions ['colcon_pkg']
[0.728s] Level 1:colcon.colcon_core.package_identification:_identify(src) by extension 'colcon_pkg'
[0.728s] Level 1:colcon.colcon_core.package_identification:_identify(src) by extensions ['colcon_meta']
[0.728s] Level 1:colcon.colcon_core.package_identification:_identify(src) by extension 'colcon_meta'
[0.728s] Level 1:colcon.colcon_core.package_identification:_identify(src) by extensions ['ros']
[0.728s] Level 1:colcon.colcon_core.package_identification:_identify(src) by extension 'ros'
[0.729s] Level 1:colcon.colcon_core.package_identification:_identify(src) by extensions ['cmake', 'python']
[0.729s] Level 1:colcon.colcon_core.package_identification:_identify(src) by extension 'cmake'
[0.729s] Level 1:colcon.colcon_core.package_identification:_identify(src) by extension 'python'
[0.729s] Level 1:colcon.colcon_core.package_identification:_identify(src) by extensions ['python_setup_py']
[0.729s] Level 1:colcon.colcon_core.package_identification:_identify(src) by extension 'python_setup_py'
[0.730s] Level 1:colcon.colcon_core.package_identification:_identify(src/quadruped_control) by extensions ['ignore', 'ignore_ament_install']
[0.730s] Level 1:colcon.colcon_core.package_identification:_identify(src/quadruped_control) by extension 'ignore'
[0.730s] Level 1:colcon.colcon_core.package_identification:_identify(src/quadruped_control) by extension 'ignore_ament_install'
[0.731s] Level 1:colcon.colcon_core.package_identification:_identify(src/quadruped_control) by extensions ['colcon_pkg']
[0.731s] Level 1:colcon.colcon_core.package_identification:_identify(src/quadruped_control) by extension 'colcon_pkg'
[0.731s] Level 1:colcon.colcon_core.package_identification:_identify(src/quadruped_control) by extensions ['colcon_meta']
[0.731s] Level 1:colcon.colcon_core.package_identification:_identify(src/quadruped_control) by extension 'colcon_meta'
[0.731s] Level 1:colcon.colcon_core.package_identification:_identify(src/quadruped_control) by extensions ['ros']
[0.731s] Level 1:colcon.colcon_core.package_identification:_identify(src/quadruped_control) by extension 'ros'
[0.743s] DEBUG:colcon.colcon_core.package_identification:Package 'src/quadruped_control' with type 'ros.ament_cmake' and name 'quadruped_control'
[0.744s] Level 1:colcon.colcon_core.package_identification:_identify(src/quadruped_interfaces) by extensions ['ignore', 'ignore_ament_install']
[0.744s] Level 1:colcon.colcon_core.package_identification:_identify(src/quadruped_interfaces) by extension 'ignore'
[0.744s] Level 1:colcon.colcon_core.package_identification:_identify(src/quadruped_interfaces) by extension 'ignore_ament_install'
[0.745s] Level 1:colcon.colcon_core.package_identification:_identify(src/quadruped_interfaces) by extensions ['colcon_pkg']
[0.745s] Level 1:colcon.colcon_core.package_identification:_identify(src/quadruped_interfaces) by extension 'colcon_pkg'
[0.745s] Level 1:colcon.colcon_core.package_identification:_identify(src/quadruped_interfaces) by extensions ['colcon_meta']
[0.745s] Level 1:colcon.colcon_core.package_identification:_identify(src/quadruped_interfaces) by extension 'colcon_meta'
[0.746s] Level 1:colcon.colcon_core.package_identification:_identify(src/quadruped_interfaces) by extensions ['ros']
[0.746s] Level 1:colcon.colcon_core.package_identification:_identify(src/quadruped_interfaces) by extension 'ros'
[0.748s] DEBUG:colcon.colcon_core.package_identification:Package 'src/quadruped_interfaces' with type 'ros.ament_cmake' and name 'quadruped_interfaces'
[0.748s] Level 1:colcon.colcon_core.package_discovery:discover_packages(recursive) using defaults
[0.748s] Level 1:colcon.colcon_core.package_discovery:discover_packages(ignore) discover
[0.748s] Level 1:colcon.colcon_core.package_discovery:discover_packages(ignore) using defaults
[0.748s] Level 1:colcon.colcon_core.package_discovery:discover_packages(path) discover
[0.748s] Level 1:colcon.colcon_core.package_discovery:discover_packages(path) using defaults
[0.814s] Level 1:colcon.colcon_core.package_discovery:discover_packages(prefix_path) check parameters
[0.814s] Level 1:colcon.colcon_core.package_discovery:discover_packages(prefix_path) discover
[0.823s] DEBUG:colcon.colcon_installed_package_information.package_discovery:Found 333 installed packages in /opt/ros/iron
[0.829s] Level 1:colcon.colcon_core.package_discovery:discover_packages(prefix_path) using defaults
[1.039s] Level 5:colcon.colcon_core.verb:set package 'quadruped_interfaces' build argument 'cmake_args' from command line to 'None'
[1.039s] Level 5:colcon.colcon_core.verb:set package 'quadruped_interfaces' build argument 'cmake_target' from command line to 'None'
[1.039s] Level 5:colcon.colcon_core.verb:set package 'quadruped_interfaces' build argument 'cmake_target_skip_unavailable' from command line to 'False'
[1.039s] Level 5:colcon.colcon_core.verb:set package 'quadruped_interfaces' build argument 'cmake_clean_cache' from command line to 'False'
[1.039s] Level 5:colcon.colcon_core.verb:set package 'quadruped_interfaces' build argument 'cmake_clean_first' from command line to 'False'
[1.039s] Level 5:colcon.colcon_core.verb:set package 'quadruped_interfaces' build argument 'cmake_force_configure' from command line to 'False'
[1.039s] Level 5:colcon.colcon_core.verb:set package 'quadruped_interfaces' build argument 'ament_cmake_args' from command line to 'None'
[1.039s] Level 5:colcon.colcon_core.verb:set package 'quadruped_interfaces' build argument 'catkin_cmake_args' from command line to 'None'
[1.039s] Level 5:colcon.colcon_core.verb:set package 'quadruped_interfaces' build argument 'catkin_skip_building_tests' from command line to 'False'
[1.039s] DEBUG:colcon.colcon_core.verb:Building package 'quadruped_interfaces' with the following arguments: {'ament_cmake_args': None, 'build_base': '/home/jonnydang2004/QUADRAPED/build/quadruped_interfaces', 'catkin_cmake_args': None, 'catkin_skip_building_tests': False, 'cmake_args': None, 'cmake_clean_cache': False, 'cmake_clean_first': False, 'cmake_force_configure': False, 'cmake_target': None, 'cmake_target_skip_unavailable': False, 'install_base': '/home/jonnydang2004/QUADRAPED/install/quadruped_interfaces', 'merge_install': False, 'path': '/home/jonnydang2004/QUADRAPED/src/quadruped_interfaces', 'symlink_install': False, 'test_result_base': None}
[1.041s] Level 5:colcon.colcon_core.verb:set package 'quadruped_control' build argument 'cmake_args' from command line to 'None'
[1.041s] Level 5:colcon.colcon_core.verb:set package 'quadruped_control' build argument 'cmake_target' from command line to 'None'
[1.041s] Level 5:colcon.colcon_core.verb:set package 'quadruped_control' build argument 'cmake_target_skip_unavailable' from command line to 'False'
[1.041s] Level 5:colcon.colcon_core.verb:set package 'quadruped_control' build argument 'cmake_clean_cache' from command line to 'False'
[1.042s] Level 5:colcon.colcon_core.verb:set package 'quadruped_control' build argument 'cmake_clean_first' from command line to 'False'
[1.042s] Level 5:colcon.colcon_core.verb:set package 'quadruped_control' build argument 'cmake_force_configure' from command line to 'False'
[1.042s] Level 5:colcon.colcon_core.verb:set package 'quadruped_control' build argument 'ament_cmake_args' from command line to 'None'
[1.042s] Level 5:colcon.colcon_core.verb:set package 'quadruped_control' build argument 'catkin_cmake_args' from command line to 'None'
[1.042s] Level 5:colcon.colcon_core.verb:set package 'quadruped_control' build argument 'catkin_skip_building_tests' from command line to 'False'
[1.042s] DEBUG:colcon.colcon_core.verb:Building package 'quadruped_control' with the following arguments: {'ament_cmake_args': None, 'build_base': '/home/jonnydang2004/QUADRAPED/build/quadruped_control', 'catkin_cmake_args': None, 'catkin_skip_building_tests': False, 'cmake_args': None, 'cmake_clean_cache': False, 'cmake_clean_first': False, 'cmake_force_configure': False, 'cmake_target': None, 'cmake_target_skip_unavailable': False, 'install_base': '/home/jonnydang2004/QUADRAPED/install/quadruped_control', 'merge_install': False, 'path': '/home/jonnydang2004/QUADRAPED/src/quadruped_control', 'symlink_install': False, 'test_result_base': None}
[1.043s] INFO:colcon.colcon_core.executor:Executing jobs using 'parallel' executor
[1.049s] DEBUG:colcon.colcon_parallel_executor.executor.parallel:run_until_complete
[1.051s] INFO:colcon.colcon_ros.task.ament_cmake.build:Building ROS package in '/home/jonnydang2004/QUADRAPED/src/quadruped_interfaces' with build type 'ament_cmake'
[1.051s] INFO:colcon.colcon_cmake.task.cmake.build:Building CMake package in '/home/jonnydang2004/QUADRAPED/src/quadruped_interfaces'
[1.059s] INFO:colcon.colcon_core.plugin_system:Skipping extension 'colcon_core.shell.bat': Not used on non-Windows systems
[1.059s] INFO:colcon.colcon_core.shell:Skip shell extension 'powershell' for command environment: Not usable outside of PowerShell
[1.059s] DEBUG:colcon.colcon_core.shell:Skip shell extension 'dsv' for command environment
[1.084s] DEBUG:colcon.colcon_core.event_handler.log_command:Invoking command in '/home/jonnydang2004/QUADRAPED/build/quadruped_interfaces': CMAKE_PREFIX_PATH=/opt/ros/iron /usr/bin/cmake --build /home/jonnydang2004/QUADRAPED/build/quadruped_interfaces -- -j4 -l4
[2.611s] DEBUG:colcon.colcon_core.event_handler.log_command:Invoked command in '/home/jonnydang2004/QUADRAPED/build/quadruped_interfaces' returned '0': CMAKE_PREFIX_PATH=/opt/ros/iron /usr/bin/cmake --build /home/jonnydang2004/QUADRAPED/build/quadruped_interfaces -- -j4 -l4
[2.801s] DEBUG:colcon.colcon_core.event_handler.log_command:Invoking command in '/home/jonnydang2004/QUADRAPED/build/quadruped_interfaces': CMAKE_PREFIX_PATH=/opt/ros/iron /usr/bin/cmake --install /home/jonnydang2004/QUADRAPED/build/quadruped_interfaces
[2.965s] Level 1:colcon.colcon_core.environment:create_environment_scripts_only(quadruped_interfaces)
[2.997s] Level 1:colcon.colcon_core.environment:checking '/home/jonnydang2004/QUADRAPED/install/quadruped_interfaces' for CMake module files
[2.999s] DEBUG:colcon.colcon_core.event_handler.log_command:Invoked command in '/home/jonnydang2004/QUADRAPED/build/quadruped_interfaces' returned '0': CMAKE_PREFIX_PATH=/opt/ros/iron /usr/bin/cmake --install /home/jonnydang2004/QUADRAPED/build/quadruped_interfaces
[3.001s] Level 1:colcon.colcon_core.environment:checking '/home/jonnydang2004/QUADRAPED/install/quadruped_interfaces' for CMake config files
[3.003s] Level 1:colcon.colcon_core.shell:create_environment_hook('quadruped_interfaces', 'cmake_prefix_path')
[3.004s] INFO:colcon.colcon_core.shell:Creating environment hook '/home/jonnydang2004/QUADRAPED/install/quadruped_interfaces/share/quadruped_interfaces/hook/cmake_prefix_path.ps1'
[3.005s] INFO:colcon.colcon_core.shell:Creating environment descriptor '/home/jonnydang2004/QUADRAPED/install/quadruped_interfaces/share/quadruped_interfaces/hook/cmake_prefix_path.dsv'
[3.011s] INFO:colcon.colcon_core.shell:Creating environment hook '/home/jonnydang2004/QUADRAPED/install/quadruped_interfaces/share/quadruped_interfaces/hook/cmake_prefix_path.sh'
[3.015s] Level 1:colcon.colcon_core.environment:checking '/home/jonnydang2004/QUADRAPED/install/quadruped_interfaces/lib'
[3.016s] Level 1:colcon.colcon_core.shell:create_environment_hook('quadruped_interfaces', 'ld_library_path_lib')
[3.019s] INFO:colcon.colcon_core.shell:Creating environment hook '/home/jonnydang2004/QUADRAPED/install/quadruped_interfaces/share/quadruped_interfaces/hook/ld_library_path_lib.ps1'
[3.020s] INFO:colcon.colcon_core.shell:Creating environment descriptor '/home/jonnydang2004/QUADRAPED/install/quadruped_interfaces/share/quadruped_interfaces/hook/ld_library_path_lib.dsv'
[3.022s] INFO:colcon.colcon_core.shell:Creating environment hook '/home/jonnydang2004/QUADRAPED/install/quadruped_interfaces/share/quadruped_interfaces/hook/ld_library_path_lib.sh'
[3.023s] Level 1:colcon.colcon_core.environment:checking '/home/jonnydang2004/QUADRAPED/install/quadruped_interfaces/bin'
[3.024s] Level 1:colcon.colcon_core.environment:checking '/home/jonnydang2004/QUADRAPED/install/quadruped_interfaces/lib/pkgconfig/quadruped_interfaces.pc'
[3.024s] Level 1:colcon.colcon_core.environment:checking '/home/jonnydang2004/QUADRAPED/install/quadruped_interfaces/lib/python3.10/site-packages'
[3.025s] Level 1:colcon.colcon_core.shell:create_environment_hook('quadruped_interfaces', 'pythonpath')
[3.025s] INFO:colcon.colcon_core.shell:Creating environment hook '/home/jonnydang2004/QUADRAPED/install/quadruped_interfaces/share/quadruped_interfaces/hook/pythonpath.ps1'
[3.027s] INFO:colcon.colcon_core.shell:Creating environment descriptor '/home/jonnydang2004/QUADRAPED/install/quadruped_interfaces/share/quadruped_interfaces/hook/pythonpath.dsv'
[3.029s] INFO:colcon.colcon_core.shell:Creating environment hook '/home/jonnydang2004/QUADRAPED/install/quadruped_interfaces/share/quadruped_interfaces/hook/pythonpath.sh'
[3.031s] Level 1:colcon.colcon_core.environment:checking '/home/jonnydang2004/QUADRAPED/install/quadruped_interfaces/bin'
[3.034s] INFO:colcon.colcon_core.shell:Creating package script '/home/jonnydang2004/QUADRAPED/install/quadruped_interfaces/share/quadruped_interfaces/package.ps1'
[3.039s] INFO:colcon.colcon_core.shell:Creating package descriptor '/home/jonnydang2004/QUADRAPED/install/quadruped_interfaces/share/quadruped_interfaces/package.dsv'
[3.041s] INFO:colcon.colcon_core.shell:Creating package script '/home/jonnydang2004/QUADRAPED/install/quadruped_interfaces/share/quadruped_interfaces/package.sh'
[3.043s] INFO:colcon.colcon_core.shell:Creating package script '/home/jonnydang2004/QUADRAPED/install/quadruped_interfaces/share/quadruped_interfaces/package.bash'
[3.045s] INFO:colcon.colcon_core.shell:Creating package script '/home/jonnydang2004/QUADRAPED/install/quadruped_interfaces/share/quadruped_interfaces/package.zsh'
[3.047s] Level 1:colcon.colcon_core.environment:create_file_with_runtime_dependencies(/home/jonnydang2004/QUADRAPED/install/quadruped_interfaces/share/colcon-core/packages/quadruped_interfaces)
[3.254s] Level 1:colcon.colcon_core.environment:create_environment_scripts_only(quadruped_interfaces)
[3.255s] Level 1:colcon.colcon_core.environment:checking '/home/jonnydang2004/QUADRAPED/install/quadruped_interfaces' for CMake module files
[3.257s] Level 1:colcon.colcon_core.environment:checking '/home/jonnydang2004/QUADRAPED/install/quadruped_interfaces' for CMake config files
[3.259s] Level 1:colcon.colcon_core.shell:create_environment_hook('quadruped_interfaces', 'cmake_prefix_path')
[3.260s] INFO:colcon.colcon_core.shell:Creating environment hook '/home/jonnydang2004/QUADRAPED/install/quadruped_interfaces/share/quadruped_interfaces/hook/cmake_prefix_path.ps1'
[3.262s] INFO:colcon.colcon_core.shell:Creating environment descriptor '/home/jonnydang2004/QUADRAPED/install/quadruped_interfaces/share/quadruped_interfaces/hook/cmake_prefix_path.dsv'
[3.263s] INFO:colcon.colcon_core.shell:Creating environment hook '/home/jonnydang2004/QUADRAPED/install/quadruped_interfaces/share/quadruped_interfaces/hook/cmake_prefix_path.sh'
[3.265s] Level 1:colcon.colcon_core.environment:checking '/home/jonnydang2004/QUADRAPED/install/quadruped_interfaces/lib'
[3.266s] Level 1:colcon.colcon_core.shell:create_environment_hook('quadruped_interfaces', 'ld_library_path_lib')
[3.267s] INFO:colcon.colcon_core.shell:Creating environment hook '/home/jonnydang2004/QUADRAPED/install/quadruped_interfaces/share/quadruped_interfaces/hook/ld_library_path_lib.ps1'
[3.269s] INFO:colcon.colcon_core.shell:Creating environment descriptor '/home/jonnydang2004/QUADRAPED/install/quadruped_interfaces/share/quadruped_interfaces/hook/ld_library_path_lib.dsv'
[3.271s] INFO:colcon.colcon_core.shell:Creating environment hook '/home/jonnydang2004/QUADRAPED/install/quadruped_interfaces/share/quadruped_interfaces/hook/ld_library_path_lib.sh'
[3.282s] Level 1:colcon.colcon_core.environment:checking '/home/jonnydang2004/QUADRAPED/install/quadruped_interfaces/bin'
[3.282s] Level 1:colcon.colcon_core.environment:checking '/home/jonnydang2004/QUADRAPED/install/quadruped_interfaces/lib/pkgconfig/quadruped_interfaces.pc'
[3.283s] Level 1:colcon.colcon_core.environment:checking '/home/jonnydang2004/QUADRAPED/install/quadruped_interfaces/lib/python3.10/site-packages'
[3.283s] Level 1:colcon.colcon_core.shell:create_environment_hook('quadruped_interfaces', 'pythonpath')
[3.284s] INFO:colcon.colcon_core.shell:Creating environment hook '/home/jonnydang2004/QUADRAPED/install/quadruped_interfaces/share/quadruped_interfaces/hook/pythonpath.ps1'
[3.286s] INFO:colcon.colcon_core.shell:Creating environment descriptor '/home/jonnydang2004/QUADRAPED/install/quadruped_interfaces/share/quadruped_interfaces/hook/pythonpath.dsv'
[3.291s] INFO:colcon.colcon_core.shell:Creating environment hook '/home/jonnydang2004/QUADRAPED/install/quadruped_interfaces/share/quadruped_interfaces/hook/pythonpath.sh'
[3.293s] Level 1:colcon.colcon_core.environment:checking '/home/jonnydang2004/QUADRAPED/install/quadruped_interfaces/bin'
[3.295s] INFO:colcon.colcon_core.shell:Creating package script '/home/jonnydang2004/QUADRAPED/install/quadruped_interfaces/share/quadruped_interfaces/package.ps1'
[3.298s] INFO:colcon.colcon_core.shell:Creating package descriptor '/home/jonnydang2004/QUADRAPED/install/quadruped_interfaces/share/quadruped_interfaces/package.dsv'
[3.299s] INFO:colcon.colcon_core.shell:Creating package script '/home/jonnydang2004/QUADRAPED/install/quadruped_interfaces/share/quadruped_interfaces/package.sh'
[3.301s] INFO:colcon.colcon_core.shell:Creating package script '/home/jonnydang2004/QUADRAPED/install/quadruped_interfaces/share/quadruped_interfaces/package.bash'
[3.303s] INFO:colcon.colcon_core.shell:Creating package script '/home/jonnydang2004/QUADRAPED/install/quadruped_interfaces/share/quadruped_interfaces/package.zsh'
[3.308s] Level 1:colcon.colcon_core.environment:create_file_with_runtime_dependencies(/home/jonnydang2004/QUADRAPED/install/quadruped_interfaces/share/colcon-core/packages/quadruped_interfaces)
[3.309s] INFO:colcon.colcon_ros.task.ament_cmake.build:Building ROS package in '/home/jonnydang2004/QUADRAPED/src/quadruped_control' with build type 'ament_cmake'
[3.310s] INFO:colcon.colcon_cmake.task.cmake.build:Building CMake package in '/home/jonnydang2004/QUADRAPED/src/quadruped_control'
[3.311s] INFO:colcon.colcon_core.shell:Skip shell extension 'powershell' for command environment: Not usable outside of PowerShell
[3.312s] DEBUG:colcon.colcon_core.shell:Skip shell extension 'dsv' for command environment
[3.746s] DEBUG:colcon.colcon_core.event_handler.log_command:Invoking command in '/home/jonnydang2004/QUADRAPED/build/quadruped_control': AMENT_PREFIX_PATH=/home/jonnydang2004/QUADRAPED/install/quadruped_interfaces:${AMENT_PREFIX_PATH} CMAKE_PREFIX_PATH=/home/jonnydang2004/QUADRAPED/install/quadruped_interfaces:/opt/ros/iron LD_LIBRARY_PATH=/home/jonnydang2004/QUADRAPED/install/quadruped_interfaces/lib:${LD_LIBRARY_PATH} PYTHONPATH=/home/jonnydang2004/QUADRAPED/install/quadruped_interfaces/lib/python3.10/site-packages:${PYTHONPATH} /usr/bin/cmake --build /home/jonnydang2004/QUADRAPED/build/quadruped_control -- -j4 -l4
[15.294s] DEBUG:colcon.colcon_core.event_handler.log_command:Invoked command in '/home/jonnydang2004/QUADRAPED/build/quadruped_control' returned '2': AMENT_PREFIX_PATH=/home/jonnydang2004/QUADRAPED/install/quadruped_interfaces:${AMENT_PREFIX_PATH} CMAKE_PREFIX_PATH=/home/jonnydang2004/QUADRAPED/install/quadruped_interfaces:/opt/ros/iron LD_LIBRARY_PATH=/home/jonnydang2004/QUADRAPED/install/quadruped_interfaces/lib:${LD_LIBRARY_PATH} PYTHONPATH=/home/jonnydang2004/QUADRAPED/install/quadruped_interfaces/lib/python3.10/site-packages:${PYTHONPATH} /usr/bin/cmake --build /home/jonnydang2004/QUADRAPED/build/quadruped_control -- -j4 -l4
[15.345s] Level 1:colcon.colcon_core.environment:create_environment_scripts_only(quadruped_control)
[15.345s] Level 1:colcon.colcon_core.environment:checking '/home/jonnydang2004/QUADRAPED/install/quadruped_control' for CMake module files
[15.347s] Level 1:colcon.colcon_core.environment:checking '/home/jonnydang2004/QUADRAPED/install/quadruped_control' for CMake config files
[15.348s] Level 1:colcon.colcon_core.environment:checking '/home/jonnydang2004/QUADRAPED/install/quadruped_control/bin'
[15.348s] Level 1:colcon.colcon_core.environment:checking '/home/jonnydang2004/QUADRAPED/install/quadruped_control/lib/pkgconfig/quadruped_control.pc'
[15.349s] Level 1:colcon.colcon_core.environment:checking '/home/jonnydang2004/QUADRAPED/install/quadruped_control/lib/python3.10/site-packages'
[15.349s] Level 1:colcon.colcon_core.environment:checking '/home/jonnydang2004/QUADRAPED/install/quadruped_control/bin'
[15.350s] INFO:colcon.colcon_core.shell:Creating package script '/home/jonnydang2004/QUADRAPED/install/quadruped_control/share/quadruped_control/package.ps1'
[15.351s] INFO:colcon.colcon_core.shell:Creating package descriptor '/home/jonnydang2004/QUADRAPED/install/quadruped_control/share/quadruped_control/package.dsv'
[15.352s] INFO:colcon.colcon_core.shell:Creating package script '/home/jonnydang2004/QUADRAPED/install/quadruped_control/share/quadruped_control/package.sh'
[15.353s] INFO:colcon.colcon_core.shell:Creating package script '/home/jonnydang2004/QUADRAPED/install/quadruped_control/share/quadruped_control/package.bash'
[15.354s] INFO:colcon.colcon_core.shell:Creating package script '/home/jonnydang2004/QUADRAPED/install/quadruped_control/share/quadruped_control/package.zsh'
[15.355s] Level 1:colcon.colcon_core.environment:create_file_with_runtime_dependencies(/home/jonnydang2004/QUADRAPED/install/quadruped_control/share/colcon-core/packages/quadruped_control)
[15.364s] DEBUG:colcon.colcon_parallel_executor.executor.parallel:closing loop
[15.367s] DEBUG:colcon.colcon_parallel_executor.executor.parallel:loop closed
[15.368s] DEBUG:colcon.colcon_parallel_executor.executor.parallel:run_until_complete finished with '2'
[15.369s] DEBUG:colcon.colcon_core.event_reactor:joining thread
[15.471s] INFO:colcon.colcon_core.plugin_system:Skipping extension 'colcon_notification.desktop_notification.notify_send': Could not find 'notify-send'
[15.472s] INFO:colcon.colcon_core.plugin_system:Skipping extension 'colcon_notification.desktop_notification.terminal_notifier': Not used on non-Darwin systems
[15.472s] INFO:colcon.colcon_core.plugin_system:Skipping extension 'colcon_notification.desktop_notification.win32': Not used on non-Windows systems
[15.472s] INFO:colcon.colcon_notification.desktop_notification:Sending desktop notification using 'notify2'
[15.472s] DEBUG:colcon.colcon_notification.desktop_notification.notify2:Failed to initialize notify2: org.freedesktop.DBus.Error.FileNotFound: Failed to connect to socket /run/user/1000/bus: No such file or directory
[15.472s] DEBUG:colcon.colcon_core.event_reactor:joined thread
[15.473s] INFO:colcon.colcon_core.shell:Creating prefix script '/home/jonnydang2004/QUADRAPED/install/local_setup.ps1'
[15.476s] INFO:colcon.colcon_core.shell:Creating prefix util module '/home/jonnydang2004/QUADRAPED/install/_local_setup_util_ps1.py'
[15.480s] INFO:colcon.colcon_core.shell:Creating prefix chain script '/home/jonnydang2004/QUADRAPED/install/setup.ps1'
[15.482s] INFO:colcon.colcon_core.shell:Creating prefix script '/home/jonnydang2004/QUADRAPED/install/local_setup.sh'
[15.483s] INFO:colcon.colcon_core.shell:Creating prefix util module '/home/jonnydang2004/QUADRAPED/install/_local_setup_util_sh.py'
[15.484s] INFO:colcon.colcon_core.shell:Creating prefix chain script '/home/jonnydang2004/QUADRAPED/install/setup.sh'
[15.486s] INFO:colcon.colcon_core.shell:Creating prefix script '/home/jonnydang2004/QUADRAPED/install/local_setup.bash'
[15.488s] INFO:colcon.colcon_core.shell:Creating prefix chain script '/home/jonnydang2004/QUADRAPED/install/setup.bash'
[15.489s] INFO:colcon.colcon_core.shell:Creating prefix script '/home/jonnydang2004/QUADRAPED/install/local_setup.zsh'
[15.491s] INFO:colcon.colcon_core.shell:Creating prefix chain script '/home/jonnydang2004/QUADRAPED/install/setup.zsh'
