[0.391s] Invoking command in '/home/jonnydang2004/QUADRAPED/build/quadruped_control': AMENT_PREFIX_PATH=/home/jonnydang2004/QUADRAPED/install/quadruped_interfaces:${AMENT_PREFIX_PATH} CMAKE_PREFIX_PATH=/home/jonnydang2004/QUADRAPED/install/quadruped_interfaces:/opt/ros/iron LD_LIBRARY_PATH=/home/jonnydang2004/QUADRAPED/install/quadruped_interfaces/lib:${LD_LIBRARY_PATH} PYTHONPATH=/home/jonnydang2004/QUADRAPED/install/quadruped_interfaces/lib/python3.10/site-packages:${PYTHONPATH} /usr/bin/cmake --build /home/jonnydang2004/QUADRAPED/build/quadruped_control -- -j4 -l4
[0.528s] [35m[1mConsolidate compiler generated dependencies of target motor_config[0m
[0.586s] [ 50%] Built target inverse_kinematics
[0.600s] [ 75%] [32mBuilding CXX object CMakeFiles/motor_config.dir/src/motor_config.cpp.o[0m
[30.342s] [100%] [32m[1mLinking CXX executable motor_config[0m
[32.460s] [100%] Built target motor_config
[32.499s] Invoked command in '/home/jonnydang2004/QUADRAPED/build/quadruped_control' returned '0': AMENT_PREFIX_PATH=/home/jonnydang2004/QUADRAPED/install/quadruped_interfaces:${AMENT_PREFIX_PATH} CMAKE_PREFIX_PATH=/home/jonnydang2004/QUADRAPED/install/quadruped_interfaces:/opt/ros/iron LD_LIBRARY_PATH=/home/jonnydang2004/QUADRAPED/install/quadruped_interfaces/lib:${LD_LIBRARY_PATH} PYTHONPATH=/home/jonnydang2004/QUADRAPED/install/quadruped_interfaces/lib/python3.10/site-packages:${PYTHONPATH} /usr/bin/cmake --build /home/jonnydang2004/QUADRAPED/build/quadruped_control -- -j4 -l4
[32.622s] Invoking command in '/home/jonnydang2004/QUADRAPED/build/quadruped_control': AMENT_PREFIX_PATH=/home/jonnydang2004/QUADRAPED/install/quadruped_interfaces:${AMENT_PREFIX_PATH} CMAKE_PREFIX_PATH=/home/jonnydang2004/QUADRAPED/install/quadruped_interfaces:/opt/ros/iron LD_LIBRARY_PATH=/home/jonnydang2004/QUADRAPED/install/quadruped_interfaces/lib:${LD_LIBRARY_PATH} PYTHONPATH=/home/jonnydang2004/QUADRAPED/install/quadruped_interfaces/lib/python3.10/site-packages:${PYTHONPATH} /usr/bin/cmake --install /home/jonnydang2004/QUADRAPED/build/quadruped_control
[32.650s] -- Install configuration: ""
[32.650s] -- Up-to-date: /home/jonnydang2004/QUADRAPED/install/quadruped_control/lib/quadruped_control/inverse_kinematics
[32.658s] -- Installing: /home/jonnydang2004/QUADRAPED/install/quadruped_control/lib/quadruped_control/motor_config
[32.726s] -- Set runtime path of "/home/jonnydang2004/QUADRAPED/install/quadruped_control/lib/quadruped_control/motor_config" to ""
[32.727s] -- Up-to-date: /home/jonnydang2004/QUADRAPED/install/quadruped_control/share/quadruped_control/launch
[32.727s] -- Up-to-date: /home/jonnydang2004/QUADRAPED/install/quadruped_control/share/quadruped_control/launch/launch.py
[32.727s] -- Up-to-date: /home/jonnydang2004/QUADRAPED/install/quadruped_control/share/ament_index/resource_index/package_run_dependencies/quadruped_control
[32.727s] -- Up-to-date: /home/jonnydang2004/QUADRAPED/install/quadruped_control/share/ament_index/resource_index/parent_prefix_path/quadruped_control
[32.728s] -- Up-to-date: /home/jonnydang2004/QUADRAPED/install/quadruped_control/share/quadruped_control/environment/ament_prefix_path.sh
[32.729s] -- Up-to-date: /home/jonnydang2004/QUADRAPED/install/quadruped_control/share/quadruped_control/environment/ament_prefix_path.dsv
[32.729s] -- Up-to-date: /home/jonnydang2004/QUADRAPED/install/quadruped_control/share/quadruped_control/environment/path.sh
[32.732s] -- Up-to-date: /home/jonnydang2004/QUADRAPED/install/quadruped_control/share/quadruped_control/environment/path.dsv
[32.751s] -- Up-to-date: /home/jonnydang2004/QUADRAPED/install/quadruped_control/share/quadruped_control/local_setup.bash
[32.752s] -- Up-to-date: /home/jonnydang2004/QUADRAPED/install/quadruped_control/share/quadruped_control/local_setup.sh
[32.752s] -- Up-to-date: /home/jonnydang2004/QUADRAPED/install/quadruped_control/share/quadruped_control/local_setup.zsh
[32.752s] -- Up-to-date: /home/jonnydang2004/QUADRAPED/install/quadruped_control/share/quadruped_control/local_setup.dsv
[32.752s] -- Installing: /home/jonnydang2004/QUADRAPED/install/quadruped_control/share/quadruped_control/package.dsv
[32.752s] -- Up-to-date: /home/jonnydang2004/QUADRAPED/install/quadruped_control/share/ament_index/resource_index/packages/quadruped_control
[32.752s] -- Up-to-date: /home/jonnydang2004/QUADRAPED/install/quadruped_control/share/quadruped_control/cmake/quadruped_controlConfig.cmake
[32.753s] -- Up-to-date: /home/jonnydang2004/QUADRAPED/install/quadruped_control/share/quadruped_control/cmake/quadruped_controlConfig-version.cmake
[32.753s] -- Up-to-date: /home/jonnydang2004/QUADRAPED/install/quadruped_control/share/quadruped_control/package.xml
[32.753s] Invoked command in '/home/jonnydang2004/QUADRAPED/build/quadruped_control' returned '0': AMENT_PREFIX_PATH=/home/jonnydang2004/QUADRAPED/install/quadruped_interfaces:${AMENT_PREFIX_PATH} CMAKE_PREFIX_PATH=/home/jonnydang2004/QUADRAPED/install/quadruped_interfaces:/opt/ros/iron LD_LIBRARY_PATH=/home/jonnydang2004/QUADRAPED/install/quadruped_interfaces/lib:${LD_LIBRARY_PATH} PYTHONPATH=/home/jonnydang2004/QUADRAPED/install/quadruped_interfaces/lib/python3.10/site-packages:${PYTHONPATH} /usr/bin/cmake --install /home/jonnydang2004/QUADRAPED/build/quadruped_control
