[0.056s] Invoking command in '/home/jonnydang2004/QUADRAPED/build/quadruped_interfaces': CMAKE_PREFIX_PATH=/opt/ros/iron /usr/bin/cmake --build /home/jonnydang2004/QUADRAPED/build/quadruped_interfaces -- -j4 -l4
[0.419s] [  2%] Built target quadruped_interfaces__rosidl_generator_type_description
[0.537s] [  2%] Built target ament_cmake_python_copy_quadruped_interfaces
[0.643s] [  5%] Built target quadruped_interfaces__cpp
[0.699s] [ 20%] Built target quadruped_interfaces__rosidl_generator_c
[0.883s] [ 29%] Built target quadruped_interfaces__rosidl_typesupport_fastrtps_cpp
[0.905s] [ 38%] Built target quadruped_interfaces__rosidl_typesupport_cpp
[1.007s] [ 47%] Built target quadruped_interfaces__rosidl_typesupport_introspection_cpp
[1.060s] [ 55%] Built target quadruped_interfaces__rosidl_typesupport_fastrtps_c
[1.097s] [ 64%] Built target quadruped_interfaces__rosidl_typesupport_introspection_c
[1.180s] [ 73%] Built target quadruped_interfaces__rosidl_typesupport_c
[1.294s] [ 73%] Built target quadruped_interfaces
[1.405s] [ 76%] Built target quadruped_interfaces__py
[1.543s] [ 82%] Built target quadruped_interfaces__rosidl_generator_py
[1.753s] [ 88%] Built target quadruped_interfaces__rosidl_typesupport_c__pyext
[1.754s] [ 94%] Built target quadruped_interfaces__rosidl_typesupport_fastrtps_c__pyext
[1.760s] [100%] Built target quadruped_interfaces__rosidl_typesupport_introspection_c__pyext
[2.455s] running egg_info
[2.457s] writing quadruped_interfaces.egg-info/PKG-INFO
[2.458s] writing dependency_links to quadruped_interfaces.egg-info/dependency_links.txt
[2.458s] writing top-level names to quadruped_interfaces.egg-info/top_level.txt
[2.475s] reading manifest file 'quadruped_interfaces.egg-info/SOURCES.txt'
[2.475s] writing manifest file 'quadruped_interfaces.egg-info/SOURCES.txt'
[2.561s] [100%] Built target ament_cmake_python_build_quadruped_interfaces_egg
