[35m[1mConsolidate compiler generated dependencies of target inverse_kinematics[0m
[35m[1mConsolidate compiler generated dependencies of target motor_config[0m
[ 20%] [32mBuilding CXX object CMakeFiles/motor_config.dir/src/Servo.cpp.o[0m
[ 40%] [32mBuilding CXX object CMakeFiles/motor_config.dir/src/motor_config.cpp.o[0m
[ 80%] Built target inverse_kinematics
[100%] [32m[1mLinking CXX executable motor_config[0m
/usr/bin/ld: CMakeFiles/motor_config.dir/src/Servo.cpp.o: in function `Servo::Servo()':
Servo.cpp:(.text+0x1f): undefined reference to `gpioInitialise'
/usr/bin/ld: Servo.cpp:(.text+0x4d): undefined reference to `gpioSetMode'
/usr/bin/ld: Servo.cpp:(.text+0x63): undefined reference to `gpioSetPWMrange'
/usr/bin/ld: Servo.cpp:(.text+0x79): undefined reference to `gpioPWM'
/usr/bin/ld: CMakeFiles/motor_config.dir/src/Servo.cpp.o: in function `Servo::Servo(unsigned char)':
Servo.cpp:(.text+0xa7): undefined reference to `gpioInitialise'
/usr/bin/ld: Servo.cpp:(.text+0xcf): undefined reference to `gpioSetMode'
/usr/bin/ld: Servo.cpp:(.text+0xdf): undefined reference to `gpioSetPWMrange'
/usr/bin/ld: Servo.cpp:(.text+0xef): undefined reference to `gpioPWM'
/usr/bin/ld: CMakeFiles/motor_config.dir/src/Servo.cpp.o: in function `Servo::goDegree(double)':
Servo.cpp:(.text+0x15b): undefined reference to `gpioPWM'
collect2: error: ld returned 1 exit status
gmake[2]: *** [CMakeFiles/motor_config.dir/build.make:190: motor_config] Error 1
gmake[1]: *** [CMakeFiles/Makefile2:165: CMakeFiles/motor_config.dir/all] Error 2
gmake: *** [Makefile:146: all] Error 2
