[0.408s] Invoking command in '/home/jonnydang2004/QUADRAPED/build/quadruped_control': AMENT_PREFIX_PATH=/home/jonnydang2004/QUADRAPED/install/quadruped_interfaces:${AMENT_PREFIX_PATH} CMAKE_PREFIX_PATH=/home/jonnydang2004/QUADRAPED/install/quadruped_interfaces LD_LIBRARY_PATH=/home/jonnydang2004/QUADRAPED/install/quadruped_interfaces/lib:${LD_LIBRARY_PATH} PYTHONPATH=/home/jonnydang2004/QUADRAPED/install/quadruped_interfaces/lib/python3.10/site-packages:${PYTHONPATH} /usr/bin/cmake --build /home/jonnydang2004/QUADRAPED/build/quadruped_control -- -j4 -l4
[0.482s] -- Found ament_cmake: 2.0.5 (/opt/ros/iron/share/ament_cmake/cmake)
[1.073s] -- Found rclcpp: 21.0.6 (/opt/ros/iron/share/rclcpp/cmake)
[1.335s] -- Found rosidl_generator_c: 4.0.1 (/opt/ros/iron/share/rosidl_generator_c/cmake)
[1.357s] -- Found rosidl_generator_cpp: 4.0.1 (/opt/ros/iron/share/rosidl_generator_cpp/cmake)
[1.387s] -- Using all available rosidl_typesupport_c: rosidl_typesupport_fastrtps_c;rosidl_typesupport_introspection_c
[1.443s] -- Using all available rosidl_typesupport_cpp: rosidl_typesupport_fastrtps_cpp;rosidl_typesupport_introspection_cpp
[2.514s] -- Found rmw_implementation_cmake: 7.1.0 (/opt/ros/iron/share/rmw_implementation_cmake/cmake)
[2.517s] -- Found rmw_fastrtps_cpp: 7.1.3 (/opt/ros/iron/share/rmw_fastrtps_cpp/cmake)
[13.237s] -- Using RMW implementation 'rmw_fastrtps_cpp' as default
[13.883s] -- Found rclpy: 4.1.5 (/opt/ros/iron/share/rclpy/cmake)
[13.883s] -- Found quadruped_interfaces: 0.0.0 (/home/jonnydang2004/QUADRAPED/install/quadruped_interfaces/share/quadruped_interfaces/cmake)
[14.055s] Error parsing '/home/jonnydang2004/QUADRAPED/src/quadruped_control/package.xml':
[14.162s] Traceback (most recent call last):
[14.163s]   File "/opt/ros/iron/share/ament_cmake_core/cmake/core/package_xml_2_cmake.py", line 150, in <module>
[14.163s]     main()
[14.163s]   File "/opt/ros/iron/share/ament_cmake_core/cmake/core/package_xml_2_cmake.py", line 53, in main
[14.164s]     raise e
[14.164s]   File "/opt/ros/iron/share/ament_cmake_core/cmake/core/package_xml_2_cmake.py", line 49, in main
[14.164s]     package = parse_package_string(
[14.165s]   File "/usr/lib/python3/dist-packages/catkin_pkg/package.py", line 786, in parse_package_string
[14.169s]     raise InvalidPackage('Error(s):%s' % (''.join(['\n- %s' % e for e in errors])), filename)
[14.169s] catkin_pkg.package.InvalidPackage: Error(s) in package '/home/jonnydang2004/QUADRAPED/src/quadruped_control/package.xml':
[14.170s] Error(s):
[14.170s] - The generic dependency on 'rclpy' is redundant with: exec_depend
[14.196s] [31mCMake Error at /opt/ros/iron/share/ament_cmake_core/cmake/core/ament_package_xml.cmake:95 (message):
[14.196s]   execute_process(/usr/bin/python3.10
[14.197s]   /opt/ros/iron/share/ament_cmake_core/cmake/core/package_xml_2_cmake.py
[14.197s]   /home/jonnydang2004/QUADRAPED/src/quadruped_control/package.xml
[14.197s]   /home/jonnydang2004/QUADRAPED/build/quadruped_control/ament_cmake_core/package.cmake)
[14.197s]   returned error code 1
[14.197s] Call Stack (most recent call first):
[14.197s]   /opt/ros/iron/share/ament_cmake_core/cmake/core/ament_package_xml.cmake:49 (_ament_package_xml)
[14.198s]   /opt/ros/iron/share/ament_cmake_python/cmake/ament_python_install_package.cmake:60 (ament_package_xml)
[14.198s]   /opt/ros/iron/share/ament_cmake_python/cmake/ament_python_install_package.cmake:39 (_ament_cmake_python_install_package)
[14.198s]   CMakeLists.txt:35 (ament_python_install_package)
[14.198s] 
[14.198s] [0m
[14.198s] -- Configuring incomplete, errors occurred!
[14.198s] See also "/home/jonnydang2004/QUADRAPED/build/quadruped_control/CMakeFiles/CMakeOutput.log".
[14.208s] gmake: *** [Makefile:308: cmake_check_build_system] Error 1
[14.213s] Invoked command in '/home/jonnydang2004/QUADRAPED/build/quadruped_control' returned '2': AMENT_PREFIX_PATH=/home/jonnydang2004/QUADRAPED/install/quadruped_interfaces:${AMENT_PREFIX_PATH} CMAKE_PREFIX_PATH=/home/jonnydang2004/QUADRAPED/install/quadruped_interfaces LD_LIBRARY_PATH=/home/jonnydang2004/QUADRAPED/install/quadruped_interfaces/lib:${LD_LIBRARY_PATH} PYTHONPATH=/home/jonnydang2004/QUADRAPED/install/quadruped_interfaces/lib/python3.10/site-packages:${PYTHONPATH} /usr/bin/cmake --build /home/jonnydang2004/QUADRAPED/build/quadruped_control -- -j4 -l4
