[0.343s] DEBUG:colcon:Command line arguments: ['/usr/bin/colcon', 'build']
[0.344s] DEBUG:colcon:Parsed command line arguments: Namespace(log_base=None, log_level=None, verb_name='build', build_base='build', install_base='install', merge_install=False, symlink_install=False, test_result_base=None, continue_on_error=False, executor='parallel', parallel_workers=4, event_handlers=None, ignore_user_meta=False, metas=['./colcon.meta'], base_paths=['.'], packages_ignore=None, packages_ignore_regex=None, paths=None, packages_up_to=None, packages_up_to_regex=None, packages_above=None, packages_above_and_dependencies=None, packages_above_depth=None, packages_select_by_dep=None, packages_skip_by_dep=None, packages_skip_up_to=None, packages_select_build_failed=False, packages_skip_build_finished=False, packages_select_test_failures=False, packages_skip_test_passed=False, packages_select=None, packages_skip=None, packages_select_regex=None, packages_skip_regex=None, packages_start=None, packages_end=None, allow_overriding=[], cmake_args=None, cmake_target=None, cmake_target_skip_unavailable=False, cmake_clean_cache=False, cmake_clean_first=False, cmake_force_configure=False, ament_cmake_args=None, catkin_cmake_args=None, catkin_skip_building_tests=False, mixin_files=None, mixin=None, verb_parser=<colcon_mixin.mixin.mixin_argument.MixinArgumentDecorator object at 0x7fc28b55fd30>, verb_extension=<colcon_core.verb.build.BuildVerb object at 0x7fc28b55f4c0>, main=<bound method BuildVerb.main of <colcon_core.verb.build.BuildVerb object at 0x7fc28b55f4c0>>, mixin_verb=('build',))
[0.802s] Level 1:colcon.colcon_core.package_discovery:discover_packages(colcon_meta) check parameters
[0.803s] Level 1:colcon.colcon_core.package_discovery:discover_packages(recursive) check parameters
[0.803s] Level 1:colcon.colcon_core.package_discovery:discover_packages(ignore) check parameters
[0.803s] Level 1:colcon.colcon_core.package_discovery:discover_packages(path) check parameters
[0.803s] Level 1:colcon.colcon_core.package_discovery:discover_packages(colcon_meta) discover
[0.803s] Level 1:colcon.colcon_core.package_discovery:discover_packages(recursive) discover
[0.803s] INFO:colcon.colcon_core.package_discovery:Crawling recursively for packages in '/home/jonnydang2004/QUADRAPED'
[0.804s] Level 1:colcon.colcon_core.package_identification:_identify(.) by extensions ['ignore', 'ignore_ament_install']
[0.804s] Level 1:colcon.colcon_core.package_identification:_identify(.) by extension 'ignore'
[0.804s] Level 1:colcon.colcon_core.package_identification:_identify(.) by extension 'ignore_ament_install'
[0.805s] Level 1:colcon.colcon_core.package_identification:_identify(.) by extensions ['colcon_pkg']
[0.805s] Level 1:colcon.colcon_core.package_identification:_identify(.) by extension 'colcon_pkg'
[0.805s] Level 1:colcon.colcon_core.package_identification:_identify(.) by extensions ['colcon_meta']
[0.805s] Level 1:colcon.colcon_core.package_identification:_identify(.) by extension 'colcon_meta'
[0.805s] Level 1:colcon.colcon_core.package_identification:_identify(.) by extensions ['ros']
[0.805s] Level 1:colcon.colcon_core.package_identification:_identify(.) by extension 'ros'
[0.840s] Level 1:colcon.colcon_core.package_identification:_identify(.) by extensions ['cmake', 'python']
[0.840s] Level 1:colcon.colcon_core.package_identification:_identify(.) by extension 'cmake'
[0.840s] Level 1:colcon.colcon_core.package_identification:_identify(.) by extension 'python'
[0.840s] Level 1:colcon.colcon_core.package_identification:_identify(.) by extensions ['python_setup_py']
[0.841s] Level 1:colcon.colcon_core.package_identification:_identify(.) by extension 'python_setup_py'
[0.841s] Level 1:colcon.colcon_core.package_identification:_identify(build) by extensions ['ignore', 'ignore_ament_install']
[0.842s] Level 1:colcon.colcon_core.package_identification:_identify(build) by extension 'ignore'
[0.842s] Level 1:colcon.colcon_core.package_identification:_identify(build) ignored
[0.842s] Level 1:colcon.colcon_core.package_identification:_identify(install) by extensions ['ignore', 'ignore_ament_install']
[0.843s] Level 1:colcon.colcon_core.package_identification:_identify(install) by extension 'ignore'
[0.843s] Level 1:colcon.colcon_core.package_identification:_identify(install) ignored
[0.843s] Level 1:colcon.colcon_core.package_identification:_identify(log) by extensions ['ignore', 'ignore_ament_install']
[0.844s] Level 1:colcon.colcon_core.package_identification:_identify(log) by extension 'ignore'
[0.844s] Level 1:colcon.colcon_core.package_identification:_identify(log) ignored
[0.844s] Level 1:colcon.colcon_core.package_identification:_identify(src) by extensions ['ignore', 'ignore_ament_install']
[0.845s] Level 1:colcon.colcon_core.package_identification:_identify(src) by extension 'ignore'
[0.845s] Level 1:colcon.colcon_core.package_identification:_identify(src) by extension 'ignore_ament_install'
[0.845s] Level 1:colcon.colcon_core.package_identification:_identify(src) by extensions ['colcon_pkg']
[0.845s] Level 1:colcon.colcon_core.package_identification:_identify(src) by extension 'colcon_pkg'
[0.846s] Level 1:colcon.colcon_core.package_identification:_identify(src) by extensions ['colcon_meta']
[0.846s] Level 1:colcon.colcon_core.package_identification:_identify(src) by extension 'colcon_meta'
[0.846s] Level 1:colcon.colcon_core.package_identification:_identify(src) by extensions ['ros']
[0.846s] Level 1:colcon.colcon_core.package_identification:_identify(src) by extension 'ros'
[0.846s] Level 1:colcon.colcon_core.package_identification:_identify(src) by extensions ['cmake', 'python']
[0.846s] Level 1:colcon.colcon_core.package_identification:_identify(src) by extension 'cmake'
[0.847s] Level 1:colcon.colcon_core.package_identification:_identify(src) by extension 'python'
[0.847s] Level 1:colcon.colcon_core.package_identification:_identify(src) by extensions ['python_setup_py']
[0.847s] Level 1:colcon.colcon_core.package_identification:_identify(src) by extension 'python_setup_py'
[0.847s] Level 1:colcon.colcon_core.package_identification:_identify(src/quadruped_control) by extensions ['ignore', 'ignore_ament_install']
[0.848s] Level 1:colcon.colcon_core.package_identification:_identify(src/quadruped_control) by extension 'ignore'
[0.848s] Level 1:colcon.colcon_core.package_identification:_identify(src/quadruped_control) by extension 'ignore_ament_install'
[0.848s] Level 1:colcon.colcon_core.package_identification:_identify(src/quadruped_control) by extensions ['colcon_pkg']
[0.848s] Level 1:colcon.colcon_core.package_identification:_identify(src/quadruped_control) by extension 'colcon_pkg'
[0.848s] Level 1:colcon.colcon_core.package_identification:_identify(src/quadruped_control) by extensions ['colcon_meta']
[0.849s] Level 1:colcon.colcon_core.package_identification:_identify(src/quadruped_control) by extension 'colcon_meta'
[0.849s] Level 1:colcon.colcon_core.package_identification:_identify(src/quadruped_control) by extensions ['ros']
[0.849s] Level 1:colcon.colcon_core.package_identification:_identify(src/quadruped_control) by extension 'ros'
[0.858s] DEBUG:colcon.colcon_core.package_identification:Package 'src/quadruped_control' with type 'ros.ament_cmake' and name 'quadruped_control'
[0.859s] Level 1:colcon.colcon_core.package_identification:_identify(src/quadruped_interfaces) by extensions ['ignore', 'ignore_ament_install']
[0.859s] Level 1:colcon.colcon_core.package_identification:_identify(src/quadruped_interfaces) by extension 'ignore'
[0.860s] Level 1:colcon.colcon_core.package_identification:_identify(src/quadruped_interfaces) by extension 'ignore_ament_install'
[0.860s] Level 1:colcon.colcon_core.package_identification:_identify(src/quadruped_interfaces) by extensions ['colcon_pkg']
[0.860s] Level 1:colcon.colcon_core.package_identification:_identify(src/quadruped_interfaces) by extension 'colcon_pkg'
[0.860s] Level 1:colcon.colcon_core.package_identification:_identify(src/quadruped_interfaces) by extensions ['colcon_meta']
[0.860s] Level 1:colcon.colcon_core.package_identification:_identify(src/quadruped_interfaces) by extension 'colcon_meta'
[0.860s] Level 1:colcon.colcon_core.package_identification:_identify(src/quadruped_interfaces) by extensions ['ros']
[0.861s] Level 1:colcon.colcon_core.package_identification:_identify(src/quadruped_interfaces) by extension 'ros'
[0.862s] DEBUG:colcon.colcon_core.package_identification:Package 'src/quadruped_interfaces' with type 'ros.ament_cmake' and name 'quadruped_interfaces'
[0.863s] Level 1:colcon.colcon_core.package_discovery:discover_packages(recursive) using defaults
[0.863s] Level 1:colcon.colcon_core.package_discovery:discover_packages(ignore) discover
[0.863s] Level 1:colcon.colcon_core.package_discovery:discover_packages(ignore) using defaults
[0.863s] Level 1:colcon.colcon_core.package_discovery:discover_packages(path) discover
[0.863s] Level 1:colcon.colcon_core.package_discovery:discover_packages(path) using defaults
[0.939s] Level 1:colcon.colcon_core.package_discovery:discover_packages(prefix_path) check parameters
[0.939s] Level 1:colcon.colcon_core.package_discovery:discover_packages(prefix_path) discover
[0.947s] DEBUG:colcon.colcon_installed_package_information.package_discovery:Found 333 installed packages in /opt/ros/iron
[0.956s] Level 1:colcon.colcon_core.package_discovery:discover_packages(prefix_path) using defaults
[1.144s] Level 5:colcon.colcon_core.verb:set package 'quadruped_interfaces' build argument 'cmake_args' from command line to 'None'
[1.144s] Level 5:colcon.colcon_core.verb:set package 'quadruped_interfaces' build argument 'cmake_target' from command line to 'None'
[1.144s] Level 5:colcon.colcon_core.verb:set package 'quadruped_interfaces' build argument 'cmake_target_skip_unavailable' from command line to 'False'
[1.144s] Level 5:colcon.colcon_core.verb:set package 'quadruped_interfaces' build argument 'cmake_clean_cache' from command line to 'False'
[1.144s] Level 5:colcon.colcon_core.verb:set package 'quadruped_interfaces' build argument 'cmake_clean_first' from command line to 'False'
[1.144s] Level 5:colcon.colcon_core.verb:set package 'quadruped_interfaces' build argument 'cmake_force_configure' from command line to 'False'
[1.144s] Level 5:colcon.colcon_core.verb:set package 'quadruped_interfaces' build argument 'ament_cmake_args' from command line to 'None'
[1.144s] Level 5:colcon.colcon_core.verb:set package 'quadruped_interfaces' build argument 'catkin_cmake_args' from command line to 'None'
[1.144s] Level 5:colcon.colcon_core.verb:set package 'quadruped_interfaces' build argument 'catkin_skip_building_tests' from command line to 'False'
[1.144s] DEBUG:colcon.colcon_core.verb:Building package 'quadruped_interfaces' with the following arguments: {'ament_cmake_args': None, 'build_base': '/home/jonnydang2004/QUADRAPED/build/quadruped_interfaces', 'catkin_cmake_args': None, 'catkin_skip_building_tests': False, 'cmake_args': None, 'cmake_clean_cache': False, 'cmake_clean_first': False, 'cmake_force_configure': False, 'cmake_target': None, 'cmake_target_skip_unavailable': False, 'install_base': '/home/jonnydang2004/QUADRAPED/install/quadruped_interfaces', 'merge_install': False, 'path': '/home/jonnydang2004/QUADRAPED/src/quadruped_interfaces', 'symlink_install': False, 'test_result_base': None}
[1.145s] Level 5:colcon.colcon_core.verb:set package 'quadruped_control' build argument 'cmake_args' from command line to 'None'
[1.145s] Level 5:colcon.colcon_core.verb:set package 'quadruped_control' build argument 'cmake_target' from command line to 'None'
[1.145s] Level 5:colcon.colcon_core.verb:set package 'quadruped_control' build argument 'cmake_target_skip_unavailable' from command line to 'False'
[1.145s] Level 5:colcon.colcon_core.verb:set package 'quadruped_control' build argument 'cmake_clean_cache' from command line to 'False'
[1.145s] Level 5:colcon.colcon_core.verb:set package 'quadruped_control' build argument 'cmake_clean_first' from command line to 'False'
[1.145s] Level 5:colcon.colcon_core.verb:set package 'quadruped_control' build argument 'cmake_force_configure' from command line to 'False'
[1.145s] Level 5:colcon.colcon_core.verb:set package 'quadruped_control' build argument 'ament_cmake_args' from command line to 'None'
[1.146s] Level 5:colcon.colcon_core.verb:set package 'quadruped_control' build argument 'catkin_cmake_args' from command line to 'None'
[1.146s] Level 5:colcon.colcon_core.verb:set package 'quadruped_control' build argument 'catkin_skip_building_tests' from command line to 'False'
[1.146s] DEBUG:colcon.colcon_core.verb:Building package 'quadruped_control' with the following arguments: {'ament_cmake_args': None, 'build_base': '/home/jonnydang2004/QUADRAPED/build/quadruped_control', 'catkin_cmake_args': None, 'catkin_skip_building_tests': False, 'cmake_args': None, 'cmake_clean_cache': False, 'cmake_clean_first': False, 'cmake_force_configure': False, 'cmake_target': None, 'cmake_target_skip_unavailable': False, 'install_base': '/home/jonnydang2004/QUADRAPED/install/quadruped_control', 'merge_install': False, 'path': '/home/jonnydang2004/QUADRAPED/src/quadruped_control', 'symlink_install': False, 'test_result_base': None}
[1.146s] INFO:colcon.colcon_core.executor:Executing jobs using 'parallel' executor
[1.150s] DEBUG:colcon.colcon_parallel_executor.executor.parallel:run_until_complete
[1.150s] INFO:colcon.colcon_ros.task.ament_cmake.build:Building ROS package in '/home/jonnydang2004/QUADRAPED/src/quadruped_interfaces' with build type 'ament_cmake'
[1.151s] INFO:colcon.colcon_cmake.task.cmake.build:Building CMake package in '/home/jonnydang2004/QUADRAPED/src/quadruped_interfaces'
[1.157s] INFO:colcon.colcon_core.plugin_system:Skipping extension 'colcon_core.shell.bat': Not used on non-Windows systems
[1.157s] INFO:colcon.colcon_core.shell:Skip shell extension 'powershell' for command environment: Not usable outside of PowerShell
[1.157s] DEBUG:colcon.colcon_core.shell:Skip shell extension 'dsv' for command environment
[1.184s] DEBUG:colcon.colcon_core.event_handler.log_command:Invoking command in '/home/jonnydang2004/QUADRAPED/build/quadruped_interfaces': CMAKE_PREFIX_PATH=/opt/ros/iron /usr/bin/cmake --build /home/jonnydang2004/QUADRAPED/build/quadruped_interfaces -- -j4 -l4
[2.554s] DEBUG:colcon.colcon_core.event_handler.log_command:Invoked command in '/home/jonnydang2004/QUADRAPED/build/quadruped_interfaces' returned '0': CMAKE_PREFIX_PATH=/opt/ros/iron /usr/bin/cmake --build /home/jonnydang2004/QUADRAPED/build/quadruped_interfaces -- -j4 -l4
[2.923s] DEBUG:colcon.colcon_core.event_handler.log_command:Invoking command in '/home/jonnydang2004/QUADRAPED/build/quadruped_interfaces': CMAKE_PREFIX_PATH=/opt/ros/iron /usr/bin/cmake --install /home/jonnydang2004/QUADRAPED/build/quadruped_interfaces
[3.337s] Level 1:colcon.colcon_core.environment:create_environment_scripts_only(quadruped_interfaces)
[3.353s] DEBUG:colcon.colcon_core.event_handler.log_command:Invoked command in '/home/jonnydang2004/QUADRAPED/build/quadruped_interfaces' returned '0': CMAKE_PREFIX_PATH=/opt/ros/iron /usr/bin/cmake --install /home/jonnydang2004/QUADRAPED/build/quadruped_interfaces
[3.362s] Level 1:colcon.colcon_core.environment:checking '/home/jonnydang2004/QUADRAPED/install/quadruped_interfaces' for CMake module files
[3.366s] Level 1:colcon.colcon_core.environment:checking '/home/jonnydang2004/QUADRAPED/install/quadruped_interfaces' for CMake config files
[3.367s] Level 1:colcon.colcon_core.shell:create_environment_hook('quadruped_interfaces', 'cmake_prefix_path')
[3.368s] INFO:colcon.colcon_core.shell:Creating environment hook '/home/jonnydang2004/QUADRAPED/install/quadruped_interfaces/share/quadruped_interfaces/hook/cmake_prefix_path.ps1'
[3.369s] INFO:colcon.colcon_core.shell:Creating environment descriptor '/home/jonnydang2004/QUADRAPED/install/quadruped_interfaces/share/quadruped_interfaces/hook/cmake_prefix_path.dsv'
[3.371s] INFO:colcon.colcon_core.shell:Creating environment hook '/home/jonnydang2004/QUADRAPED/install/quadruped_interfaces/share/quadruped_interfaces/hook/cmake_prefix_path.sh'
[3.375s] Level 1:colcon.colcon_core.environment:checking '/home/jonnydang2004/QUADRAPED/install/quadruped_interfaces/lib'
[3.380s] Level 1:colcon.colcon_core.shell:create_environment_hook('quadruped_interfaces', 'ld_library_path_lib')
[3.383s] INFO:colcon.colcon_core.shell:Creating environment hook '/home/jonnydang2004/QUADRAPED/install/quadruped_interfaces/share/quadruped_interfaces/hook/ld_library_path_lib.ps1'
[3.385s] INFO:colcon.colcon_core.shell:Creating environment descriptor '/home/jonnydang2004/QUADRAPED/install/quadruped_interfaces/share/quadruped_interfaces/hook/ld_library_path_lib.dsv'
[3.387s] INFO:colcon.colcon_core.shell:Creating environment hook '/home/jonnydang2004/QUADRAPED/install/quadruped_interfaces/share/quadruped_interfaces/hook/ld_library_path_lib.sh'
[3.388s] Level 1:colcon.colcon_core.environment:checking '/home/jonnydang2004/QUADRAPED/install/quadruped_interfaces/bin'
[3.388s] Level 1:colcon.colcon_core.environment:checking '/home/jonnydang2004/QUADRAPED/install/quadruped_interfaces/lib/pkgconfig/quadruped_interfaces.pc'
[3.389s] Level 1:colcon.colcon_core.environment:checking '/home/jonnydang2004/QUADRAPED/install/quadruped_interfaces/lib/python3.10/site-packages'
[3.389s] Level 1:colcon.colcon_core.shell:create_environment_hook('quadruped_interfaces', 'pythonpath')
[3.391s] INFO:colcon.colcon_core.shell:Creating environment hook '/home/jonnydang2004/QUADRAPED/install/quadruped_interfaces/share/quadruped_interfaces/hook/pythonpath.ps1'
[3.392s] INFO:colcon.colcon_core.shell:Creating environment descriptor '/home/jonnydang2004/QUADRAPED/install/quadruped_interfaces/share/quadruped_interfaces/hook/pythonpath.dsv'
[3.397s] INFO:colcon.colcon_core.shell:Creating environment hook '/home/jonnydang2004/QUADRAPED/install/quadruped_interfaces/share/quadruped_interfaces/hook/pythonpath.sh'
[3.401s] Level 1:colcon.colcon_core.environment:checking '/home/jonnydang2004/QUADRAPED/install/quadruped_interfaces/bin'
[3.402s] INFO:colcon.colcon_core.shell:Creating package script '/home/jonnydang2004/QUADRAPED/install/quadruped_interfaces/share/quadruped_interfaces/package.ps1'
[3.404s] INFO:colcon.colcon_core.shell:Creating package descriptor '/home/jonnydang2004/QUADRAPED/install/quadruped_interfaces/share/quadruped_interfaces/package.dsv'
[3.406s] INFO:colcon.colcon_core.shell:Creating package script '/home/jonnydang2004/QUADRAPED/install/quadruped_interfaces/share/quadruped_interfaces/package.sh'
[3.408s] INFO:colcon.colcon_core.shell:Creating package script '/home/jonnydang2004/QUADRAPED/install/quadruped_interfaces/share/quadruped_interfaces/package.bash'
[3.415s] INFO:colcon.colcon_core.shell:Creating package script '/home/jonnydang2004/QUADRAPED/install/quadruped_interfaces/share/quadruped_interfaces/package.zsh'
[3.416s] Level 1:colcon.colcon_core.environment:create_file_with_runtime_dependencies(/home/jonnydang2004/QUADRAPED/install/quadruped_interfaces/share/colcon-core/packages/quadruped_interfaces)
[3.655s] Level 1:colcon.colcon_core.environment:create_environment_scripts_only(quadruped_interfaces)
[3.656s] Level 1:colcon.colcon_core.environment:checking '/home/jonnydang2004/QUADRAPED/install/quadruped_interfaces' for CMake module files
[3.657s] Level 1:colcon.colcon_core.environment:checking '/home/jonnydang2004/QUADRAPED/install/quadruped_interfaces' for CMake config files
[3.659s] Level 1:colcon.colcon_core.shell:create_environment_hook('quadruped_interfaces', 'cmake_prefix_path')
[3.660s] INFO:colcon.colcon_core.shell:Creating environment hook '/home/jonnydang2004/QUADRAPED/install/quadruped_interfaces/share/quadruped_interfaces/hook/cmake_prefix_path.ps1'
[3.664s] INFO:colcon.colcon_core.shell:Creating environment descriptor '/home/jonnydang2004/QUADRAPED/install/quadruped_interfaces/share/quadruped_interfaces/hook/cmake_prefix_path.dsv'
[3.669s] INFO:colcon.colcon_core.shell:Creating environment hook '/home/jonnydang2004/QUADRAPED/install/quadruped_interfaces/share/quadruped_interfaces/hook/cmake_prefix_path.sh'
[3.673s] Level 1:colcon.colcon_core.environment:checking '/home/jonnydang2004/QUADRAPED/install/quadruped_interfaces/lib'
[3.673s] Level 1:colcon.colcon_core.shell:create_environment_hook('quadruped_interfaces', 'ld_library_path_lib')
[3.673s] INFO:colcon.colcon_core.shell:Creating environment hook '/home/jonnydang2004/QUADRAPED/install/quadruped_interfaces/share/quadruped_interfaces/hook/ld_library_path_lib.ps1'
[3.676s] INFO:colcon.colcon_core.shell:Creating environment descriptor '/home/jonnydang2004/QUADRAPED/install/quadruped_interfaces/share/quadruped_interfaces/hook/ld_library_path_lib.dsv'
[3.683s] INFO:colcon.colcon_core.shell:Creating environment hook '/home/jonnydang2004/QUADRAPED/install/quadruped_interfaces/share/quadruped_interfaces/hook/ld_library_path_lib.sh'
[3.686s] Level 1:colcon.colcon_core.environment:checking '/home/jonnydang2004/QUADRAPED/install/quadruped_interfaces/bin'
[3.686s] Level 1:colcon.colcon_core.environment:checking '/home/jonnydang2004/QUADRAPED/install/quadruped_interfaces/lib/pkgconfig/quadruped_interfaces.pc'
[3.687s] Level 1:colcon.colcon_core.environment:checking '/home/jonnydang2004/QUADRAPED/install/quadruped_interfaces/lib/python3.10/site-packages'
[3.687s] Level 1:colcon.colcon_core.shell:create_environment_hook('quadruped_interfaces', 'pythonpath')
[3.688s] INFO:colcon.colcon_core.shell:Creating environment hook '/home/jonnydang2004/QUADRAPED/install/quadruped_interfaces/share/quadruped_interfaces/hook/pythonpath.ps1'
[3.689s] INFO:colcon.colcon_core.shell:Creating environment descriptor '/home/jonnydang2004/QUADRAPED/install/quadruped_interfaces/share/quadruped_interfaces/hook/pythonpath.dsv'
[3.690s] INFO:colcon.colcon_core.shell:Creating environment hook '/home/jonnydang2004/QUADRAPED/install/quadruped_interfaces/share/quadruped_interfaces/hook/pythonpath.sh'
[3.692s] Level 1:colcon.colcon_core.environment:checking '/home/jonnydang2004/QUADRAPED/install/quadruped_interfaces/bin'
[3.694s] INFO:colcon.colcon_core.shell:Creating package script '/home/jonnydang2004/QUADRAPED/install/quadruped_interfaces/share/quadruped_interfaces/package.ps1'
[3.701s] INFO:colcon.colcon_core.shell:Creating package descriptor '/home/jonnydang2004/QUADRAPED/install/quadruped_interfaces/share/quadruped_interfaces/package.dsv'
[3.703s] INFO:colcon.colcon_core.shell:Creating package script '/home/jonnydang2004/QUADRAPED/install/quadruped_interfaces/share/quadruped_interfaces/package.sh'
[3.705s] INFO:colcon.colcon_core.shell:Creating package script '/home/jonnydang2004/QUADRAPED/install/quadruped_interfaces/share/quadruped_interfaces/package.bash'
[3.706s] INFO:colcon.colcon_core.shell:Creating package script '/home/jonnydang2004/QUADRAPED/install/quadruped_interfaces/share/quadruped_interfaces/package.zsh'
[3.707s] Level 1:colcon.colcon_core.environment:create_file_with_runtime_dependencies(/home/jonnydang2004/QUADRAPED/install/quadruped_interfaces/share/colcon-core/packages/quadruped_interfaces)
[3.709s] INFO:colcon.colcon_ros.task.ament_cmake.build:Building ROS package in '/home/jonnydang2004/QUADRAPED/src/quadruped_control' with build type 'ament_cmake'
[3.709s] INFO:colcon.colcon_cmake.task.cmake.build:Building CMake package in '/home/jonnydang2004/QUADRAPED/src/quadruped_control'
[3.710s] INFO:colcon.colcon_core.shell:Skip shell extension 'powershell' for command environment: Not usable outside of PowerShell
[3.711s] DEBUG:colcon.colcon_core.shell:Skip shell extension 'dsv' for command environment
[4.028s] DEBUG:colcon.colcon_core.event_handler.log_command:Invoking command in '/home/jonnydang2004/QUADRAPED/build/quadruped_control': AMENT_PREFIX_PATH=/home/jonnydang2004/QUADRAPED/install/quadruped_interfaces:${AMENT_PREFIX_PATH} CMAKE_PREFIX_PATH=/home/jonnydang2004/QUADRAPED/install/quadruped_interfaces:/opt/ros/iron LD_LIBRARY_PATH=/home/jonnydang2004/QUADRAPED/install/quadruped_interfaces/lib:${LD_LIBRARY_PATH} PYTHONPATH=/home/jonnydang2004/QUADRAPED/install/quadruped_interfaces/lib/python3.10/site-packages:${PYTHONPATH} /usr/bin/cmake --build /home/jonnydang2004/QUADRAPED/build/quadruped_control -- -j4 -l4
[22.450s] DEBUG:colcon.colcon_core.event_handler.log_command:Invoked command in '/home/jonnydang2004/QUADRAPED/build/quadruped_control' returned '2': AMENT_PREFIX_PATH=/home/jonnydang2004/QUADRAPED/install/quadruped_interfaces:${AMENT_PREFIX_PATH} CMAKE_PREFIX_PATH=/home/jonnydang2004/QUADRAPED/install/quadruped_interfaces:/opt/ros/iron LD_LIBRARY_PATH=/home/jonnydang2004/QUADRAPED/install/quadruped_interfaces/lib:${LD_LIBRARY_PATH} PYTHONPATH=/home/jonnydang2004/QUADRAPED/install/quadruped_interfaces/lib/python3.10/site-packages:${PYTHONPATH} /usr/bin/cmake --build /home/jonnydang2004/QUADRAPED/build/quadruped_control -- -j4 -l4
[22.534s] Level 1:colcon.colcon_core.environment:create_environment_scripts_only(quadruped_control)
[22.535s] Level 1:colcon.colcon_core.environment:checking '/home/jonnydang2004/QUADRAPED/install/quadruped_control' for CMake module files
[22.537s] Level 1:colcon.colcon_core.environment:checking '/home/jonnydang2004/QUADRAPED/install/quadruped_control' for CMake config files
[22.538s] Level 1:colcon.colcon_core.environment:checking '/home/jonnydang2004/QUADRAPED/install/quadruped_control/bin'
[22.538s] Level 1:colcon.colcon_core.environment:checking '/home/jonnydang2004/QUADRAPED/install/quadruped_control/lib/pkgconfig/quadruped_control.pc'
[22.539s] Level 1:colcon.colcon_core.environment:checking '/home/jonnydang2004/QUADRAPED/install/quadruped_control/lib/python3.10/site-packages'
[22.540s] Level 1:colcon.colcon_core.environment:checking '/home/jonnydang2004/QUADRAPED/install/quadruped_control/bin'
[22.540s] INFO:colcon.colcon_core.shell:Creating package script '/home/jonnydang2004/QUADRAPED/install/quadruped_control/share/quadruped_control/package.ps1'
[22.542s] INFO:colcon.colcon_core.shell:Creating package descriptor '/home/jonnydang2004/QUADRAPED/install/quadruped_control/share/quadruped_control/package.dsv'
[22.544s] INFO:colcon.colcon_core.shell:Creating package script '/home/jonnydang2004/QUADRAPED/install/quadruped_control/share/quadruped_control/package.sh'
[22.545s] INFO:colcon.colcon_core.shell:Creating package script '/home/jonnydang2004/QUADRAPED/install/quadruped_control/share/quadruped_control/package.bash'
[22.547s] INFO:colcon.colcon_core.shell:Creating package script '/home/jonnydang2004/QUADRAPED/install/quadruped_control/share/quadruped_control/package.zsh'
[22.549s] Level 1:colcon.colcon_core.environment:create_file_with_runtime_dependencies(/home/jonnydang2004/QUADRAPED/install/quadruped_control/share/colcon-core/packages/quadruped_control)
[22.560s] DEBUG:colcon.colcon_parallel_executor.executor.parallel:closing loop
[22.561s] DEBUG:colcon.colcon_parallel_executor.executor.parallel:loop closed
[22.561s] DEBUG:colcon.colcon_parallel_executor.executor.parallel:run_until_complete finished with '2'
[22.562s] DEBUG:colcon.colcon_core.event_reactor:joining thread
[22.661s] INFO:colcon.colcon_core.plugin_system:Skipping extension 'colcon_notification.desktop_notification.notify_send': Could not find 'notify-send'
[22.662s] INFO:colcon.colcon_core.plugin_system:Skipping extension 'colcon_notification.desktop_notification.terminal_notifier': Not used on non-Darwin systems
[22.662s] INFO:colcon.colcon_core.plugin_system:Skipping extension 'colcon_notification.desktop_notification.win32': Not used on non-Windows systems
[22.662s] INFO:colcon.colcon_notification.desktop_notification:Sending desktop notification using 'notify2'
[22.662s] DEBUG:colcon.colcon_notification.desktop_notification.notify2:Failed to initialize notify2: org.freedesktop.DBus.Error.FileNotFound: Failed to connect to socket /run/user/1000/bus: No such file or directory
[22.663s] DEBUG:colcon.colcon_core.event_reactor:joined thread
[22.663s] INFO:colcon.colcon_core.shell:Creating prefix script '/home/jonnydang2004/QUADRAPED/install/local_setup.ps1'
[22.665s] INFO:colcon.colcon_core.shell:Creating prefix util module '/home/jonnydang2004/QUADRAPED/install/_local_setup_util_ps1.py'
[22.669s] INFO:colcon.colcon_core.shell:Creating prefix chain script '/home/jonnydang2004/QUADRAPED/install/setup.ps1'
[22.671s] INFO:colcon.colcon_core.shell:Creating prefix script '/home/jonnydang2004/QUADRAPED/install/local_setup.sh'
[22.673s] INFO:colcon.colcon_core.shell:Creating prefix util module '/home/jonnydang2004/QUADRAPED/install/_local_setup_util_sh.py'
[22.675s] INFO:colcon.colcon_core.shell:Creating prefix chain script '/home/jonnydang2004/QUADRAPED/install/setup.sh'
[22.679s] INFO:colcon.colcon_core.shell:Creating prefix script '/home/jonnydang2004/QUADRAPED/install/local_setup.bash'
[22.680s] INFO:colcon.colcon_core.shell:Creating prefix chain script '/home/jonnydang2004/QUADRAPED/install/setup.bash'
[22.682s] INFO:colcon.colcon_core.shell:Creating prefix script '/home/jonnydang2004/QUADRAPED/install/local_setup.zsh'
[22.683s] INFO:colcon.colcon_core.shell:Creating prefix chain script '/home/jonnydang2004/QUADRAPED/install/setup.zsh'
