[1.173s] Invoking command in '/home/jonnydang2004/QUADRAPED/build/quadruped_control': AMENT_PREFIX_PATH=/home/jonnydang2004/QUADRAPED/install/quadruped_interfaces:${AMENT_PREFIX_PATH} CMAKE_PREFIX_PATH=/home/jonnydang2004/QUADRAPED/install/quadruped_interfaces:/opt/ros/iron LD_LIBRARY_PATH=/home/jonnydang2004/QUADRAPED/install/quadruped_interfaces/lib:${LD_LIBRARY_PATH} PYTHONPATH=/home/jonnydang2004/QUADRAPED/install/quadruped_interfaces/lib/python3.10/site-packages:${PYTHONPATH} /usr/bin/cmake --build /home/jonnydang2004/QUADRAPED/build/quadruped_control -- -j4 -l4
[1.398s] -- Found ament_cmake: 2.0.5 (/opt/ros/iron/share/ament_cmake/cmake)
[2.712s] -- Found rclcpp: 21.0.6 (/opt/ros/iron/share/rclcpp/cmake)
[3.175s] -- Found rosidl_generator_c: 4.0.1 (/opt/ros/iron/share/rosidl_generator_c/cmake)
[3.201s] -- Found rosidl_generator_cpp: 4.0.1 (/opt/ros/iron/share/rosidl_generator_cpp/cmake)
[3.246s] -- Using all available rosidl_typesupport_c: rosidl_typesupport_fastrtps_c;rosidl_typesupport_introspection_c
[3.308s] -- Using all available rosidl_typesupport_cpp: rosidl_typesupport_fastrtps_cpp;rosidl_typesupport_introspection_cpp
[4.082s] -- Found rmw_implementation_cmake: 7.1.0 (/opt/ros/iron/share/rmw_implementation_cmake/cmake)
[4.086s] -- Found rmw_fastrtps_cpp: 7.1.3 (/opt/ros/iron/share/rmw_fastrtps_cpp/cmake)
[23.423s] -- Using RMW implementation 'rmw_fastrtps_cpp' as default
[24.080s] -- Found quadruped_interfaces: 0.0.0 (/home/jonnydang2004/QUADRAPED/install/quadruped_interfaces/share/quadruped_interfaces/cmake)
[30.541s] [31mCMake Error at CMakeLists.txt:16 (find_package):
[30.541s]   By not providing "Findpigpio.cmake" in CMAKE_MODULE_PATH this project has
[30.542s]   asked CMake to find a package configuration file provided by "pigpio", but
[30.542s]   CMake did not find one.
[30.542s] 
[30.542s]   Could not find a package configuration file provided by "pigpio" with any
[30.542s]   of the following names:
[30.542s] 
[30.543s]     pigpioConfig.cmake
[30.543s]     pigpio-config.cmake
[30.543s] 
[30.543s]   Add the installation prefix of "pigpio" to CMAKE_PREFIX_PATH or set
[30.544s]   "pigpio_DIR" to a directory containing one of the above files.  If "pigpio"
[30.544s]   provides a separate development package or SDK, be sure it has been
[30.544s]   installed.
[30.544s] 
[30.545s] [0m
[30.545s] -- Configuring incomplete, errors occurred!
[30.545s] See also "/home/jonnydang2004/QUADRAPED/build/quadruped_control/CMakeFiles/CMakeOutput.log".
[30.569s] gmake: *** [Makefile:335: cmake_check_build_system] Error 1
[30.581s] Invoked command in '/home/jonnydang2004/QUADRAPED/build/quadruped_control' returned '2': AMENT_PREFIX_PATH=/home/jonnydang2004/QUADRAPED/install/quadruped_interfaces:${AMENT_PREFIX_PATH} CMAKE_PREFIX_PATH=/home/jonnydang2004/QUADRAPED/install/quadruped_interfaces:/opt/ros/iron LD_LIBRARY_PATH=/home/jonnydang2004/QUADRAPED/install/quadruped_interfaces/lib:${LD_LIBRARY_PATH} PYTHONPATH=/home/jonnydang2004/QUADRAPED/install/quadruped_interfaces/lib/python3.10/site-packages:${PYTHONPATH} /usr/bin/cmake --build /home/jonnydang2004/QUADRAPED/build/quadruped_control -- -j4 -l4
