[0.043s] Invoking command in '/home/jonnydang2004/QUADRAPED/build/pigpio': /usr/bin/cmake --build /home/jonnydang2004/QUADRAPED/build/pigpio -- -j4 -l4
[0.243s] [ 13%] Built target pigpiod_if
[0.264s] [ 26%] Built target pigpio
[0.274s] [ 39%] Built target pigs
[0.276s] [ 52%] Built target pigpiod_if2
[0.353s] [ 65%] Built target pig2vcd
[0.460s] [ 73%] Built target x_pigpiod_if
[0.470s] [ 82%] Built target x_pigpio
[0.498s] [ 91%] Built target x_pigpiod_if2
[0.560s] [100%] Built target pigpiod
[0.648s] Invoked command in '/home/jonnydang2004/QUADRAPED/build/pigpio' returned '0': /usr/bin/cmake --build /home/jonnydang2004/QUADRAPED/build/pigpio -- -j4 -l4
[0.844s] Invoking command in '/home/jonnydang2004/QUADRAPED/build/pigpio': /usr/bin/cmake --install /home/jonnydang2004/QUADRAPED/build/pigpio
[0.870s] [31mCMake Error at cmake_install.cmake:54 (file):
[0.870s]   file INSTALL cannot set permissions on "/opt/pigpio/cgi": Operation not
[0.870s]   permitted.
[0.871s] 
[0.871s] [0m
[0.871s] -- Install configuration: ""
[0.871s] -- Up-to-date: /opt/pigpio/cgi
[0.873s] Invoked command in '/home/jonnydang2004/QUADRAPED/build/pigpio' returned '1': /usr/bin/cmake --install /home/jonnydang2004/QUADRAPED/build/pigpio
