[01m[K/home/jonnydang2004/QUADRAPED/src/quadruped_control/src/inverse_kinematics.cpp:[m[K In member function ‘[01m[KInverseKinematics::pos InverseKinematics::getCoords(InverseKinematics::pos)[m[K’:
[01m[K/home/jonnydang2004/QUADRAPED/src/quadruped_control/src/inverse_kinematics.cpp:83:39:[m[K [01;35m[Kwarning: [m[Kvariable ‘[01m[Kbeta2[m[K’ set but not used [[01;35m[K]8;;https://gcc.gnu.org/onlinedocs/gcc/Warning-Options.html#index-Wunused-but-set-variable-Wunused-but-set-variable]8;;[m[K]
   83 |         double theta1, theta2, beta1, [01;35m[Kbeta2[m[K;
      |                                       [01;35m[K^~~~~[m[K
/usr/bin/ld: CMakeFiles/motor_config.dir/src/Servo.cpp.o: in function `Servo::Servo()':
Servo.cpp:(.text+0x1f): undefined reference to `gpioInitialise'
/usr/bin/ld: Servo.cpp:(.text+0x4d): undefined reference to `gpioSetMode'
/usr/bin/ld: Servo.cpp:(.text+0x63): undefined reference to `gpioSetPWMrange'
/usr/bin/ld: Servo.cpp:(.text+0x79): undefined reference to `gpioPWM'
/usr/bin/ld: CMakeFiles/motor_config.dir/src/Servo.cpp.o: in function `Servo::Servo(unsigned char)':
Servo.cpp:(.text+0xa7): undefined reference to `gpioInitialise'
/usr/bin/ld: Servo.cpp:(.text+0xcf): undefined reference to `gpioSetMode'
/usr/bin/ld: Servo.cpp:(.text+0xdf): undefined reference to `gpioSetPWMrange'
/usr/bin/ld: Servo.cpp:(.text+0xef): undefined reference to `gpioPWM'
/usr/bin/ld: CMakeFiles/motor_config.dir/src/Servo.cpp.o: in function `Servo::goDegree(double)':
Servo.cpp:(.text+0x15b): undefined reference to `gpioPWM'
collect2: error: ld returned 1 exit status
gmake[2]: *** [CMakeFiles/motor_config.dir/build.make:190: motor_config] Error 1
gmake[1]: *** [CMakeFiles/Makefile2:165: CMakeFiles/motor_config.dir/all] Error 2
gmake: *** [Makefile:146: all] Error 2
