-- Found ament_cmake: 2.0.5 (/opt/ros/iron/share/ament_cmake/cmake)
-- Found rclcpp: 21.0.6 (/opt/ros/iron/share/rclcpp/cmake)
-- Found rosidl_generator_c: 4.0.1 (/opt/ros/iron/share/rosidl_generator_c/cmake)
-- Found rosidl_generator_cpp: 4.0.1 (/opt/ros/iron/share/rosidl_generator_cpp/cmake)
-- Using all available rosidl_typesupport_c: rosidl_typesupport_fastrtps_c;rosidl_typesupport_introspection_c
-- Using all available rosidl_typesupport_cpp: rosidl_typesupport_fastrtps_cpp;rosidl_typesupport_introspection_cpp
-- Found rmw_implementation_cmake: 7.1.0 (/opt/ros/iron/share/rmw_implementation_cmake/cmake)
-- Found rmw_fastrtps_cpp: 7.1.3 (/opt/ros/iron/share/rmw_fastrtps_cpp/cmake)
-- Using RMW implementation 'rmw_fastrtps_cpp' as default
-- Found quadruped_interfaces: 0.0.0 (/home/jonnydang2004/QUADRAPED/install/quadruped_interfaces/share/quadruped_interfaces/cmake)
-- Found ament_lint_auto: 0.14.3 (/opt/ros/iron/share/ament_lint_auto/cmake)
-- Added test 'cppcheck' to perform static code analysis on C / C++ code
-- Configured cppcheck include dirs: 
-- Configured cppcheck exclude dirs and/or files: 
-- Added test 'flake8' to check Python code syntax and style conventions
-- Configured 'flake8' exclude dirs and/or files: 
-- Added test 'lint_cmake' to check CMake code style
-- Added test 'pep257' to check Python code against some of the docstring style conventions in PEP 257
-- Added test 'uncrustify' to check C / C++ code style
-- Configured uncrustify additional arguments: 
-- Added test 'xmllint' to check XML markup files
-- Configuring done
-- Generating done
-- Build files have been written to: /home/jonnydang2004/QUADRAPED/build/quadruped_control
[35m[1mConsolidate compiler generated dependencies of target inverse_kinematics[0m
[35m[1mConsolidate compiler generated dependencies of target motor_config[0m
[ 40%] [32mBuilding CXX object CMakeFiles/motor_config.dir/src/Servo.cpp.o[0m
[ 60%] [32mBuilding CXX object CMakeFiles/inverse_kinematics.dir/src/inverse_kinematics.cpp.o[0m
[ 60%] [32mBuilding CXX object CMakeFiles/motor_config.dir/src/motor_config.cpp.o[0m
[01m[K/home/jonnydang2004/QUADRAPED/src/quadruped_control/src/inverse_kinematics.cpp:[m[K In member function ‘[01m[KInverseKinematics::pos InverseKinematics::getCoords(InverseKinematics::pos)[m[K’:
[01m[K/home/jonnydang2004/QUADRAPED/src/quadruped_control/src/inverse_kinematics.cpp:83:39:[m[K [01;35m[Kwarning: [m[Kvariable ‘[01m[Kbeta2[m[K’ set but not used [[01;35m[K]8;;https://gcc.gnu.org/onlinedocs/gcc/Warning-Options.html#index-Wunused-but-set-variable-Wunused-but-set-variable]8;;[m[K]
   83 |         double theta1, theta2, beta1, [01;35m[Kbeta2[m[K;
      |                                       [01;35m[K^~~~~[m[K
[ 80%] [32m[1mLinking CXX executable inverse_kinematics[0m
[100%] [32m[1mLinking CXX executable motor_config[0m
[100%] Built target inverse_kinematics
/usr/bin/ld: CMakeFiles/motor_config.dir/src/Servo.cpp.o: in function `Servo::Servo()':
Servo.cpp:(.text+0x1f): undefined reference to `gpioInitialise'
/usr/bin/ld: Servo.cpp:(.text+0x4d): undefined reference to `gpioSetMode'
/usr/bin/ld: Servo.cpp:(.text+0x63): undefined reference to `gpioSetPWMrange'
/usr/bin/ld: Servo.cpp:(.text+0x79): undefined reference to `gpioPWM'
/usr/bin/ld: CMakeFiles/motor_config.dir/src/Servo.cpp.o: in function `Servo::Servo(unsigned char)':
Servo.cpp:(.text+0xa7): undefined reference to `gpioInitialise'
/usr/bin/ld: Servo.cpp:(.text+0xcf): undefined reference to `gpioSetMode'
/usr/bin/ld: Servo.cpp:(.text+0xdf): undefined reference to `gpioSetPWMrange'
/usr/bin/ld: Servo.cpp:(.text+0xef): undefined reference to `gpioPWM'
/usr/bin/ld: CMakeFiles/motor_config.dir/src/Servo.cpp.o: in function `Servo::goDegree(double)':
Servo.cpp:(.text+0x15b): undefined reference to `gpioPWM'
collect2: error: ld returned 1 exit status
gmake[2]: *** [CMakeFiles/motor_config.dir/build.make:190: motor_config] Error 1
gmake[1]: *** [CMakeFiles/Makefile2:165: CMakeFiles/motor_config.dir/all] Error 2
gmake: *** [Makefile:146: all] Error 2
