[0.436s] Invoking command in '/home/jonnydang2004/QUADRAPED/build/quadruped_control': AMENT_PREFIX_PATH=/home/jonnydang2004/QUADRAPED/install/quadruped_interfaces:${AMENT_PREFIX_PATH} CMAKE_PREFIX_PATH=/home/jonnydang2004/QUADRAPED/install/quadruped_interfaces:/opt/ros/iron LD_LIBRARY_PATH=/home/jonnydang2004/QUADRAPED/install/quadruped_interfaces/lib:${LD_LIBRARY_PATH} PYTHONPATH=/home/jonnydang2004/QUADRAPED/install/quadruped_interfaces/lib/python3.10/site-packages:${PYTHONPATH} /usr/bin/cmake --build /home/jonnydang2004/QUADRAPED/build/quadruped_control -- -j4 -l4
[0.508s] -- Found ament_cmake: 2.0.5 (/opt/ros/iron/share/ament_cmake/cmake)
[1.035s] -- Found rclcpp: 21.0.6 (/opt/ros/iron/share/rclcpp/cmake)
[1.477s] -- Found rosidl_generator_c: 4.0.1 (/opt/ros/iron/share/rosidl_generator_c/cmake)
[1.510s] -- Found rosidl_generator_cpp: 4.0.1 (/opt/ros/iron/share/rosidl_generator_cpp/cmake)
[1.561s] -- Using all available rosidl_typesupport_c: rosidl_typesupport_fastrtps_c;rosidl_typesupport_introspection_c
[1.629s] -- Using all available rosidl_typesupport_cpp: rosidl_typesupport_fastrtps_cpp;rosidl_typesupport_introspection_cpp
[2.367s] -- Found rmw_implementation_cmake: 7.1.0 (/opt/ros/iron/share/rmw_implementation_cmake/cmake)
[2.372s] -- Found rmw_fastrtps_cpp: 7.1.3 (/opt/ros/iron/share/rmw_fastrtps_cpp/cmake)
[30.009s] -- Using RMW implementation 'rmw_fastrtps_cpp' as default
[32.582s] -- Found quadruped_interfaces: 0.0.0 (/home/jonnydang2004/QUADRAPED/install/quadruped_interfaces/share/quadruped_interfaces/cmake)
[32.764s] -- Found ament_lint_auto: 0.14.3 (/opt/ros/iron/share/ament_lint_auto/cmake)
[33.385s] -- Added test 'cppcheck' to perform static code analysis on C / C++ code
[33.385s] -- Configured cppcheck include dirs: 
[33.386s] -- Configured cppcheck exclude dirs and/or files: 
[33.387s] -- Added test 'flake8' to check Python code syntax and style conventions
[33.388s] -- Configured 'flake8' exclude dirs and/or files: 
[33.398s] -- Added test 'lint_cmake' to check CMake code style
[33.399s] -- Added test 'pep257' to check Python code against some of the docstring style conventions in PEP 257
[33.414s] -- Added test 'uncrustify' to check C / C++ code style
[33.415s] -- Configured uncrustify additional arguments: 
[33.416s] -- Added test 'xmllint' to check XML markup files
[33.439s] -- Configuring done
[33.578s] -- Generating done
[33.628s] -- Build files have been written to: /home/jonnydang2004/QUADRAPED/build/quadruped_control
[33.893s] [35m[1mConsolidate compiler generated dependencies of target inverse_kinematics[0m
[33.928s] [35m[1mConsolidate compiler generated dependencies of target motor_config[0m
[34.124s] [ 40%] [32mBuilding CXX object CMakeFiles/motor_config.dir/src/Servo.cpp.o[0m
[34.130s] [ 60%] [32mBuilding CXX object CMakeFiles/inverse_kinematics.dir/src/inverse_kinematics.cpp.o[0m
[34.137s] [ 60%] [32mBuilding CXX object CMakeFiles/motor_config.dir/src/motor_config.cpp.o[0m
[55.814s] [01m[K/home/jonnydang2004/QUADRAPED/src/quadruped_control/src/inverse_kinematics.cpp:[m[K In member function ‘[01m[KInverseKinematics::pos InverseKinematics::getCoords(InverseKinematics::pos)[m[K’:
[55.814s] [01m[K/home/jonnydang2004/QUADRAPED/src/quadruped_control/src/inverse_kinematics.cpp:83:39:[m[K [01;35m[Kwarning: [m[Kvariable ‘[01m[Kbeta2[m[K’ set but not used [[01;35m[K]8;;https://gcc.gnu.org/onlinedocs/gcc/Warning-Options.html#index-Wunused-but-set-variable-Wunused-but-set-variable]8;;[m[K]
[55.814s]    83 |         double theta1, theta2, beta1, [01;35m[Kbeta2[m[K;
[55.815s]       |                                       [01;35m[K^~~~~[m[K
[89.608s] [ 80%] [32m[1mLinking CXX executable inverse_kinematics[0m
[92.172s] [100%] [32m[1mLinking CXX executable motor_config[0m
[92.821s] [100%] Built target inverse_kinematics
[94.237s] /usr/bin/ld: CMakeFiles/motor_config.dir/src/Servo.cpp.o: in function `Servo::Servo()':
[94.239s] Servo.cpp:(.text+0x1f): undefined reference to `gpioInitialise'
[94.239s] /usr/bin/ld: Servo.cpp:(.text+0x4d): undefined reference to `gpioSetMode'
[94.240s] /usr/bin/ld: Servo.cpp:(.text+0x63): undefined reference to `gpioSetPWMrange'
[94.243s] /usr/bin/ld: Servo.cpp:(.text+0x79): undefined reference to `gpioPWM'
[94.244s] /usr/bin/ld: CMakeFiles/motor_config.dir/src/Servo.cpp.o: in function `Servo::Servo(unsigned char)':
[94.244s] Servo.cpp:(.text+0xa7): undefined reference to `gpioInitialise'
[94.245s] /usr/bin/ld: Servo.cpp:(.text+0xcf): undefined reference to `gpioSetMode'
[94.246s] /usr/bin/ld: Servo.cpp:(.text+0xdf): undefined reference to `gpioSetPWMrange'
[94.246s] /usr/bin/ld: Servo.cpp:(.text+0xef): undefined reference to `gpioPWM'
[94.246s] /usr/bin/ld: CMakeFiles/motor_config.dir/src/Servo.cpp.o: in function `Servo::goDegree(double)':
[94.246s] Servo.cpp:(.text+0x15b): undefined reference to `gpioPWM'
[94.314s] collect2: error: ld returned 1 exit status
[94.321s] gmake[2]: *** [CMakeFiles/motor_config.dir/build.make:190: motor_config] Error 1
[94.325s] gmake[1]: *** [CMakeFiles/Makefile2:165: CMakeFiles/motor_config.dir/all] Error 2
[94.330s] gmake: *** [Makefile:146: all] Error 2
[94.337s] Invoked command in '/home/jonnydang2004/QUADRAPED/build/quadruped_control' returned '2': AMENT_PREFIX_PATH=/home/jonnydang2004/QUADRAPED/install/quadruped_interfaces:${AMENT_PREFIX_PATH} CMAKE_PREFIX_PATH=/home/jonnydang2004/QUADRAPED/install/quadruped_interfaces:/opt/ros/iron LD_LIBRARY_PATH=/home/jonnydang2004/QUADRAPED/install/quadruped_interfaces/lib:${LD_LIBRARY_PATH} PYTHONPATH=/home/jonnydang2004/QUADRAPED/install/quadruped_interfaces/lib/python3.10/site-packages:${PYTHONPATH} /usr/bin/cmake --build /home/jonnydang2004/QUADRAPED/build/quadruped_control -- -j4 -l4
