[0.480s] Invoking command in '/home/jonnydang2004/QUADRAPED/build/quadruped_control': AMENT_PREFIX_PATH=/home/jonnydang2004/QUADRAPED/install/quadruped_interfaces:${AMENT_PREFIX_PATH} CMAKE_PREFIX_PATH=/home/jonnydang2004/QUADRAPED/install/quadruped_interfaces:/opt/ros/iron LD_LIBRARY_PATH=/home/jonnydang2004/QUADRAPED/install/quadruped_interfaces/lib:${LD_LIBRARY_PATH} PYTHONPATH=/home/jonnydang2004/QUADRAPED/install/quadruped_interfaces/lib/python3.10/site-packages:${PYTHONPATH} /usr/bin/cmake --build /home/jonnydang2004/QUADRAPED/build/quadruped_control -- -j4 -l4
[0.572s] -- Found ament_cmake: 2.0.5 (/opt/ros/iron/share/ament_cmake/cmake)
[0.936s] -- Found rclcpp: 21.0.6 (/opt/ros/iron/share/rclcpp/cmake)
[1.226s] -- Found rosidl_generator_c: 4.0.1 (/opt/ros/iron/share/rosidl_generator_c/cmake)
[1.255s] -- Found rosidl_generator_cpp: 4.0.1 (/opt/ros/iron/share/rosidl_generator_cpp/cmake)
[1.287s] -- Using all available rosidl_typesupport_c: rosidl_typesupport_fastrtps_c;rosidl_typesupport_introspection_c
[1.335s] -- Using all available rosidl_typesupport_cpp: rosidl_typesupport_fastrtps_cpp;rosidl_typesupport_introspection_cpp
[1.722s] -- Found rmw_implementation_cmake: 7.1.0 (/opt/ros/iron/share/rmw_implementation_cmake/cmake)
[1.725s] -- Found rmw_fastrtps_cpp: 7.1.3 (/opt/ros/iron/share/rmw_fastrtps_cpp/cmake)
[11.563s] -- Using RMW implementation 'rmw_fastrtps_cpp' as default
[11.846s] -- Found rclpy: 4.1.5 (/opt/ros/iron/share/rclpy/cmake)
[11.846s] -- Found quadruped_interfaces: 0.0.0 (/home/jonnydang2004/QUADRAPED/install/quadruped_interfaces/share/quadruped_interfaces/cmake)
[11.972s] [31mCMake Error at /opt/ros/iron/share/ament_cmake_python/cmake/ament_python_install_package.cmake:66 (message):
[11.972s]   ament_python_install_package() the Python package folder
[11.972s]   '/home/jonnydang2004/QUADRAPED/src/quadruped_control/quadruped_control'
[11.973s]   doesn't contain an '__init__.py' file
[11.973s] Call Stack (most recent call first):
[11.973s]   /opt/ros/iron/share/ament_cmake_python/cmake/ament_python_install_package.cmake:39 (_ament_cmake_python_install_package)
[11.973s]   CMakeLists.txt:36 (ament_python_install_package)
[11.973s] 
[11.973s] [0m
[11.974s] -- Configuring incomplete, errors occurred!
[11.974s] See also "/home/jonnydang2004/QUADRAPED/build/quadruped_control/CMakeFiles/CMakeOutput.log".
[11.983s] gmake: *** [Makefile:308: cmake_check_build_system] Error 1
[11.991s] Invoked command in '/home/jonnydang2004/QUADRAPED/build/quadruped_control' returned '2': AMENT_PREFIX_PATH=/home/jonnydang2004/QUADRAPED/install/quadruped_interfaces:${AMENT_PREFIX_PATH} CMAKE_PREFIX_PATH=/home/jonnydang2004/QUADRAPED/install/quadruped_interfaces:/opt/ros/iron LD_LIBRARY_PATH=/home/jonnydang2004/QUADRAPED/install/quadruped_interfaces/lib:${LD_LIBRARY_PATH} PYTHONPATH=/home/jonnydang2004/QUADRAPED/install/quadruped_interfaces/lib/python3.10/site-packages:${PYTHONPATH} /usr/bin/cmake --build /home/jonnydang2004/QUADRAPED/build/quadruped_control -- -j4 -l4
