[0.373s] Invoking command in '/home/jonnydang2004/QUADRAPED/build/quadruped_control': AMENT_PREFIX_PATH=/home/jonnydang2004/QUADRAPED/install/quadruped_interfaces:${AMENT_PREFIX_PATH} CMAKE_PREFIX_PATH=/home/jonnydang2004/QUADRAPED/install/quadruped_interfaces:/opt/ros/iron LD_LIBRARY_PATH=/home/jonnydang2004/QUADRAPED/install/quadruped_interfaces/lib:${LD_LIBRARY_PATH} PYTHONPATH=/home/jonnydang2004/QUADRAPED/install/quadruped_interfaces/lib/python3.10/site-packages:${PYTHONPATH} /usr/bin/cmake --build /home/jonnydang2004/QUADRAPED/build/quadruped_control -- -j4 -l4
[0.450s] -- Found ament_cmake: 2.0.5 (/opt/ros/iron/share/ament_cmake/cmake)
[0.858s] -- Found rclcpp: 21.0.6 (/opt/ros/iron/share/rclcpp/cmake)
[1.151s] -- Found rosidl_generator_c: 4.0.1 (/opt/ros/iron/share/rosidl_generator_c/cmake)
[1.173s] -- Found rosidl_generator_cpp: 4.0.1 (/opt/ros/iron/share/rosidl_generator_cpp/cmake)
[1.209s] -- Using all available rosidl_typesupport_c: rosidl_typesupport_fastrtps_c;rosidl_typesupport_introspection_c
[1.255s] -- Using all available rosidl_typesupport_cpp: rosidl_typesupport_fastrtps_cpp;rosidl_typesupport_introspection_cpp
[1.681s] -- Found rmw_implementation_cmake: 7.1.0 (/opt/ros/iron/share/rmw_implementation_cmake/cmake)
[1.684s] -- Found rmw_fastrtps_cpp: 7.1.3 (/opt/ros/iron/share/rmw_fastrtps_cpp/cmake)
[11.619s] -- Using RMW implementation 'rmw_fastrtps_cpp' as default
[11.982s] -- Found rclpy: 4.1.5 (/opt/ros/iron/share/rclpy/cmake)
[11.982s] -- Found quadruped_interfaces: 0.0.0 (/home/jonnydang2004/QUADRAPED/install/quadruped_interfaces/share/quadruped_interfaces/cmake)
[12.036s] -- Found std_msgs: 5.0.0 (/opt/ros/iron/share/std_msgs/cmake)
[12.134s] -- Found ament_lint_auto: 0.14.3 (/opt/ros/iron/share/ament_lint_auto/cmake)
[12.261s] -- Added test 'cppcheck' to perform static code analysis on C / C++ code
[12.261s] -- Configured cppcheck include dirs: /home/jonnydang2004/QUADRAPED/src/quadruped_control/include
[12.261s] -- Configured cppcheck exclude dirs and/or files: 
[12.262s] -- Added test 'flake8' to check Python code syntax and style conventions
[12.264s] -- Configured 'flake8' exclude dirs and/or files: 
[12.265s] -- Added test 'lint_cmake' to check CMake code style
[12.266s] -- Added test 'pep257' to check Python code against some of the docstring style conventions in PEP 257
[12.267s] -- Added test 'uncrustify' to check C / C++ code style
[12.268s] -- Configured uncrustify additional arguments: 
[12.270s] -- Added test 'xmllint' to check XML markup files
[12.271s] -- Configuring done
[12.299s] -- Generating done
[12.306s] -- Build files have been written to: /home/jonnydang2004/QUADRAPED/build/quadruped_control
[12.356s] [35m[1mConsolidate compiler generated dependencies of target inverse_kinematics[0m
[12.357s] [35m[1mConsolidate compiler generated dependencies of target motor_config[0m
[12.409s] [ 50%] Built target inverse_kinematics
[12.411s] [ 75%] [32mBuilding CXX object CMakeFiles/motor_config.dir/src/motor_config.cpp.o[0m
[18.688s] [01m[K/home/jonnydang2004/QUADRAPED/src/quadruped_control/src/motor_config.cpp:141:5:[m[K [01;31m[Kerror: [m[K‘[01m[KServo[m[K’ does not name a type
[18.688s]   141 |     [01;31m[KServo[m[K front_left_upper_servo, front_left_lower_servo;
[18.688s]       |     [01;31m[K^~~~~[m[K
[18.691s] [01m[K/home/jonnydang2004/QUADRAPED/src/quadruped_control/src/motor_config.cpp:142:5:[m[K [01;31m[Kerror: [m[K‘[01m[KServo[m[K’ does not name a type
[18.691s]   142 |     [01;31m[KServo[m[K front_right_upper_servo, front_right_lower_servo;
[18.692s]       |     [01;31m[K^~~~~[m[K
[18.697s] [01m[K/home/jonnydang2004/QUADRAPED/src/quadruped_control/src/motor_config.cpp:143:5:[m[K [01;31m[Kerror: [m[K‘[01m[KServo[m[K’ does not name a type
[18.697s]   143 |     [01;31m[KServo[m[K back_left_upper_servo, back_left_lower_servo;
[18.697s]       |     [01;31m[K^~~~~[m[K
[18.702s] [01m[K/home/jonnydang2004/QUADRAPED/src/quadruped_control/src/motor_config.cpp:144:5:[m[K [01;31m[Kerror: [m[K‘[01m[KServo[m[K’ does not name a type
[18.703s]   144 |     [01;31m[KServo[m[K back_right_upper_servo, back_right_lower_servo;
[18.703s]       |     [01;31m[K^~~~~[m[K
[25.466s] gmake[2]: *** [CMakeFiles/motor_config.dir/build.make:76: CMakeFiles/motor_config.dir/src/motor_config.cpp.o] Error 1
[25.467s] gmake[1]: *** [CMakeFiles/Makefile2:165: CMakeFiles/motor_config.dir/all] Error 2
[25.468s] gmake: *** [Makefile:146: all] Error 2
[25.473s] Invoked command in '/home/jonnydang2004/QUADRAPED/build/quadruped_control' returned '2': AMENT_PREFIX_PATH=/home/jonnydang2004/QUADRAPED/install/quadruped_interfaces:${AMENT_PREFIX_PATH} CMAKE_PREFIX_PATH=/home/jonnydang2004/QUADRAPED/install/quadruped_interfaces:/opt/ros/iron LD_LIBRARY_PATH=/home/jonnydang2004/QUADRAPED/install/quadruped_interfaces/lib:${LD_LIBRARY_PATH} PYTHONPATH=/home/jonnydang2004/QUADRAPED/install/quadruped_interfaces/lib/python3.10/site-packages:${PYTHONPATH} /usr/bin/cmake --build /home/jonnydang2004/QUADRAPED/build/quadruped_control -- -j4 -l4
